Archive member included to satisfy reference by file (symbol)

C:/ST/STM32CubeIDE_1.17.0/STM32CubeIDE/plugins/com.st.stm32cube.ide.mcu.externaltools.gnu-tools-for-stm32.12.3.rel1.win32_1.1.0.202410251130/tools/bin/../lib/gcc/arm-none-eabi/12.3.1/../../../../arm-none-eabi/lib/thumb/v7e-m+fp/hard\libc_nano.a(libc_a-exit.o)
                              C:/ST/STM32CubeIDE_1.17.0/STM32CubeIDE/plugins/com.st.stm32cube.ide.mcu.externaltools.gnu-tools-for-stm32.12.3.rel1.win32_1.1.0.202410251130/tools/bin/../lib/gcc/arm-none-eabi/12.3.1/../../../../arm-none-eabi/lib/thumb/v7e-m+fp/hard/crt0.o (exit)
C:/ST/STM32CubeIDE_1.17.0/STM32CubeIDE/plugins/com.st.stm32cube.ide.mcu.externaltools.gnu-tools-for-stm32.12.3.rel1.win32_1.1.0.202410251130/tools/bin/../lib/gcc/arm-none-eabi/12.3.1/../../../../arm-none-eabi/lib/thumb/v7e-m+fp/hard\libc_nano.a(libc_a-findfp.o)
                              C:/ST/STM32CubeIDE_1.17.0/STM32CubeIDE/plugins/com.st.stm32cube.ide.mcu.externaltools.gnu-tools-for-stm32.12.3.rel1.win32_1.1.0.202410251130/tools/bin/../lib/gcc/arm-none-eabi/12.3.1/../../../../arm-none-eabi/lib/thumb/v7e-m+fp/hard\libc_nano.a(libc_a-exit.o) (__stdio_exit_handler)
C:/ST/STM32CubeIDE_1.17.0/STM32CubeIDE/plugins/com.st.stm32cube.ide.mcu.externaltools.gnu-tools-for-stm32.12.3.rel1.win32_1.1.0.202410251130/tools/bin/../lib/gcc/arm-none-eabi/12.3.1/../../../../arm-none-eabi/lib/thumb/v7e-m+fp/hard\libc_nano.a(libc_a-fwalk.o)
                              C:/ST/STM32CubeIDE_1.17.0/STM32CubeIDE/plugins/com.st.stm32cube.ide.mcu.externaltools.gnu-tools-for-stm32.12.3.rel1.win32_1.1.0.202410251130/tools/bin/../lib/gcc/arm-none-eabi/12.3.1/../../../../arm-none-eabi/lib/thumb/v7e-m+fp/hard\libc_nano.a(libc_a-findfp.o) (_fwalk_sglue)
C:/ST/STM32CubeIDE_1.17.0/STM32CubeIDE/plugins/com.st.stm32cube.ide.mcu.externaltools.gnu-tools-for-stm32.12.3.rel1.win32_1.1.0.202410251130/tools/bin/../lib/gcc/arm-none-eabi/12.3.1/../../../../arm-none-eabi/lib/thumb/v7e-m+fp/hard\libc_nano.a(libc_a-sprintf.o)
                              ./Core/Src/ApplicationCode.o (sprintf)
C:/ST/STM32CubeIDE_1.17.0/STM32CubeIDE/plugins/com.st.stm32cube.ide.mcu.externaltools.gnu-tools-for-stm32.12.3.rel1.win32_1.1.0.202410251130/tools/bin/../lib/gcc/arm-none-eabi/12.3.1/../../../../arm-none-eabi/lib/thumb/v7e-m+fp/hard\libc_nano.a(libc_a-stdio.o)
                              C:/ST/STM32CubeIDE_1.17.0/STM32CubeIDE/plugins/com.st.stm32cube.ide.mcu.externaltools.gnu-tools-for-stm32.12.3.rel1.win32_1.1.0.202410251130/tools/bin/../lib/gcc/arm-none-eabi/12.3.1/../../../../arm-none-eabi/lib/thumb/v7e-m+fp/hard\libc_nano.a(libc_a-findfp.o) (__sread)
C:/ST/STM32CubeIDE_1.17.0/STM32CubeIDE/plugins/com.st.stm32cube.ide.mcu.externaltools.gnu-tools-for-stm32.12.3.rel1.win32_1.1.0.202410251130/tools/bin/../lib/gcc/arm-none-eabi/12.3.1/../../../../arm-none-eabi/lib/thumb/v7e-m+fp/hard\libc_nano.a(libc_a-memset.o)
                              C:/ST/STM32CubeIDE_1.17.0/STM32CubeIDE/plugins/com.st.stm32cube.ide.mcu.externaltools.gnu-tools-for-stm32.12.3.rel1.win32_1.1.0.202410251130/tools/bin/../lib/gcc/arm-none-eabi/12.3.1/../../../../arm-none-eabi/lib/thumb/v7e-m+fp/hard/crt0.o (memset)
C:/ST/STM32CubeIDE_1.17.0/STM32CubeIDE/plugins/com.st.stm32cube.ide.mcu.externaltools.gnu-tools-for-stm32.12.3.rel1.win32_1.1.0.202410251130/tools/bin/../lib/gcc/arm-none-eabi/12.3.1/../../../../arm-none-eabi/lib/thumb/v7e-m+fp/hard\libc_nano.a(libc_a-closer.o)
                              C:/ST/STM32CubeIDE_1.17.0/STM32CubeIDE/plugins/com.st.stm32cube.ide.mcu.externaltools.gnu-tools-for-stm32.12.3.rel1.win32_1.1.0.202410251130/tools/bin/../lib/gcc/arm-none-eabi/12.3.1/../../../../arm-none-eabi/lib/thumb/v7e-m+fp/hard\libc_nano.a(libc_a-stdio.o) (_close_r)
C:/ST/STM32CubeIDE_1.17.0/STM32CubeIDE/plugins/com.st.stm32cube.ide.mcu.externaltools.gnu-tools-for-stm32.12.3.rel1.win32_1.1.0.202410251130/tools/bin/../lib/gcc/arm-none-eabi/12.3.1/../../../../arm-none-eabi/lib/thumb/v7e-m+fp/hard\libc_nano.a(libc_a-reent.o)
                              C:/ST/STM32CubeIDE_1.17.0/STM32CubeIDE/plugins/com.st.stm32cube.ide.mcu.externaltools.gnu-tools-for-stm32.12.3.rel1.win32_1.1.0.202410251130/tools/bin/../lib/gcc/arm-none-eabi/12.3.1/../../../../arm-none-eabi/lib/thumb/v7e-m+fp/hard\libc_nano.a(libc_a-closer.o) (errno)
C:/ST/STM32CubeIDE_1.17.0/STM32CubeIDE/plugins/com.st.stm32cube.ide.mcu.externaltools.gnu-tools-for-stm32.12.3.rel1.win32_1.1.0.202410251130/tools/bin/../lib/gcc/arm-none-eabi/12.3.1/../../../../arm-none-eabi/lib/thumb/v7e-m+fp/hard\libc_nano.a(libc_a-impure.o)
                              C:/ST/STM32CubeIDE_1.17.0/STM32CubeIDE/plugins/com.st.stm32cube.ide.mcu.externaltools.gnu-tools-for-stm32.12.3.rel1.win32_1.1.0.202410251130/tools/bin/../lib/gcc/arm-none-eabi/12.3.1/../../../../arm-none-eabi/lib/thumb/v7e-m+fp/hard\libc_nano.a(libc_a-sprintf.o) (_impure_ptr)
[...]
Memory Configuration

Name             Origin             Length             Attributes
CCMRAM           0x10000000         0x00010000         xrw
RAM              0x20000000         0x00030000         xrw
FLASH            0x08000000         0x00200000         xr
*default*        0x00000000         0xffffffff

Linker script and memory map

LOAD C:/ST/STM32CubeIDE_1.17.0/STM32CubeIDE/plugins/com.st.stm32cube.ide.mcu.externaltools.gnu-tools-for-stm32.12.3.rel1.win32_1.1.0.202410251130/tools/bin/../lib/gcc/arm-none-eabi/12.3.1/thumb/v7e-m+fp/hard/crti.o
LOAD C:/ST/STM32CubeIDE_1.17.0/STM32CubeIDE/plugins/com.st.stm32cube.ide.mcu.externaltools.gnu-tools-for-stm32.12.3.rel1.win32_1.1.0.202410251130/tools/bin/../lib/gcc/arm-none-eabi/12.3.1/thumb/v7e-m+fp/hard/crtbegin.o
LOAD C:/ST/STM32CubeIDE_1.17.0/STM32CubeIDE/plugins/com.st.stm32cube.ide.mcu.externaltools.gnu-tools-for-stm32.12.3.rel1.win32_1.1.0.202410251130/tools/bin/../lib/gcc/arm-none-eabi/12.3.1/../../../../arm-none-eabi/lib/thumb/v7e-m+fp/hard/crt0.o
LOAD ./Core/Src/ApplicationCode.o
LOAD ./Core/Src/Button_Driver.o
LOAD ./Core/Src/InterruptControl.o
LOAD ./Core/Src/LCD_Driver.o
LOAD ./Core/Src/Scheduler.o
LOAD ./Core/Src/fonts.o
LOAD ./Core/Src/ili9341.o
LOAD ./Core/Src/main.o
LOAD ./Core/Src/stm32f4xx_hal_msp.o
LOAD ./Core/Src/stm32f4xx_it.o
LOAD ./Core/Src/stmpe811.o
LOAD ./Core/Src/syscalls.o
LOAD ./Core/Src/sysmem.o
LOAD ./Core/Src/system_stm32f4xx.o
LOAD ./Core/Startup/startup_stm32f429zitx.o
LOAD ./Drivers/STM32F4xx_HAL_Driver/Src/stm32f4xx_hal.o
LOAD ./Drivers/STM32F4xx_HAL_Driver/Src/stm32f4xx_hal_cortex.o
LOAD ./Drivers/STM32F4xx_HAL_Driver/Src/stm32f4xx_hal_dma.o
LOAD ./Drivers/STM32F4xx_HAL_Driver/Src/stm32f4xx_hal_dma_ex.o
LOAD ./Drivers/STM32F4xx_HAL_Driver/Src/stm32f4xx_hal_dsi.o
LOAD ./Drivers/STM32F4xx_HAL_Driver/Src/stm32f4xx_hal_exti.o
LOAD ./Drivers/STM32F4xx_HAL_Driver/Src/stm32f4xx_hal_flash.o
LOAD ./Drivers/STM32F4xx_HAL_Driver/Src/stm32f4xx_hal_flash_ex.o
LOAD ./Drivers/STM32F4xx_HAL_Driver/Src/stm32f4xx_hal_flash_ramfunc.o
LOAD ./Drivers/STM32F4xx_HAL_Driver/Src/stm32f4xx_hal_gpio.o
LOAD ./Drivers/STM32F4xx_HAL_Driver/Src/stm32f4xx_hal_i2c.o
LOAD ./Drivers/STM32F4xx_HAL_Driver/Src/stm32f4xx_hal_i2c_ex.o
LOAD ./Drivers/STM32F4xx_HAL_Driver/Src/stm32f4xx_hal_ltdc.o
LOAD ./Drivers/STM32F4xx_HAL_Driver/Src/stm32f4xx_hal_ltdc_ex.o
LOAD ./Drivers/STM32F4xx_HAL_Driver/Src/stm32f4xx_hal_pwr.o
LOAD ./Drivers/STM32F4xx_HAL_Driver/Src/stm32f4xx_hal_pwr_ex.o
LOAD ./Drivers/STM32F4xx_HAL_Driver/Src/stm32f4xx_hal_rcc.o
LOAD ./Drivers/STM32F4xx_HAL_Driver/Src/stm32f4xx_hal_rcc_ex.o
LOAD ./Drivers/STM32F4xx_HAL_Driver/Src/stm32f4xx_hal_rng.o
LOAD ./Drivers/STM32F4xx_HAL_Driver/Src/stm32f4xx_hal_spi.o
LOAD ./Drivers/STM32F4xx_HAL_Driver/Src/stm32f4xx_hal_tim.o
LOAD ./Drivers/STM32F4xx_HAL_Driver/Src/stm32f4xx_hal_tim_ex.o
START GROUP
LOAD C:/ST/STM32CubeIDE_1.17.0/STM32CubeIDE/plugins/com.st.stm32cube.ide.mcu.externaltools.gnu-tools-for-stm32.12.3.rel1.win32_1.1.0.202410251130/tools/bin/../lib/gcc/arm-none-eabi/12.3.1/../../../../arm-none-eabi/lib/thumb/v7e-m+fp/hard\libc_nano.a
LOAD C:/ST/STM32CubeIDE_1.17.0/STM32CubeIDE/plugins/com.st.stm32cube.ide.mcu.externaltools.gnu-tools-for-stm32.12.3.rel1.win32_1.1.0.202410251130/tools/bin/../lib/gcc/arm-none-eabi/12.3.1/../../../../arm-none-eabi/lib/thumb/v7e-m+fp/hard\libm.a
END GROUP
START GROUP
LOAD C:/ST/STM32CubeIDE_1.17.0/STM32CubeIDE/plugins/com.st.stm32cube.ide.mcu.externaltools.gnu-tools-for-stm32.12.3.rel1.win32_1.1.0.202410251130/tools/bin/../lib/gcc/arm-none-eabi/12.3.1/thumb/v7e-m+fp/hard\libgcc.a
LOAD C:/ST/STM32CubeIDE_1.17.0/STM32CubeIDE/plugins/com.st.stm32cube.ide.mcu.externaltools.gnu-tools-for-stm32.12.3.rel1.win32_1.1.0.202410251130/tools/bin/../lib/gcc/arm-none-eabi/12.3.1/../../../../arm-none-eabi/lib/thumb/v7e-m+fp/hard\libc_nano.a
END GROUP
START GROUP
LOAD C:/ST/STM32CubeIDE_1.17.0/STM32CubeIDE/plugins/com.st.stm32cube.ide.mcu.externaltools.gnu-tools-for-stm32.12.3.rel1.win32_1.1.0.202410251130/tools/bin/../lib/gcc/arm-none-eabi/12.3.1/thumb/v7e-m+fp/hard\libgcc.a
LOAD C:/ST/STM32CubeIDE_1.17.0/STM32CubeIDE/plugins/com.st.stm32cube.ide.mcu.externaltools.gnu-tools-for-stm32.12.3.rel1.win32_1.1.0.202410251130/tools/bin/../lib/gcc/arm-none-eabi/12.3.1/../../../../arm-none-eabi/lib/thumb/v7e-m+fp/hard\libc_nano.a
LOAD C:/ST/STM32CubeIDE_1.17.0/STM32CubeIDE/plugins/com.st.stm32cube.ide.mcu.externaltools.gnu-tools-for-stm32.12.3.rel1.win32_1.1.0.202410251130/tools/bin/../lib/gcc/arm-none-eabi/12.3.1/../../../../arm-none-eabi/lib/thumb/v7e-m+fp/hard\libnosys.a
END GROUP
START GROUP
LOAD C:/ST/STM32CubeIDE_1.17.0/STM32CubeIDE/plugins/com.st.stm32cube.ide.mcu.externaltools.gnu-tools-for-stm32.12.3.rel1.win32_1.1.0.202410251130/tools/bin/../lib/gcc/arm-none-eabi/12.3.1/thumb/v7e-m+fp/hard\libgcc.a
LOAD C:/ST/STM32CubeIDE_1.17.0/STM32CubeIDE/plugins/com.st.stm32cube.ide.mcu.externaltools.gnu-tools-for-stm32.12.3.rel1.win32_1.1.0.202410251130/tools/bin/../lib/gcc/arm-none-eabi/12.3.1/../../../../arm-none-eabi/lib/thumb/v7e-m+fp/hard\libc_nano.a
LOAD C:/ST/STM32CubeIDE_1.17.0/STM32CubeIDE/plugins/com.st.stm32cube.ide.mcu.externaltools.gnu-tools-for-stm32.12.3.rel1.win32_1.1.0.202410251130/tools/bin/../lib/gcc/arm-none-eabi/12.3.1/../../../../arm-none-eabi/lib/thumb/v7e-m+fp/hard\libnosys.a
END GROUP
LOAD C:/ST/STM32CubeIDE_1.17.0/STM32CubeIDE/plugins/com.st.stm32cube.ide.mcu.externaltools.gnu-tools-for-stm32.12.3.rel1.win32_1.1.0.202410251130/tools/bin/../lib/gcc/arm-none-eabi/12.3.1/thumb/v7e-m+fp/hard/crtend.o
LOAD C:/ST/STM32CubeIDE_1.17.0/STM32CubeIDE/plugins/com.st.stm32cube.ide.mcu.externaltools.gnu-tools-for-stm32.12.3.rel1.win32_1.1.0.202410251130/tools/bin/../lib/gcc/arm-none-eabi/12.3.1/thumb/v7e-m+fp/hard/crtn.o
                0x20030000                        _estack = (ORIGIN (RAM) + LENGTH (RAM))
                0x00000200                        _Min_Heap_Size = 0x200
                0x00000400                        _Min_Stack_Size = 0x400

.isr_vector     0x08000000      0x1ac
                0x08000000                        . = ALIGN (0x4)
 *(.isr_vector)
 .isr_vector    0x08000000      0x1ac ./Core/Startup/startup_stm32f429zitx.o
                0x08000000                g_pfnVectors
                0x080001ac                        . = ALIGN (0x4)

.text           0x080001b0     0x72d8
                0x080001b0                        . = ALIGN (0x4)
 *(.text)
 .text          0x080001b0       0x40 C:/ST/STM32CubeIDE_1.17.0/STM32CubeIDE/plugins/com.st.stm32cube.ide.mcu.externaltools.gnu-tools-for-stm32.12.3.rel1.win32_1.1.0.202410251130/tools/bin/../lib/gcc/arm-none-eabi/12.3.1/thumb/v7e-m+fp/hard/crtbegin.o
 .text          0x080001f0       0xa0 C:/ST/STM32CubeIDE_1.17.0/STM32CubeIDE/plugins/com.st.stm32cube.ide.mcu.externaltools.gnu-tools-for-stm32.12.3.rel1.win32_1.1.0.202410251130/tools/bin/../lib/gcc/arm-none-eabi/12.3.1/../../../../arm-none-eabi/lib/thumb/v7e-m+fp/hard\libc_nano.a(libc_a-memchr.o)
                0x080001f0                memchr
 .text          0x08000290       0x30 C:/ST/STM32CubeIDE_1.17.0/STM32CubeIDE/plugins/com.st.stm32cube.ide.mcu.externaltools.gnu-tools-for-stm32.12.3.rel1.win32_1.1.0.202410251130/tools/bin/../lib/gcc/arm-none-eabi/12.3.1/thumb/v7e-m+fp/hard\libgcc.a(_aeabi_uldivmod.o)
                0x08000290                __aeabi_uldivmod
 .text          0x080002c0      0x2bc C:/ST/STM32CubeIDE_1.17.0/STM32CubeIDE/plugins/com.st.stm32cube.ide.mcu.externaltools.gnu-tools-for-stm32.12.3.rel1.win32_1.1.0.202410251130/tools/bin/../lib/gcc/arm-none-eabi/12.3.1/thumb/v7e-m+fp/hard\libgcc.a(_udivmoddi4.o)
                0x080002c0                __udivmoddi4
 .text          0x0800057c        0x4 C:/ST/STM32CubeIDE_1.17.0/STM32CubeIDE/plugins/com.st.stm32cube.ide.mcu.externaltools.gnu-tools-for-stm32.12.3.rel1.win32_1.1.0.202410251130/tools/bin/../lib/gcc/arm-none-eabi/12.3.1/thumb/v7e-m+fp/hard\libgcc.a(_dvmd_tls.o)
                0x0800057c                __aeabi_idiv0
                0x0800057c                __aeabi_ldiv0
 *(.text*)
 .text.ApplicationInit
                0x08000580       0x38 ./Core/Src/ApplicationCode.o
                0x08000580                ApplicationInit
 .text.RNG_Init
                0x080005b8       0x1c ./Core/Src/ApplicationCode.o
                0x080005b8                RNG_Init
 .text.displayTime
                0x080005d4      0x2b0 ./Core/Src/ApplicationCode.o
                0x080005d4                displayTime
 .text.game_init
                0x08000884       0x68 ./Core/Src/ApplicationCode.o
                0x08000884                game_init
 .text.update_game_board
                0x080008ec       0xd8 ./Core/Src/ApplicationCode.o
                0x080008ec                update_game_board
 .text.check_for_win
                0x080009c4      0x35c ./Core/Src/ApplicationCode.o
                0x080009c4                check_for_win
 .text.onePlayerMode
                0x08000d20       0x90 ./Core/Src/ApplicationCode.o
                0x08000d20                onePlayerMode
 .text.LCD_Touch_Move_Chip
                0x08000db0       0xd0 ./Core/Src/ApplicationCode.o
                0x08000db0                LCD_Touch_Move_Chip
 .text.EXTI0_IRQHandler
                0x08000e80       0x26 ./Core/Src/ApplicationCode.o
                0x08000e80                EXTI0_IRQHandler
 *fill*         0x08000ea6        0x2 
 .text.LCD_Touch_Player_Count
                0x08000ea8       0xa0 ./Core/Src/ApplicationCode.o
                0x08000ea8                LCD_Touch_Player_Count
 .text.LCD_PrintBoard
                0x08000f48       0xec ./Core/Src/ApplicationCode.o
                0x08000f48                LCD_PrintBoard
 .text.resetGame
                0x08001034       0xb0 ./Core/Src/ApplicationCode.o
                0x08001034                resetGame
 .text.buttonInitInterrupt
                0x080010e4       0x54 ./Core/Src/Button_Driver.o
                0x080010e4                buttonInitInterrupt
 .text.enableIRQInterrupt
                0x08001138       0x2c ./Core/Src/InterruptControl.o
                0x08001138                enableIRQInterrupt
 .text.disableIRQInterrupt
                0x08001164       0x2c ./Core/Src/InterruptControl.o
                0x08001164                disableIRQInterrupt
 .text.clearIRQPendingInterrupt
                0x08001190       0x2c ./Core/Src/InterruptControl.o
                0x08001190                clearIRQPendingInterrupt
 .text.clearEXTIPendingInterrupt
                0x080011bc       0x30 ./Core/Src/InterruptControl.o
                0x080011bc                clearEXTIPendingInterrupt
 .text.LCD_GPIO_Init
                0x080011ec      0x190 ./Core/Src/LCD_Driver.o
                0x080011ec                LCD_GPIO_Init
 .text.LTCD_Layer_Init
                0x0800137c       0x80 ./Core/Src/LCD_Driver.o
                0x0800137c                LTCD_Layer_Init
 .text.LTCD__Init
                0x080013fc       0xbc ./Core/Src/LCD_Driver.o
                0x080013fc                LTCD__Init
 .text.LCD_Draw_Pixel
                0x080014b8       0x4c ./Core/Src/LCD_Driver.o
                0x080014b8                LCD_Draw_Pixel
 .text.LCD_Draw_Circle_Fill
                0x08001504       0xa6 ./Core/Src/LCD_Driver.o
                0x08001504                LCD_Draw_Circle_Fill
 .text.LCD_Draw_Horizontal_Line
                0x080015aa       0x4e ./Core/Src/LCD_Driver.o
                0x080015aa                LCD_Draw_Horizontal_Line
 .text.LCD_Clear
                0x080015f8       0x44 ./Core/Src/LCD_Driver.o
                0x080015f8                LCD_Clear
 .text.LCD_SetTextColor
                0x0800163c       0x20 ./Core/Src/LCD_Driver.o
                0x0800163c                LCD_SetTextColor
 .text.LCD_SetFont
                0x0800165c       0x20 ./Core/Src/LCD_Driver.o
                0x0800165c                LCD_SetFont
 .text.LCD_Draw_Char
                0x0800167c       0xdc ./Core/Src/LCD_Driver.o
                0x0800167c                LCD_Draw_Char
 .text.LCD_DisplayChar
                0x08001758       0x44 ./Core/Src/LCD_Driver.o
                0x08001758                LCD_DisplayChar
 .text.LCD_Print_Chip
                0x0800179c       0x6c ./Core/Src/LCD_Driver.o
                0x0800179c                LCD_Print_Chip
 .text.LCD_Error_Handler
                0x08001808        0xc ./Core/Src/LCD_Driver.o
                0x08001808                LCD_Error_Handler
 .text.InitializeLCDTouch
                0x08001814       0x16 ./Core/Src/LCD_Driver.o
                0x08001814                InitializeLCDTouch
 .text.returnTouchStateAndLocation
                0x0800182a       0x18 ./Core/Src/LCD_Driver.o
                0x0800182a                returnTouchStateAndLocation
 *fill*         0x08001842        0x2 
 .text.getScheduledEvents
                0x08001844       0x18 ./Core/Src/Scheduler.o
                0x08001844                getScheduledEvents
 .text.addScheduleEvent
                0x0800185c       0x24 ./Core/Src/Scheduler.o
                0x0800185c                addScheduleEvent
 .text.removeSchedulerEvent
                0x08001880       0x28 ./Core/Src/Scheduler.o
                0x08001880                removeSchedulerEvent
 .text.ili9341_Init
                0x080018a8      0x294 ./Core/Src/ili9341.o
                0x080018a8                ili9341_Init
 .text.ili9341_Write_Reg
                0x08001b3c       0x1a ./Core/Src/ili9341.o
                0x08001b3c                ili9341_Write_Reg
 .text.ili9341_Send_Data
                0x08001b56       0x1a ./Core/Src/ili9341.o
                0x08001b56                ili9341_Send_Data
 .text.SPI_Init
                0x08001b70       0x74 ./Core/Src/ili9341.o
 .text.SPI_Write
                0x08001be4       0x3c ./Core/Src/ili9341.o
 .text.SPI_Error
                0x08001c20       0x18 ./Core/Src/ili9341.o
 .text.SPI_MspInit
                0x08001c38       0x74 ./Core/Src/ili9341.o
 .text.LCD_IO_Init
                0x08001cac       0xf0 ./Core/Src/ili9341.o
                0x08001cac                LCD_IO_Init
 .text.LCD_IO_WriteData
                0x08001d9c       0x44 ./Core/Src/ili9341.o
                0x08001d9c                LCD_IO_WriteData
 .text.LCD_IO_WriteReg
                0x08001de0       0x44 ./Core/Src/ili9341.o
                0x08001de0                LCD_IO_WriteReg
 .text.LCD_Delay
                0x08001e24       0x16 ./Core/Src/ili9341.o
                0x08001e24                LCD_Delay
 .text.main     0x08001e3a       0xb2 ./Core/Src/main.o
                0x08001e3a                main
 .text.SystemClock_Config
                0x08001eec       0xd4 ./Core/Src/main.o
                0x08001eec                SystemClock_Config
 .text.MX_I2C3_Init
                0x08001fc0       0x80 ./Core/Src/main.o
 .text.MX_LTDC_Init
                0x08002040      0x164 ./Core/Src/main.o
 .text.MX_SPI5_Init
                0x080021a4       0x6c ./Core/Src/main.o
 .text.MX_TIM2_Init
                0x08002210       0x98 ./Core/Src/main.o
 .text.MX_GPIO_Init
                0x080022a8      0x35c ./Core/Src/main.o
 .text.Error_Handler
                0x08002604        0xc ./Core/Src/main.o
                0x08002604                Error_Handler
 .text.HAL_MspInit
                0x08002610       0x50 ./Core/Src/stm32f4xx_hal_msp.o
                0x08002610                HAL_MspInit
 .text.HAL_I2C_MspInit
                0x08002660       0xd4 ./Core/Src/stm32f4xx_hal_msp.o
                0x08002660                HAL_I2C_MspInit
 .text.HAL_LTDC_MspInit
                0x08002734      0x250 ./Core/Src/stm32f4xx_hal_msp.o
                0x08002734                HAL_LTDC_MspInit
 .text.HAL_RNG_MspInit
                0x08002984       0x44 ./Core/Src/stm32f4xx_hal_msp.o
                0x08002984                HAL_RNG_MspInit
 .text.HAL_SPI_MspInit
                0x080029c8       0x90 ./Core/Src/stm32f4xx_hal_msp.o
                0x080029c8                HAL_SPI_MspInit
 .text.HAL_SPI_MspDeInit
                0x08002a58       0x3c ./Core/Src/stm32f4xx_hal_msp.o
                0x08002a58                HAL_SPI_MspDeInit
 .text.HAL_TIM_Base_MspInit
                0x08002a94       0x40 ./Core/Src/stm32f4xx_hal_msp.o
                0x08002a94                HAL_TIM_Base_MspInit
 .text.NMI_Handler
                0x08002ad4        0x8 ./Core/Src/stm32f4xx_it.o
                0x08002ad4                NMI_Handler
 .text.HardFault_Handler
                0x08002adc        0x8 ./Core/Src/stm32f4xx_it.o
                0x08002adc                HardFault_Handler
 .text.MemManage_Handler
                0x08002ae4        0x8 ./Core/Src/stm32f4xx_it.o
                0x08002ae4                MemManage_Handler
 .text.BusFault_Handler
                0x08002aec        0x8 ./Core/Src/stm32f4xx_it.o
                0x08002aec                BusFault_Handler
 .text.UsageFault_Handler
                0x08002af4        0x8 ./Core/Src/stm32f4xx_it.o
                0x08002af4                UsageFault_Handler
 .text.SVC_Handler
                0x08002afc        0xe ./Core/Src/stm32f4xx_it.o
                0x08002afc                SVC_Handler
 .text.DebugMon_Handler
                0x08002b0a        0xe ./Core/Src/stm32f4xx_it.o
                0x08002b0a                DebugMon_Handler
 .text.PendSV_Handler
                0x08002b18        0xe ./Core/Src/stm32f4xx_it.o
                0x08002b18                PendSV_Handler
 .text.SysTick_Handler
                0x08002b26        0xc ./Core/Src/stm32f4xx_it.o
                0x08002b26                SysTick_Handler
 .text.STMPE811_Init
                0x08002b32      0x14e ./Core/Src/stmpe811.o
                0x08002b32                STMPE811_Init
 .text.STMPE811_Read
                0x08002c80       0x22 ./Core/Src/stmpe811.o
                0x08002c80                STMPE811_Read
 .text.STMPE811_ReadTouch
                0x08002ca2      0x198 ./Core/Src/stmpe811.o
                0x08002ca2                STMPE811_ReadTouch
 *fill*         0x08002e3a        0x2 
 .text.verifyHAL_I2C_IS_OKAY
                0x08002e3c       0x20 ./Core/Src/stmpe811.o
                0x08002e3c                verifyHAL_I2C_IS_OKAY
 .text.I2C3_Init
                0x08002e5c       0x7c ./Core/Src/stmpe811.o
 .text.I2C3_MspInit
                0x08002ed8       0xa8 ./Core/Src/stmpe811.o
 .text.I2C3_Write
                0x08002f80       0x54 ./Core/Src/stmpe811.o
                0x08002f80                I2C3_Write
 .text.I2C3_Read
                0x08002fd4       0x4c ./Core/Src/stmpe811.o
                0x08002fd4                I2C3_Read
 .text.I2C3_MulitByteRead
                0x08003020       0x44 ./Core/Src/stmpe811.o
                0x08003020                I2C3_MulitByteRead
 .text.TM_STMPE811_ReadX
                0x08003064       0xbc ./Core/Src/stmpe811.o
                0x08003064                TM_STMPE811_ReadX
 .text.TM_STMPE811_ReadY
                0x08003120       0xa4 ./Core/Src/stmpe811.o
                0x08003120                TM_STMPE811_ReadY
 .text.initialise_monitor_handles
                0x080031c4        0xe ./Core/Src/syscalls.o
                0x080031c4                initialise_monitor_handles
 *fill*         0x080031d2        0x2 
 .text._sbrk    0x080031d4       0x6c ./Core/Src/sysmem.o
                0x080031d4                _sbrk
 .text.SystemInit
                0x08003240       0x24 ./Core/Src/system_stm32f4xx.o
                0x08003240                SystemInit
 .text.Reset_Handler
                0x08003264       0x50 ./Core/Startup/startup_stm32f429zitx.o
                0x08003264                Reset_Handler
 .text.Default_Handler
                0x080032b4        0x2 ./Core/Startup/startup_stm32f429zitx.o
                0x080032b4                RTC_Alarm_IRQHandler
                0x080032b4                HASH_RNG_IRQHandler
                0x080032b4                EXTI2_IRQHandler
                0x080032b4                TIM8_CC_IRQHandler
                0x080032b4                UART8_IRQHandler
                0x080032b4                SPI4_IRQHandler
                0x080032b4                TIM1_CC_IRQHandler
                0x080032b4                DMA2_Stream5_IRQHandler
                0x080032b4                DMA1_Stream5_IRQHandler
                0x080032b4                PVD_IRQHandler
                0x080032b4                SDIO_IRQHandler
                0x080032b4                TAMP_STAMP_IRQHandler
                0x080032b4                CAN2_RX1_IRQHandler
                0x080032b4                EXTI3_IRQHandler
                0x080032b4                TIM8_TRG_COM_TIM14_IRQHandler
                0x080032b4                TIM1_UP_TIM10_IRQHandler
                0x080032b4                TIM8_UP_TIM13_IRQHandler
                0x080032b4                I2C3_ER_IRQHandler
                0x080032b4                I2C2_EV_IRQHandler
                0x080032b4                DMA1_Stream2_IRQHandler
                0x080032b4                CAN1_RX0_IRQHandler
                0x080032b4                FPU_IRQHandler
                0x080032b4                OTG_HS_WKUP_IRQHandler
                0x080032b4                LTDC_ER_IRQHandler
                0x080032b4                CAN2_SCE_IRQHandler
                0x080032b4                DMA2_Stream2_IRQHandler
                0x080032b4                SPI1_IRQHandler
                0x080032b4                TIM6_DAC_IRQHandler
                0x080032b4                TIM1_BRK_TIM9_IRQHandler
                0x080032b4                DCMI_IRQHandler
                0x080032b4                CAN2_RX0_IRQHandler
                0x080032b4                DMA2_Stream3_IRQHandler
                0x080032b4                USART6_IRQHandler
                0x080032b4                USART3_IRQHandler
                0x080032b4                CAN1_RX1_IRQHandler
                0x080032b4                UART5_IRQHandler
                0x080032b4                DMA2_Stream0_IRQHandler
                0x080032b4                TIM4_IRQHandler
                0x080032b4                I2C1_EV_IRQHandler
                0x080032b4                DMA1_Stream6_IRQHandler
                0x080032b4                DMA1_Stream1_IRQHandler
                0x080032b4                UART4_IRQHandler
                0x080032b4                TIM3_IRQHandler
                0x080032b4                RCC_IRQHandler
                0x080032b4                TIM8_BRK_TIM12_IRQHandler
                0x080032b4                Default_Handler
                0x080032b4                EXTI15_10_IRQHandler
                0x080032b4                ADC_IRQHandler
                0x080032b4                DMA1_Stream7_IRQHandler
                0x080032b4                SPI5_IRQHandler
                0x080032b4                TIM7_IRQHandler
                0x080032b4                CAN2_TX_IRQHandler
                0x080032b4                TIM5_IRQHandler
                0x080032b4                DMA2_Stream7_IRQHandler
                0x080032b4                I2C3_EV_IRQHandler
                0x080032b4                EXTI9_5_IRQHandler
                0x080032b4                RTC_WKUP_IRQHandler
                0x080032b4                LTDC_IRQHandler
                0x080032b4                ETH_WKUP_IRQHandler
                0x080032b4                SPI2_IRQHandler
                0x080032b4                OTG_HS_EP1_IN_IRQHandler
                0x080032b4                DMA1_Stream0_IRQHandler
                0x080032b4                CAN1_TX_IRQHandler
                0x080032b4                EXTI4_IRQHandler
                0x080032b4                ETH_IRQHandler
                0x080032b4                OTG_HS_EP1_OUT_IRQHandler
                0x080032b4                WWDG_IRQHandler
                0x080032b4                SPI6_IRQHandler
                0x080032b4                TIM2_IRQHandler
                0x080032b4                OTG_FS_WKUP_IRQHandler
                0x080032b4                TIM1_TRG_COM_TIM11_IRQHandler
                0x080032b4                OTG_HS_IRQHandler
                0x080032b4                DMA2D_IRQHandler
                0x080032b4                EXTI1_IRQHandler
                0x080032b4                UART7_IRQHandler
                0x080032b4                USART2_IRQHandler
                0x080032b4                I2C2_ER_IRQHandler
                0x080032b4                DMA2_Stream1_IRQHandler
                0x080032b4                CAN1_SCE_IRQHandler
                0x080032b4                FLASH_IRQHandler
                0x080032b4                DMA2_Stream4_IRQHandler
                0x080032b4                USART1_IRQHandler
                0x080032b4                OTG_FS_IRQHandler
                0x080032b4                SPI3_IRQHandler
                0x080032b4                DMA1_Stream4_IRQHandler
                0x080032b4                I2C1_ER_IRQHandler
                0x080032b4                FMC_IRQHandler
                0x080032b4                DMA2_Stream6_IRQHandler
                0x080032b4                SAI1_IRQHandler
                0x080032b4                DMA1_Stream3_IRQHandler
 *fill*         0x080032b6        0x2 
 .text.HAL_Init
                0x080032b8       0x44 ./Drivers/STM32F4xx_HAL_Driver/Src/stm32f4xx_hal.o
                0x080032b8                HAL_Init
 .text.HAL_InitTick
                0x080032fc       0x60 ./Drivers/STM32F4xx_HAL_Driver/Src/stm32f4xx_hal.o
                0x080032fc                HAL_InitTick
 .text.HAL_IncTick
                0x0800335c       0x28 ./Drivers/STM32F4xx_HAL_Driver/Src/stm32f4xx_hal.o
                0x0800335c                HAL_IncTick
 .text.HAL_GetTick
                0x08003384       0x18 ./Drivers/STM32F4xx_HAL_Driver/Src/stm32f4xx_hal.o
                0x08003384                HAL_GetTick
 .text.HAL_Delay
                0x0800339c       0x48 ./Drivers/STM32F4xx_HAL_Driver/Src/stm32f4xx_hal.o
                0x0800339c                HAL_Delay
 .text.__NVIC_SetPriorityGrouping
                0x080033e4       0x48 ./Drivers/STM32F4xx_HAL_Driver/Src/stm32f4xx_hal_cortex.o
 .text.__NVIC_GetPriorityGrouping
                0x0800342c       0x1c ./Drivers/STM32F4xx_HAL_Driver/Src/stm32f4xx_hal_cortex.o
 .text.__NVIC_EnableIRQ
                0x08003448       0x3c ./Drivers/STM32F4xx_HAL_Driver/Src/stm32f4xx_hal_cortex.o
 .text.__NVIC_SetPriority
                0x08003484       0x54 ./Drivers/STM32F4xx_HAL_Driver/Src/stm32f4xx_hal_cortex.o
 .text.NVIC_EncodePriority
                0x080034d8       0x66 ./Drivers/STM32F4xx_HAL_Driver/Src/stm32f4xx_hal_cortex.o
 *fill*         0x0800353e        0x2 
 .text.SysTick_Config
                0x08003540       0x44 ./Drivers/STM32F4xx_HAL_Driver/Src/stm32f4xx_hal_cortex.o
 .text.HAL_NVIC_SetPriorityGrouping
                0x08003584       0x16 ./Drivers/STM32F4xx_HAL_Driver/Src/stm32f4xx_hal_cortex.o
                0x08003584                HAL_NVIC_SetPriorityGrouping
 .text.HAL_NVIC_SetPriority
                0x0800359a       0x38 ./Drivers/STM32F4xx_HAL_Driver/Src/stm32f4xx_hal_cortex.o
                0x0800359a                HAL_NVIC_SetPriority
 .text.HAL_NVIC_EnableIRQ
                0x080035d2       0x1c ./Drivers/STM32F4xx_HAL_Driver/Src/stm32f4xx_hal_cortex.o
                0x080035d2                HAL_NVIC_EnableIRQ
 .text.HAL_SYSTICK_Config
                0x080035ee       0x18 ./Drivers/STM32F4xx_HAL_Driver/Src/stm32f4xx_hal_cortex.o
                0x080035ee                HAL_SYSTICK_Config
 *fill*         0x08003606        0x2 
 .text.HAL_GPIO_Init
                0x08003608      0x358 ./Drivers/STM32F4xx_HAL_Driver/Src/stm32f4xx_hal_gpio.o
                0x08003608                HAL_GPIO_Init
 .text.HAL_GPIO_DeInit
                0x08003960      0x218 ./Drivers/STM32F4xx_HAL_Driver/Src/stm32f4xx_hal_gpio.o
                0x08003960                HAL_GPIO_DeInit
 .text.HAL_GPIO_WritePin
                0x08003b78       0x32 ./Drivers/STM32F4xx_HAL_Driver/Src/stm32f4xx_hal_gpio.o
                0x08003b78                HAL_GPIO_WritePin
 *fill*         0x08003baa        0x2 
 .text.HAL_I2C_Init
                0x08003bac      0x288 ./Drivers/STM32F4xx_HAL_Driver/Src/stm32f4xx_hal_i2c.o
                0x08003bac                HAL_I2C_Init
 .text.HAL_I2C_Mem_Write
                0x08003e34      0x1f4 ./Drivers/STM32F4xx_HAL_Driver/Src/stm32f4xx_hal_i2c.o
                0x08003e34                HAL_I2C_Mem_Write
 .text.HAL_I2C_Mem_Read
                0x08004028      0x464 ./Drivers/STM32F4xx_HAL_Driver/Src/stm32f4xx_hal_i2c.o
                0x08004028                HAL_I2C_Mem_Read
 .text.I2C_RequestMemoryWrite
                0x0800448c      0x12c ./Drivers/STM32F4xx_HAL_Driver/Src/stm32f4xx_hal_i2c.o
 .text.I2C_RequestMemoryRead
                0x080045b8      0x1d0 ./Drivers/STM32F4xx_HAL_Driver/Src/stm32f4xx_hal_i2c.o
 .text.I2C_WaitOnFlagUntilTimeout
                0x08004788       0xf4 ./Drivers/STM32F4xx_HAL_Driver/Src/stm32f4xx_hal_i2c.o
 .text.I2C_WaitOnMasterAddressFlagUntilTimeout
                0x0800487c      0x140 ./Drivers/STM32F4xx_HAL_Driver/Src/stm32f4xx_hal_i2c.o
 .text.I2C_WaitOnTXEFlagUntilTimeout
                0x080049bc       0x90 ./Drivers/STM32F4xx_HAL_Driver/Src/stm32f4xx_hal_i2c.o
 .text.I2C_WaitOnBTFFlagUntilTimeout
                0x08004a4c       0x90 ./Drivers/STM32F4xx_HAL_Driver/Src/stm32f4xx_hal_i2c.o
 .text.I2C_WaitOnRXNEFlagUntilTimeout
                0x08004adc       0xba ./Drivers/STM32F4xx_HAL_Driver/Src/stm32f4xx_hal_i2c.o
 .text.I2C_IsAcknowledgeFailed
                0x08004b96       0x5e ./Drivers/STM32F4xx_HAL_Driver/Src/stm32f4xx_hal_i2c.o
 .text.HAL_I2CEx_ConfigAnalogFilter
                0x08004bf4       0x78 ./Drivers/STM32F4xx_HAL_Driver/Src/stm32f4xx_hal_i2c_ex.o
                0x08004bf4                HAL_I2CEx_ConfigAnalogFilter
 .text.HAL_I2CEx_ConfigDigitalFilter
                0x08004c6c       0x7e ./Drivers/STM32F4xx_HAL_Driver/Src/stm32f4xx_hal_i2c_ex.o
                0x08004c6c                HAL_I2CEx_ConfigDigitalFilter
 *fill*         0x08004cea        0x2 
 .text.HAL_LTDC_Init
                0x08004cec      0x1a0 ./Drivers/STM32F4xx_HAL_Driver/Src/stm32f4xx_hal_ltdc.o
                0x08004cec                HAL_LTDC_Init
 .text.HAL_LTDC_ConfigLayer
                0x08004e8c       0x7c ./Drivers/STM32F4xx_HAL_Driver/Src/stm32f4xx_hal_ltdc.o
                0x08004e8c                HAL_LTDC_ConfigLayer
 .text.LTDC_SetConfig
                0x08004f08      0x32e ./Drivers/STM32F4xx_HAL_Driver/Src/stm32f4xx_hal_ltdc.o
 *fill*         0x08005236        0x2 
 .text.HAL_RCC_OscConfig
                0x08005238      0x4f0 ./Drivers/STM32F4xx_HAL_Driver/Src/stm32f4xx_hal_rcc.o
                0x08005238                HAL_RCC_OscConfig
 .text.HAL_RCC_ClockConfig
                0x08005728      0x1cc ./Drivers/STM32F4xx_HAL_Driver/Src/stm32f4xx_hal_rcc.o
                0x08005728                HAL_RCC_ClockConfig
 .text.HAL_RCC_GetSysClockFreq
                0x080058f4      0x20c ./Drivers/STM32F4xx_HAL_Driver/Src/stm32f4xx_hal_rcc.o
                0x080058f4                HAL_RCC_GetSysClockFreq
 .text.HAL_RCC_GetHCLKFreq
                0x08005b00       0x18 ./Drivers/STM32F4xx_HAL_Driver/Src/stm32f4xx_hal_rcc.o
                0x08005b00                HAL_RCC_GetHCLKFreq
 .text.HAL_RCC_GetPCLK1Freq
                0x08005b18       0x28 ./Drivers/STM32F4xx_HAL_Driver/Src/stm32f4xx_hal_rcc.o
                0x08005b18                HAL_RCC_GetPCLK1Freq
 .text.HAL_RCCEx_PeriphCLKConfig
                0x08005b40      0x380 ./Drivers/STM32F4xx_HAL_Driver/Src/stm32f4xx_hal_rcc_ex.o
                0x08005b40                HAL_RCCEx_PeriphCLKConfig
 .text.HAL_RNG_Init
                0x08005ec0       0x54 ./Drivers/STM32F4xx_HAL_Driver/Src/stm32f4xx_hal_rng.o
                0x08005ec0                HAL_RNG_Init
 .text.HAL_RNG_GenerateRandomNumber
                0x08005f14       0xac ./Drivers/STM32F4xx_HAL_Driver/Src/stm32f4xx_hal_rng.o
                0x08005f14                HAL_RNG_GenerateRandomNumber
 .text.HAL_SPI_Init
                0x08005fc0      0x112 ./Drivers/STM32F4xx_HAL_Driver/Src/stm32f4xx_hal_spi.o
                0x08005fc0                HAL_SPI_Init
 .text.HAL_SPI_DeInit
                0x080060d2       0x50 ./Drivers/STM32F4xx_HAL_Driver/Src/stm32f4xx_hal_spi.o
                0x080060d2                HAL_SPI_DeInit
 .text.HAL_SPI_Transmit
                0x08006122      0x288 ./Drivers/STM32F4xx_HAL_Driver/Src/stm32f4xx_hal_spi.o
                0x08006122                HAL_SPI_Transmit
 .text.HAL_SPI_GetState
                0x080063aa       0x1c ./Drivers/STM32F4xx_HAL_Driver/Src/stm32f4xx_hal_spi.o
                0x080063aa                HAL_SPI_GetState
 *fill*         0x080063c6        0x2 
 .text.SPI_WaitFlagStateUntilTimeout
                0x080063c8      0x110 ./Drivers/STM32F4xx_HAL_Driver/Src/stm32f4xx_hal_spi.o
 .text.SPI_EndRxTxTransaction
                0x080064d8       0xa8 ./Drivers/STM32F4xx_HAL_Driver/Src/stm32f4xx_hal_spi.o
 .text.HAL_TIM_Base_Init
                0x08006580       0x9e ./Drivers/STM32F4xx_HAL_Driver/Src/stm32f4xx_hal_tim.o
                0x08006580                HAL_TIM_Base_Init
 .text.HAL_TIM_ConfigClockSource
                0x0800661e      0x18e ./Drivers/STM32F4xx_HAL_Driver/Src/stm32f4xx_hal_tim.o
                0x0800661e                HAL_TIM_ConfigClockSource
 .text.TIM_Base_SetConfig
                0x080067ac      0x158 ./Drivers/STM32F4xx_HAL_Driver/Src/stm32f4xx_hal_tim.o
                0x080067ac                TIM_Base_SetConfig
 .text.TIM_TI1_ConfigInputStage
                0x08006904       0x5e ./Drivers/STM32F4xx_HAL_Driver/Src/stm32f4xx_hal_tim.o
 .text.TIM_TI2_ConfigInputStage
                0x08006962       0x60 ./Drivers/STM32F4xx_HAL_Driver/Src/stm32f4xx_hal_tim.o
 .text.TIM_ITRx_SetConfig
                0x080069c2       0x36 ./Drivers/STM32F4xx_HAL_Driver/Src/stm32f4xx_hal_tim.o
 .text.TIM_ETR_SetConfig
                0x080069f8       0x40 ./Drivers/STM32F4xx_HAL_Driver/Src/stm32f4xx_hal_tim.o
                0x080069f8                TIM_ETR_SetConfig
 .text.HAL_TIMEx_MasterConfigSynchronization
                0x08006a38       0xf8 ./Drivers/STM32F4xx_HAL_Driver/Src/stm32f4xx_hal_tim_ex.o
                0x08006a38                HAL_TIMEx_MasterConfigSynchronization
 .text.sprintf  0x08006b30       0x40 C:/ST/STM32CubeIDE_1.17.0/STM32CubeIDE/plugins/com.st.stm32cube.ide.mcu.externaltools.gnu-tools-for-stm32.12.3.rel1.win32_1.1.0.202410251130/tools/bin/../lib/gcc/arm-none-eabi/12.3.1/../../../../arm-none-eabi/lib/thumb/v7e-m+fp/hard\libc_nano.a(libc_a-sprintf.o)
                0x08006b30                siprintf
                0x08006b30                sprintf
 .text.memset   0x08006b70       0x10 C:/ST/STM32CubeIDE_1.17.0/STM32CubeIDE/plugins/com.st.stm32cube.ide.mcu.externaltools.gnu-tools-for-stm32.12.3.rel1.win32_1.1.0.202410251130/tools/bin/../lib/gcc/arm-none-eabi/12.3.1/../../../../arm-none-eabi/lib/thumb/v7e-m+fp/hard\libc_nano.a(libc_a-memset.o)
                0x08006b70                memset
 .text.__errno  0x08006b80        0xc C:/ST/STM32CubeIDE_1.17.0/STM32CubeIDE/plugins/com.st.stm32cube.ide.mcu.externaltools.gnu-tools-for-stm32.12.3.rel1.win32_1.1.0.202410251130/tools/bin/../lib/gcc/arm-none-eabi/12.3.1/../../../../arm-none-eabi/lib/thumb/v7e-m+fp/hard\libc_nano.a(libc_a-errno.o)
                0x08006b80                __errno
 .text.__libc_init_array
                0x08006b8c       0x48 C:/ST/STM32CubeIDE_1.17.0/STM32CubeIDE/plugins/com.st.stm32cube.ide.mcu.externaltools.gnu-tools-for-stm32.12.3.rel1.win32_1.1.0.202410251130/tools/bin/../lib/gcc/arm-none-eabi/12.3.1/../../../../arm-none-eabi/lib/thumb/v7e-m+fp/hard\libc_nano.a(libc_a-init.o)
                0x08006b8c                __libc_init_array
 .text.__retarget_lock_acquire_recursive
                0x08006bd4        0x2 C:/ST/STM32CubeIDE_1.17.0/STM32CubeIDE/plugins/com.st.stm32cube.ide.mcu.externaltools.gnu-tools-for-stm32.12.3.rel1.win32_1.1.0.202410251130/tools/bin/../lib/gcc/arm-none-eabi/12.3.1/../../../../arm-none-eabi/lib/thumb/v7e-m+fp/hard\libc_nano.a(libc_a-lock.o)
                0x08006bd4                __retarget_lock_acquire_recursive
 .text.__retarget_lock_release_recursive
                0x08006bd6        0x2 C:/ST/STM32CubeIDE_1.17.0/STM32CubeIDE/plugins/com.st.stm32cube.ide.mcu.externaltools.gnu-tools-for-stm32.12.3.rel1.win32_1.1.0.202410251130/tools/bin/../lib/gcc/arm-none-eabi/12.3.1/../../../../arm-none-eabi/lib/thumb/v7e-m+fp/hard\libc_nano.a(libc_a-lock.o)
                0x08006bd6                __retarget_lock_release_recursive
 .text._free_r  0x08006bd8       0x94 C:/ST/STM32CubeIDE_1.17.0/STM32CubeIDE/plugins/com.st.stm32cube.ide.mcu.externaltools.gnu-tools-for-stm32.12.3.rel1.win32_1.1.0.202410251130/tools/bin/../lib/gcc/arm-none-eabi/12.3.1/../../../../arm-none-eabi/lib/thumb/v7e-m+fp/hard\libc_nano.a(libc_a-freer.o)
                0x08006bd8                _free_r
 .text.sbrk_aligned
                0x08006c6c       0x44 C:/ST/STM32CubeIDE_1.17.0/STM32CubeIDE/plugins/com.st.stm32cube.ide.mcu.externaltools.gnu-tools-for-stm32.12.3.rel1.win32_1.1.0.202410251130/tools/bin/../lib/gcc/arm-none-eabi/12.3.1/../../../../arm-none-eabi/lib/thumb/v7e-m+fp/hard\libc_nano.a(libc_a-mallocr.o)
 .text._malloc_r
                0x08006cb0      0x100 C:/ST/STM32CubeIDE_1.17.0/STM32CubeIDE/plugins/com.st.stm32cube.ide.mcu.externaltools.gnu-tools-for-stm32.12.3.rel1.win32_1.1.0.202410251130/tools/bin/../lib/gcc/arm-none-eabi/12.3.1/../../../../arm-none-eabi/lib/thumb/v7e-m+fp/hard\libc_nano.a(libc_a-mallocr.o)
                0x08006cb0                _malloc_r
 .text.__malloc_lock
                0x08006db0        0xc C:/ST/STM32CubeIDE_1.17.0/STM32CubeIDE/plugins/com.st.stm32cube.ide.mcu.externaltools.gnu-tools-for-stm32.12.3.rel1.win32_1.1.0.202410251130/tools/bin/../lib/gcc/arm-none-eabi/12.3.1/../../../../arm-none-eabi/lib/thumb/v7e-m+fp/hard\libc_nano.a(libc_a-mlock.o)
                0x08006db0                __malloc_lock
 .text.__malloc_unlock
                0x08006dbc        0xc C:/ST/STM32CubeIDE_1.17.0/STM32CubeIDE/plugins/com.st.stm32cube.ide.mcu.externaltools.gnu-tools-for-stm32.12.3.rel1.win32_1.1.0.202410251130/tools/bin/../lib/gcc/arm-none-eabi/12.3.1/../../../../arm-none-eabi/lib/thumb/v7e-m+fp/hard\libc_nano.a(libc_a-mlock.o)
                0x08006dbc                __malloc_unlock
 .text.__ssputs_r
                0x08006dc8       0xb6 C:/ST/STM32CubeIDE_1.17.0/STM32CubeIDE/plugins/com.st.stm32cube.ide.mcu.externaltools.gnu-tools-for-stm32.12.3.rel1.win32_1.1.0.202410251130/tools/bin/../lib/gcc/arm-none-eabi/12.3.1/../../../../arm-none-eabi/lib/thumb/v7e-m+fp/hard\libc_nano.a(libc_a-nano-svfprintf.o)
                0x08006dc8                __ssputs_r
 *fill*         0x08006e7e        0x2 
 .text._svfprintf_r
                0x08006e80      0x1f8 C:/ST/STM32CubeIDE_1.17.0/STM32CubeIDE/plugins/com.st.stm32cube.ide.mcu.externaltools.gnu-tools-for-stm32.12.3.rel1.win32_1.1.0.202410251130/tools/bin/../lib/gcc/arm-none-eabi/12.3.1/../../../../arm-none-eabi/lib/thumb/v7e-m+fp/hard\libc_nano.a(libc_a-nano-svfprintf.o)
                0x08006e80                _svfiprintf_r
                0x08006e80                _svfprintf_r
 .text._printf_common
                0x08007078       0xda C:/ST/STM32CubeIDE_1.17.0/STM32CubeIDE/plugins/com.st.stm32cube.ide.mcu.externaltools.gnu-tools-for-stm32.12.3.rel1.win32_1.1.0.202410251130/tools/bin/../lib/gcc/arm-none-eabi/12.3.1/../../../../arm-none-eabi/lib/thumb/v7e-m+fp/hard\libc_nano.a(libc_a-nano-vfprintf_i.o)
                0x08007078                _printf_common
 *fill*         0x08007152        0x2 
 .text._printf_i
                0x08007154      0x240 C:/ST/STM32CubeIDE_1.17.0/STM32CubeIDE/plugins/com.st.stm32cube.ide.mcu.externaltools.gnu-tools-for-stm32.12.3.rel1.win32_1.1.0.202410251130/tools/bin/../lib/gcc/arm-none-eabi/12.3.1/../../../../arm-none-eabi/lib/thumb/v7e-m+fp/hard\libc_nano.a(libc_a-nano-vfprintf_i.o)
                0x08007154                _printf_i
 .text.memmove  0x08007394       0x34 C:/ST/STM32CubeIDE_1.17.0/STM32CubeIDE/plugins/com.st.stm32cube.ide.mcu.externaltools.gnu-tools-for-stm32.12.3.rel1.win32_1.1.0.202410251130/tools/bin/../lib/gcc/arm-none-eabi/12.3.1/../../../../arm-none-eabi/lib/thumb/v7e-m+fp/hard\libc_nano.a(libc_a-memmove.o)
                0x08007394                memmove
 .text._sbrk_r  0x080073c8       0x20 C:/ST/STM32CubeIDE_1.17.0/STM32CubeIDE/plugins/com.st.stm32cube.ide.mcu.externaltools.gnu-tools-for-stm32.12.3.rel1.win32_1.1.0.202410251130/tools/bin/../lib/gcc/arm-none-eabi/12.3.1/../../../../arm-none-eabi/lib/thumb/v7e-m+fp/hard\libc_nano.a(libc_a-sbrkr.o)
                0x080073c8                _sbrk_r
 .text.memcpy   0x080073e8       0x1c C:/ST/STM32CubeIDE_1.17.0/STM32CubeIDE/plugins/com.st.stm32cube.ide.mcu.externaltools.gnu-tools-for-stm32.12.3.rel1.win32_1.1.0.202410251130/tools/bin/../lib/gcc/arm-none-eabi/12.3.1/../../../../arm-none-eabi/lib/thumb/v7e-m+fp/hard\libc_nano.a(libc_a-memcpy-stub.o)
                0x080073e8                memcpy
 .text._realloc_r
                0x08007404       0x5c C:/ST/STM32CubeIDE_1.17.0/STM32CubeIDE/plugins/com.st.stm32cube.ide.mcu.externaltools.gnu-tools-for-stm32.12.3.rel1.win32_1.1.0.202410251130/tools/bin/../lib/gcc/arm-none-eabi/12.3.1/../../../../arm-none-eabi/lib/thumb/v7e-m+fp/hard\libc_nano.a(libc_a-reallocr.o)
                0x08007404                _realloc_r
 .text._malloc_usable_size_r
                0x08007460       0x10 C:/ST/STM32CubeIDE_1.17.0/STM32CubeIDE/plugins/com.st.stm32cube.ide.mcu.externaltools.gnu-tools-for-stm32.12.3.rel1.win32_1.1.0.202410251130/tools/bin/../lib/gcc/arm-none-eabi/12.3.1/../../../../arm-none-eabi/lib/thumb/v7e-m+fp/hard\libc_nano.a(libc_a-msizer.o)
                0x08007460                _malloc_usable_size_r
 *(.glue_7)
 .glue_7        0x08007470        0x0 linker stubs
 *(.glue_7t)
 .glue_7t       0x08007470        0x0 linker stubs
 *(.eh_frame)
 .eh_frame      0x08007470        0x0 C:/ST/STM32CubeIDE_1.17.0/STM32CubeIDE/plugins/com.st.stm32cube.ide.mcu.externaltools.gnu-tools-for-stm32.12.3.rel1.win32_1.1.0.202410251130/tools/bin/../lib/gcc/arm-none-eabi/12.3.1/thumb/v7e-m+fp/hard/crtbegin.o
 *(.init)
 .init          0x08007470        0x4 C:/ST/STM32CubeIDE_1.17.0/STM32CubeIDE/plugins/com.st.stm32cube.ide.mcu.externaltools.gnu-tools-for-stm32.12.3.rel1.win32_1.1.0.202410251130/tools/bin/../lib/gcc/arm-none-eabi/12.3.1/thumb/v7e-m+fp/hard/crti.o
                0x08007470                _init
 .init          0x08007474        0x8 C:/ST/STM32CubeIDE_1.17.0/STM32CubeIDE/plugins/com.st.stm32cube.ide.mcu.externaltools.gnu-tools-for-stm32.12.3.rel1.win32_1.1.0.202410251130/tools/bin/../lib/gcc/arm-none-eabi/12.3.1/thumb/v7e-m+fp/hard/crtn.o
 *(.fini)
 .fini          0x0800747c        0x4 C:/ST/STM32CubeIDE_1.17.0/STM32CubeIDE/plugins/com.st.stm32cube.ide.mcu.externaltools.gnu-tools-for-stm32.12.3.rel1.win32_1.1.0.202410251130/tools/bin/../lib/gcc/arm-none-eabi/12.3.1/thumb/v7e-m+fp/hard/crti.o
                0x0800747c                _fini
 .fini          0x08007480        0x8 C:/ST/STM32CubeIDE_1.17.0/STM32CubeIDE/plugins/com.st.stm32cube.ide.mcu.externaltools.gnu-tools-for-stm32.12.3.rel1.win32_1.1.0.202410251130/tools/bin/../lib/gcc/arm-none-eabi/12.3.1/thumb/v7e-m+fp/hard/crtn.o
                0x08007488                        . = ALIGN (0x4)
                0x08007488                        _etext = .

.vfp11_veneer   0x08007488        0x0
 .vfp11_veneer  0x08007488        0x0 linker stubs

.v4_bx          0x08007488        0x0
 .v4_bx         0x08007488        0x0 linker stubs

.iplt           0x08007488        0x0
 .iplt          0x08007488        0x0 C:/ST/STM32CubeIDE_1.17.0/STM32CubeIDE/plugins/com.st.stm32cube.ide.mcu.externaltools.gnu-tools-for-stm32.12.3.rel1.win32_1.1.0.202410251130/tools/bin/../lib/gcc/arm-none-eabi/12.3.1/thumb/v7e-m+fp/hard/crtbegin.o

.rodata         0x08007488     0x1230
                0x08007488                        . = ALIGN (0x4)
 *(.rodata)
 .rodata        0x08007488       0x12 ./Core/Src/ApplicationCode.o
 *(.rodata*)
 *fill*         0x0800749a        0x2 
 .rodata.ASCII16x24_Table
                0x0800749c     0x11d0 ./Core/Src/fonts.o
                0x0800749c                ASCII16x24_Table
 .rodata.AHBPrescTable
                0x0800866c       0x10 ./Core/Src/system_stm32f4xx.o
                0x0800866c                AHBPrescTable
 .rodata.APBPrescTable
                0x0800867c        0x8 ./Core/Src/system_stm32f4xx.o
                0x0800867c                APBPrescTable
 .rodata._svfprintf_r.str1.1
                0x08008684       0x11 C:/ST/STM32CubeIDE_1.17.0/STM32CubeIDE/plugins/com.st.stm32cube.ide.mcu.externaltools.gnu-tools-for-stm32.12.3.rel1.win32_1.1.0.202410251130/tools/bin/../lib/gcc/arm-none-eabi/12.3.1/../../../../arm-none-eabi/lib/thumb/v7e-m+fp/hard\libc_nano.a(libc_a-nano-svfprintf.o)
 .rodata._printf_i.str1.1
                0x08008695       0x22 C:/ST/STM32CubeIDE_1.17.0/STM32CubeIDE/plugins/com.st.stm32cube.ide.mcu.externaltools.gnu-tools-for-stm32.12.3.rel1.win32_1.1.0.202410251130/tools/bin/../lib/gcc/arm-none-eabi/12.3.1/../../../../arm-none-eabi/lib/thumb/v7e-m+fp/hard\libc_nano.a(libc_a-nano-vfprintf_i.o)
                0x080086b8                        . = ALIGN (0x4)
 *fill*         0x080086b7        0x1 

.ARM.extab      0x080086b8        0x0
                0x080086b8                        . = ALIGN (0x4)
 *(.ARM.extab* .gnu.linkonce.armextab.*)
                0x080086b8                        . = ALIGN (0x4)

.ARM            0x080086b8        0x8
                0x080086b8                        . = ALIGN (0x4)
                0x080086b8                        __exidx_start = .
 *(.ARM.exidx*)
 .ARM.exidx     0x080086b8        0x8 C:/ST/STM32CubeIDE_1.17.0/STM32CubeIDE/plugins/com.st.stm32cube.ide.mcu.externaltools.gnu-tools-for-stm32.12.3.rel1.win32_1.1.0.202410251130/tools/bin/../lib/gcc/arm-none-eabi/12.3.1/../../../../arm-none-eabi/lib/thumb/v7e-m+fp/hard\libc_nano.a(libc_a-memchr.o)
 .ARM.exidx     0x080086c0        0x0 C:/ST/STM32CubeIDE_1.17.0/STM32CubeIDE/plugins/com.st.stm32cube.ide.mcu.externaltools.gnu-tools-for-stm32.12.3.rel1.win32_1.1.0.202410251130/tools/bin/../lib/gcc/arm-none-eabi/12.3.1/thumb/v7e-m+fp/hard\libgcc.a(_udivmoddi4.o)
                                  0x8 (size before relaxing)
                0x080086c0                        __exidx_end = .
                0x080086c0                        . = ALIGN (0x4)

.preinit_array  0x080086c0        0x0
                0x080086c0                        . = ALIGN (0x4)
                0x080086c0                        PROVIDE (__preinit_array_start = .)
 *(.preinit_array*)
                0x080086c0                        PROVIDE (__preinit_array_end = .)
                0x080086c0                        . = ALIGN (0x4)

.init_array     0x080086c0        0x4
                0x080086c0                        . = ALIGN (0x4)
                0x080086c0                        PROVIDE (__init_array_start = .)
 *(SORT_BY_NAME(.init_array.*))
 *(.init_array*)
 .init_array    0x080086c0        0x4 C:/ST/STM32CubeIDE_1.17.0/STM32CubeIDE/plugins/com.st.stm32cube.ide.mcu.externaltools.gnu-tools-for-stm32.12.3.rel1.win32_1.1.0.202410251130/tools/bin/../lib/gcc/arm-none-eabi/12.3.1/thumb/v7e-m+fp/hard/crtbegin.o
                0x080086c4                        PROVIDE (__init_array_end = .)
                0x080086c4                        . = ALIGN (0x4)

.fini_array     0x080086c4        0x4
                0x080086c4                        . = ALIGN (0x4)
                [!provide]                        PROVIDE (__fini_array_start = .)
 *(SORT_BY_NAME(.fini_array.*))
 *(.fini_array*)
 .fini_array    0x080086c4        0x4 C:/ST/STM32CubeIDE_1.17.0/STM32CubeIDE/plugins/com.st.stm32cube.ide.mcu.externaltools.gnu-tools-for-stm32.12.3.rel1.win32_1.1.0.202410251130/tools/bin/../lib/gcc/arm-none-eabi/12.3.1/thumb/v7e-m+fp/hard/crtbegin.o
                [!provide]                        PROVIDE (__fini_array_end = .)
                0x080086c8                        . = ALIGN (0x4)
                0x080086c8                        _sidata = LOADADDR (.data)

.rel.dyn        0x080086c8        0x0
 .rel.iplt      0x080086c8        0x0 C:/ST/STM32CubeIDE_1.17.0/STM32CubeIDE/plugins/com.st.stm32cube.ide.mcu.externaltools.gnu-tools-for-stm32.12.3.rel1.win32_1.1.0.202410251130/tools/bin/../lib/gcc/arm-none-eabi/12.3.1/thumb/v7e-m+fp/hard/crtbegin.o

.data           0x20000000       0x6c load address 0x080086c8
                0x20000000                        . = ALIGN (0x4)
                0x20000000                        _sdata = .
 *(.data)
 *(.data*)
 .data.CurrentTextColor
                0x20000000        0x2 ./Core/Src/LCD_Driver.o
 *fill*         0x20000002        0x2 
 .data.Font16x24
                0x20000004        0x8 ./Core/Src/fonts.o
                0x20000004                Font16x24
 .data.SpiTimeout
                0x2000000c        0x4 ./Core/Src/ili9341.o
                0x2000000c                SpiTimeout
 .data.SystemCoreClock
                0x20000010        0x4 ./Core/Src/system_stm32f4xx.o
                0x20000010                SystemCoreClock
 .data.uwTickPrio
                0x20000014        0x4 ./Drivers/STM32F4xx_HAL_Driver/Src/stm32f4xx_hal.o
                0x20000014                uwTickPrio
 .data.uwTickFreq
                0x20000018        0x1 ./Drivers/STM32F4xx_HAL_Driver/Src/stm32f4xx_hal.o
                0x20000018                uwTickFreq
 *fill*         0x20000019        0x3 
 .data._impure_ptr
                0x2000001c        0x4 C:/ST/STM32CubeIDE_1.17.0/STM32CubeIDE/plugins/com.st.stm32cube.ide.mcu.externaltools.gnu-tools-for-stm32.12.3.rel1.win32_1.1.0.202410251130/tools/bin/../lib/gcc/arm-none-eabi/12.3.1/../../../../arm-none-eabi/lib/thumb/v7e-m+fp/hard\libc_nano.a(libc_a-impure.o)
                0x2000001c                _impure_ptr
 .data._impure_data
                0x20000020       0x4c C:/ST/STM32CubeIDE_1.17.0/STM32CubeIDE/plugins/com.st.stm32cube.ide.mcu.externaltools.gnu-tools-for-stm32.12.3.rel1.win32_1.1.0.202410251130/tools/bin/../lib/gcc/arm-none-eabi/12.3.1/../../../../arm-none-eabi/lib/thumb/v7e-m+fp/hard\libc_nano.a(libc_a-impure.o)
                0x20000020                _impure_data
 *(.RamFunc)
 *(.RamFunc*)
                0x2000006c                        . = ALIGN (0x4)
                0x2000006c                        _edata = .
                0x08008734                        _siccmram = LOADADDR (.ccmram)

.igot.plt       0x2000006c        0x0 load address 0x08008734
 .igot.plt      0x2000006c        0x0 C:/ST/STM32CubeIDE_1.17.0/STM32CubeIDE/plugins/com.st.stm32cube.ide.mcu.externaltools.gnu-tools-for-stm32.12.3.rel1.win32_1.1.0.202410251130/tools/bin/../lib/gcc/arm-none-eabi/12.3.1/thumb/v7e-m+fp/hard/crtbegin.o

.ccmram         0x10000000        0x0 load address 0x08008734
                0x10000000                        . = ALIGN (0x4)
                0x10000000                        _sccmram = .
 *(.ccmram)
 *(.ccmram*)
                0x10000000                        . = ALIGN (0x4)
                0x10000000                        _eccmram = .
                0x10000000                        . = ALIGN (0x4)

.bss            0x2000006c    0x25dac
                0x2000006c                        _sbss = .
                0x2000006c                        __bss_start__ = _sbss
 *(.bss)
 .bss           0x2000006c       0x1c C:/ST/STM32CubeIDE_1.17.0/STM32CubeIDE/plugins/com.st.stm32cube.ide.mcu.externaltools.gnu-tools-for-stm32.12.3.rel1.win32_1.1.0.202410251130/tools/bin/../lib/gcc/arm-none-eabi/12.3.1/thumb/v7e-m+fp/hard/crtbegin.o
 *(.bss*)
 .bss.hrng      0x20000088       0x10 ./Core/Src/ApplicationCode.o
                0x20000088                hrng
 .bss.game      0x20000098       0xf8 ./Core/Src/ApplicationCode.o
                0x20000098                game
 .bss.StaticTouchData
                0x20000190        0x8 ./Core/Src/ApplicationCode.o
 .bss.hltdc     0x20000198       0xa8 ./Core/Src/LCD_Driver.o
 .bss.PeriphClkInitStruct
                0x20000240       0x30 ./Core/Src/LCD_Driver.o
 .bss.LCD_Currentfonts
                0x20000270        0x4 ./Core/Src/LCD_Driver.o
 .bss.frameBuffer
                0x20000274    0x25800 ./Core/Src/LCD_Driver.o
                0x20000274                frameBuffer
 .bss.scheduledEvents
                0x20025a74        0x4 ./Core/Src/Scheduler.o
                0x20025a74                scheduledEvents
 .bss.SpiHandle
                0x20025a78       0x58 ./Core/Src/ili9341.o
 .bss.Is_LCD_IO_Initialized
                0x20025ad0        0x1 ./Core/Src/ili9341.o
 *fill*         0x20025ad1        0x3 
 .bss.hi2c3     0x20025ad4       0x54 ./Core/Src/main.o
                0x20025ad4                hi2c3
 .bss.hltdc     0x20025b28       0xa8 ./Core/Src/main.o
                0x20025b28                hltdc
 .bss.hspi5     0x20025bd0       0x58 ./Core/Src/main.o
                0x20025bd0                hspi5
 .bss.htim2     0x20025c28       0x48 ./Core/Src/main.o
                0x20025c28                htim2
 .bss.hI2C3     0x20025c70       0x54 ./Core/Src/stmpe811.o
 .bss.HAL_status
                0x20025cc4        0x1 ./Core/Src/stmpe811.o
 *fill*         0x20025cc5        0x3 
 .bss.__sbrk_heap_end
                0x20025cc8        0x4 ./Core/Src/sysmem.o
 .bss.uwTick    0x20025ccc        0x4 ./Drivers/STM32F4xx_HAL_Driver/Src/stm32f4xx_hal.o
                0x20025ccc                uwTick
 .bss.__sf      0x20025cd0      0x138 C:/ST/STM32CubeIDE_1.17.0/STM32CubeIDE/plugins/com.st.stm32cube.ide.mcu.externaltools.gnu-tools-for-stm32.12.3.rel1.win32_1.1.0.202410251130/tools/bin/../lib/gcc/arm-none-eabi/12.3.1/../../../../arm-none-eabi/lib/thumb/v7e-m+fp/hard\libc_nano.a(libc_a-findfp.o)
                0x20025cd0                __sf
 .bss.errno     0x20025e08        0x4 C:/ST/STM32CubeIDE_1.17.0/STM32CubeIDE/plugins/com.st.stm32cube.ide.mcu.externaltools.gnu-tools-for-stm32.12.3.rel1.win32_1.1.0.202410251130/tools/bin/../lib/gcc/arm-none-eabi/12.3.1/../../../../arm-none-eabi/lib/thumb/v7e-m+fp/hard\libc_nano.a(libc_a-reent.o)
                0x20025e08                errno
 .bss.__lock___malloc_recursive_mutex
                0x20025e0c        0x1 C:/ST/STM32CubeIDE_1.17.0/STM32CubeIDE/plugins/com.st.stm32cube.ide.mcu.externaltools.gnu-tools-for-stm32.12.3.rel1.win32_1.1.0.202410251130/tools/bin/../lib/gcc/arm-none-eabi/12.3.1/../../../../arm-none-eabi/lib/thumb/v7e-m+fp/hard\libc_nano.a(libc_a-lock.o)
                0x20025e0c                __lock___malloc_recursive_mutex
 *fill*         0x20025e0d        0x3 
 .bss.__malloc_sbrk_start
                0x20025e10        0x4 C:/ST/STM32CubeIDE_1.17.0/STM32CubeIDE/plugins/com.st.stm32cube.ide.mcu.externaltools.gnu-tools-for-stm32.12.3.rel1.win32_1.1.0.202410251130/tools/bin/../lib/gcc/arm-none-eabi/12.3.1/../../../../arm-none-eabi/lib/thumb/v7e-m+fp/hard\libc_nano.a(libc_a-mallocr.o)
                0x20025e10                __malloc_sbrk_start
 .bss.__malloc_free_list
                0x20025e14        0x4 C:/ST/STM32CubeIDE_1.17.0/STM32CubeIDE/plugins/com.st.stm32cube.ide.mcu.externaltools.gnu-tools-for-stm32.12.3.rel1.win32_1.1.0.202410251130/tools/bin/../lib/gcc/arm-none-eabi/12.3.1/../../../../arm-none-eabi/lib/thumb/v7e-m+fp/hard\libc_nano.a(libc_a-mallocr.o)
                0x20025e14                __malloc_free_list
 *(COMMON)
                0x20025e18                        . = ALIGN (0x4)
                0x20025e18                        _ebss = .
                0x20025e18                        __bss_end__ = _ebss

._user_heap_stack
                0x20025e18      0x600
                0x20025e18                        . = ALIGN (0x8)
                [!provide]                        PROVIDE (end = .)
                0x20025e18                        PROVIDE (_end = .)
                0x20026018                        . = (. + _Min_Heap_Size)
 *fill*         0x20025e18      0x200 
                0x20026418                        . = (. + _Min_Stack_Size)
 *fill*         0x20026018      0x400 
                0x20026418                        . = ALIGN (0x8)

/DISCARD/
 libc.a(*)
 libm.a(*)
 libgcc.a(*)

.ARM.attributes
                0x00000000       0x30
 *(.ARM.attributes)
 .ARM.attributes
                0x00000000       0x22 C:/ST/STM32CubeIDE_1.17.0/STM32CubeIDE/plugins/com.st.stm32cube.ide.mcu.externaltools.gnu-tools-for-stm32.12.3.rel1.win32_1.1.0.202410251130/tools/bin/../lib/gcc/arm-none-eabi/12.3.1/thumb/v7e-m+fp/hard/crti.o
 .ARM.attributes
                0x00000022       0x34 C:/ST/STM32CubeIDE_1.17.0/STM32CubeIDE/plugins/com.st.stm32cube.ide.mcu.externaltools.gnu-tools-for-stm32.12.3.rel1.win32_1.1.0.202410251130/tools/bin/../lib/gcc/arm-none-eabi/12.3.1/thumb/v7e-m+fp/hard/crtbegin.o
 .ARM.attributes
                0x00000056       0x34 ./Core/Src/ApplicationCode.o
 .ARM.attributes
                0x0000008a       0x34 ./Core/Src/Button_Driver.o
 .ARM.attributes
                0x000000be       0x34 ./Core/Src/InterruptControl.o
 .ARM.attributes
                0x000000f2       0x34 ./Core/Src/LCD_Driver.o
 .ARM.attributes
                0x00000126       0x34 ./Core/Src/Scheduler.o
 .ARM.attributes
                0x0000015a       0x34 ./Core/Src/fonts.o
 .ARM.attributes
                0x0000018e       0x34 ./Core/Src/ili9341.o
 .ARM.attributes
                0x000001c2       0x34 ./Core/Src/main.o
 .ARM.attributes
                0x000001f6       0x34 ./Core/Src/stm32f4xx_hal_msp.o
 .ARM.attributes
                0x0000022a       0x34 ./Core/Src/stm32f4xx_it.o
 .ARM.attributes
                0x0000025e       0x34 ./Core/Src/stmpe811.o
 .ARM.attributes
                0x00000292       0x34 ./Core/Src/syscalls.o
 .ARM.attributes
                0x000002c6       0x34 ./Core/Src/sysmem.o
 .ARM.attributes
                0x000002fa       0x34 ./Core/Src/system_stm32f4xx.o
 .ARM.attributes
                0x0000032e       0x21 ./Core/Startup/startup_stm32f429zitx.o
 .ARM.attributes
                0x0000034f       0x34 ./Drivers/STM32F4xx_HAL_Driver/Src/stm32f4xx_hal.o
 .ARM.attributes
                0x00000383       0x34 ./Drivers/STM32F4xx_HAL_Driver/Src/stm32f4xx_hal_cortex.o
 .ARM.attributes
                0x000003b7       0x34 ./Drivers/STM32F4xx_HAL_Driver/Src/stm32f4xx_hal_gpio.o
 .ARM.attributes
                0x000003eb       0x34 ./Drivers/STM32F4xx_HAL_Driver/Src/stm32f4xx_hal_i2c.o
 .ARM.attributes
                0x0000041f       0x34 ./Drivers/STM32F4xx_HAL_Driver/Src/stm32f4xx_hal_i2c_ex.o
 .ARM.attributes
                0x00000453       0x34 ./Drivers/STM32F4xx_HAL_Driver/Src/stm32f4xx_hal_ltdc.o
 .ARM.attributes
                0x00000487       0x34 ./Drivers/STM32F4xx_HAL_Driver/Src/stm32f4xx_hal_rcc.o
 .ARM.attributes
                0x000004bb       0x34 ./Drivers/STM32F4xx_HAL_Driver/Src/stm32f4xx_hal_rcc_ex.o
 .ARM.attributes
                0x000004ef       0x34 ./Drivers/STM32F4xx_HAL_Driver/Src/stm32f4xx_hal_rng.o
 .ARM.attributes
                0x00000523       0x34 ./Drivers/STM32F4xx_HAL_Driver/Src/stm32f4xx_hal_spi.o
 .ARM.attributes
                0x00000557       0x34 ./Drivers/STM32F4xx_HAL_Driver/Src/stm32f4xx_hal_tim.o
 .ARM.attributes
                0x0000058b       0x34 ./Drivers/STM32F4xx_HAL_Driver/Src/stm32f4xx_hal_tim_ex.o
 .ARM.attributes
                0x000005bf       0x34 C:/ST/STM32CubeIDE_1.17.0/STM32CubeIDE/plugins/com.st.stm32cube.ide.mcu.externaltools.gnu-tools-for-stm32.12.3.rel1.win32_1.1.0.202410251130/tools/bin/../lib/gcc/arm-none-eabi/12.3.1/../../../../arm-none-eabi/lib/thumb/v7e-m+fp/hard\libc_nano.a(libc_a-findfp.o)
 .ARM.attributes
                0x000005f3       0x34 C:/ST/STM32CubeIDE_1.17.0/STM32CubeIDE/plugins/com.st.stm32cube.ide.mcu.externaltools.gnu-tools-for-stm32.12.3.rel1.win32_1.1.0.202410251130/tools/bin/../lib/gcc/arm-none-eabi/12.3.1/../../../../arm-none-eabi/lib/thumb/v7e-m+fp/hard\libc_nano.a(libc_a-sprintf.o)
 .ARM.attributes
                0x00000627       0x34 C:/ST/STM32CubeIDE_1.17.0/STM32CubeIDE/plugins/com.st.stm32cube.ide.mcu.externaltools.gnu-tools-for-stm32.12.3.rel1.win32_1.1.0.202410251130/tools/bin/../lib/gcc/arm-none-eabi/12.3.1/../../../../arm-none-eabi/lib/thumb/v7e-m+fp/hard\libc_nano.a(libc_a-memset.o)
 .ARM.attributes
                0x0000065b       0x34 C:/ST/STM32CubeIDE_1.17.0/STM32CubeIDE/plugins/com.st.stm32cube.ide.mcu.externaltools.gnu-tools-for-stm32.12.3.rel1.win32_1.1.0.202410251130/tools/bin/../lib/gcc/arm-none-eabi/12.3.1/../../../../arm-none-eabi/lib/thumb/v7e-m+fp/hard\libc_nano.a(libc_a-reent.o)
 .ARM.attributes
                0x0000068f       0x34 C:/ST/STM32CubeIDE_1.17.0/STM32CubeIDE/plugins/com.st.stm32cube.ide.mcu.externaltools.gnu-tools-for-stm32.12.3.rel1.win32_1.1.0.202410251130/tools/bin/../lib/gcc/arm-none-eabi/12.3.1/../../../../arm-none-eabi/lib/thumb/v7e-m+fp/hard\libc_nano.a(libc_a-impure.o)
 .ARM.attributes
                0x000006c3       0x34 C:/ST/STM32CubeIDE_1.17.0/STM32CubeIDE/plugins/com.st.stm32cube.ide.mcu.externaltools.gnu-tools-for-stm32.12.3.rel1.win32_1.1.0.202410251130/tools/bin/../lib/gcc/arm-none-eabi/12.3.1/../../../../arm-none-eabi/lib/thumb/v7e-m+fp/hard\libc_nano.a(libc_a-errno.o)
 .ARM.attributes
                0x000006f7       0x34 C:/ST/STM32CubeIDE_1.17.0/STM32CubeIDE/plugins/com.st.stm32cube.ide.mcu.externaltools.gnu-tools-for-stm32.12.3.rel1.win32_1.1.0.202410251130/tools/bin/../lib/gcc/arm-none-eabi/12.3.1/../../../../arm-none-eabi/lib/thumb/v7e-m+fp/hard\libc_nano.a(libc_a-init.o)
 .ARM.attributes
                0x0000072b       0x34 C:/ST/STM32CubeIDE_1.17.0/STM32CubeIDE/plugins/com.st.stm32cube.ide.mcu.externaltools.gnu-tools-for-stm32.12.3.rel1.win32_1.1.0.202410251130/tools/bin/../lib/gcc/arm-none-eabi/12.3.1/../../../../arm-none-eabi/lib/thumb/v7e-m+fp/hard\libc_nano.a(libc_a-lock.o)
 .ARM.attributes
                0x0000075f       0x34 C:/ST/STM32CubeIDE_1.17.0/STM32CubeIDE/plugins/com.st.stm32cube.ide.mcu.externaltools.gnu-tools-for-stm32.12.3.rel1.win32_1.1.0.202410251130/tools/bin/../lib/gcc/arm-none-eabi/12.3.1/../../../../arm-none-eabi/lib/thumb/v7e-m+fp/hard\libc_nano.a(libc_a-freer.o)
 .ARM.attributes
                0x00000793       0x34 C:/ST/STM32CubeIDE_1.17.0/STM32CubeIDE/plugins/com.st.stm32cube.ide.mcu.externaltools.gnu-tools-for-stm32.12.3.rel1.win32_1.1.0.202410251130/tools/bin/../lib/gcc/arm-none-eabi/12.3.1/../../../../arm-none-eabi/lib/thumb/v7e-m+fp/hard\libc_nano.a(libc_a-mallocr.o)
 .ARM.attributes
                0x000007c7       0x34 C:/ST/STM32CubeIDE_1.17.0/STM32CubeIDE/plugins/com.st.stm32cube.ide.mcu.externaltools.gnu-tools-for-stm32.12.3.rel1.win32_1.1.0.202410251130/tools/bin/../lib/gcc/arm-none-eabi/12.3.1/../../../../arm-none-eabi/lib/thumb/v7e-m+fp/hard\libc_nano.a(libc_a-mlock.o)
 .ARM.attributes
                0x000007fb       0x34 C:/ST/STM32CubeIDE_1.17.0/STM32CubeIDE/plugins/com.st.stm32cube.ide.mcu.externaltools.gnu-tools-for-stm32.12.3.rel1.win32_1.1.0.202410251130/tools/bin/../lib/gcc/arm-none-eabi/12.3.1/../../../../arm-none-eabi/lib/thumb/v7e-m+fp/hard\libc_nano.a(libc_a-nano-svfprintf.o)
 .ARM.attributes
                0x0000082f       0x34 C:/ST/STM32CubeIDE_1.17.0/STM32CubeIDE/plugins/com.st.stm32cube.ide.mcu.externaltools.gnu-tools-for-stm32.12.3.rel1.win32_1.1.0.202410251130/tools/bin/../lib/gcc/arm-none-eabi/12.3.1/../../../../arm-none-eabi/lib/thumb/v7e-m+fp/hard\libc_nano.a(libc_a-nano-vfprintf_i.o)
 .ARM.attributes
                0x00000863       0x34 C:/ST/STM32CubeIDE_1.17.0/STM32CubeIDE/plugins/com.st.stm32cube.ide.mcu.externaltools.gnu-tools-for-stm32.12.3.rel1.win32_1.1.0.202410251130/tools/bin/../lib/gcc/arm-none-eabi/12.3.1/../../../../arm-none-eabi/lib/thumb/v7e-m+fp/hard\libc_nano.a(libc_a-memmove.o)
 .ARM.attributes
                0x00000897       0x34 C:/ST/STM32CubeIDE_1.17.0/STM32CubeIDE/plugins/com.st.stm32cube.ide.mcu.externaltools.gnu-tools-for-stm32.12.3.rel1.win32_1.1.0.202410251130/tools/bin/../lib/gcc/arm-none-eabi/12.3.1/../../../../arm-none-eabi/lib/thumb/v7e-m+fp/hard\libc_nano.a(libc_a-sbrkr.o)
 .ARM.attributes
                0x000008cb       0x1c C:/ST/STM32CubeIDE_1.17.0/STM32CubeIDE/plugins/com.st.stm32cube.ide.mcu.externaltools.gnu-tools-for-stm32.12.3.rel1.win32_1.1.0.202410251130/tools/bin/../lib/gcc/arm-none-eabi/12.3.1/../../../../arm-none-eabi/lib/thumb/v7e-m+fp/hard\libc_nano.a(libc_a-memchr.o)
 .ARM.attributes
                0x000008e7       0x34 C:/ST/STM32CubeIDE_1.17.0/STM32CubeIDE/plugins/com.st.stm32cube.ide.mcu.externaltools.gnu-tools-for-stm32.12.3.rel1.win32_1.1.0.202410251130/tools/bin/../lib/gcc/arm-none-eabi/12.3.1/../../../../arm-none-eabi/lib/thumb/v7e-m+fp/hard\libc_nano.a(libc_a-memcpy-stub.o)
 .ARM.attributes
                0x0000091b       0x34 C:/ST/STM32CubeIDE_1.17.0/STM32CubeIDE/plugins/com.st.stm32cube.ide.mcu.externaltools.gnu-tools-for-stm32.12.3.rel1.win32_1.1.0.202410251130/tools/bin/../lib/gcc/arm-none-eabi/12.3.1/../../../../arm-none-eabi/lib/thumb/v7e-m+fp/hard\libc_nano.a(libc_a-reallocr.o)
 .ARM.attributes
                0x0000094f       0x34 C:/ST/STM32CubeIDE_1.17.0/STM32CubeIDE/plugins/com.st.stm32cube.ide.mcu.externaltools.gnu-tools-for-stm32.12.3.rel1.win32_1.1.0.202410251130/tools/bin/../lib/gcc/arm-none-eabi/12.3.1/../../../../arm-none-eabi/lib/thumb/v7e-m+fp/hard\libc_nano.a(libc_a-msizer.o)
 .ARM.attributes
                0x00000983       0x22 C:/ST/STM32CubeIDE_1.17.0/STM32CubeIDE/plugins/com.st.stm32cube.ide.mcu.externaltools.gnu-tools-for-stm32.12.3.rel1.win32_1.1.0.202410251130/tools/bin/../lib/gcc/arm-none-eabi/12.3.1/thumb/v7e-m+fp/hard\libgcc.a(_aeabi_uldivmod.o)
 .ARM.attributes
                0x000009a5       0x34 C:/ST/STM32CubeIDE_1.17.0/STM32CubeIDE/plugins/com.st.stm32cube.ide.mcu.externaltools.gnu-tools-for-stm32.12.3.rel1.win32_1.1.0.202410251130/tools/bin/../lib/gcc/arm-none-eabi/12.3.1/thumb/v7e-m+fp/hard\libgcc.a(_udivmoddi4.o)
 .ARM.attributes
                0x000009d9       0x22 C:/ST/STM32CubeIDE_1.17.0/STM32CubeIDE/plugins/com.st.stm32cube.ide.mcu.externaltools.gnu-tools-for-stm32.12.3.rel1.win32_1.1.0.202410251130/tools/bin/../lib/gcc/arm-none-eabi/12.3.1/thumb/v7e-m+fp/hard\libgcc.a(_dvmd_tls.o)
 .ARM.attributes
                0x000009fb       0x22 C:/ST/STM32CubeIDE_1.17.0/STM32CubeIDE/plugins/com.st.stm32cube.ide.mcu.externaltools.gnu-tools-for-stm32.12.3.rel1.win32_1.1.0.202410251130/tools/bin/../lib/gcc/arm-none-eabi/12.3.1/thumb/v7e-m+fp/hard/crtn.o
OUTPUT(ECEN2370_StarterCode_SP25.elf elf32-littlearm)
LOAD linker stubs
LOAD C:/ST/STM32CubeIDE_1.17.0/STM32CubeIDE/plugins/com.st.stm32cube.ide.mcu.externaltools.gnu-tools-for-stm32.12.3.rel1.win32_1.1.0.202410251130/tools/bin/../lib/gcc/arm-none-eabi/12.3.1/../../../../arm-none-eabi/lib/thumb/v7e-m+fp/hard\libc.a
LOAD C:/ST/STM32CubeIDE_1.17.0/STM32CubeIDE/plugins/com.st.stm32cube.ide.mcu.externaltools.gnu-tools-for-stm32.12.3.rel1.win32_1.1.0.202410251130/tools/bin/../lib/gcc/arm-none-eabi/12.3.1/../../../../arm-none-eabi/lib/thumb/v7e-m+fp/hard\libm.a
LOAD C:/ST/STM32CubeIDE_1.17.0/STM32CubeIDE/plugins/com.st.stm32cube.ide.mcu.externaltools.gnu-tools-for-stm32.12.3.rel1.win32_1.1.0.202410251130/tools/bin/../lib/gcc/arm-none-eabi/12.3.1/thumb/v7e-m+fp/hard\libgcc.a

.debug_info     0x00000000    0x140a9
 .debug_info    0x00000000      0xbdf ./Core/Src/ApplicationCode.o
 .debug_info    0x00000bdf      0x697 ./Core/Src/Button_Driver.o
 .debug_info    0x00001276      0x196 ./Core/Src/InterruptControl.o
 .debug_info    0x0000140c     0x106e ./Core/Src/LCD_Driver.o
 .debug_info    0x0000247a       0xf7 ./Core/Src/Scheduler.o
 .debug_info    0x00002571      0x145 ./Core/Src/fonts.o
 .debug_info    0x000026b6      0xc85 ./Core/Src/ili9341.o
 .debug_info    0x0000333b     0x1918 ./Core/Src/main.o
 .debug_info    0x00004c53     0x17b6 ./Core/Src/stm32f4xx_hal_msp.o
 .debug_info    0x00006409      0x112 ./Core/Src/stm32f4xx_it.o
 .debug_info    0x0000651b      0xdd6 ./Core/Src/stmpe811.o
 .debug_info    0x000072f1      0x6a3 ./Core/Src/syscalls.o
 .debug_info    0x00007994      0x168 ./Core/Src/sysmem.o
 .debug_info    0x00007afc      0x52e ./Core/Src/system_stm32f4xx.o
 .debug_info    0x0000802a       0x30 ./Core/Startup/startup_stm32f429zitx.o
 .debug_info    0x0000805a      0x9ba ./Drivers/STM32F4xx_HAL_Driver/Src/stm32f4xx_hal.o
 .debug_info    0x00008a14      0xdc2 ./Drivers/STM32F4xx_HAL_Driver/Src/stm32f4xx_hal_cortex.o
 .debug_info    0x000097d6      0x6db ./Drivers/STM32F4xx_HAL_Driver/Src/stm32f4xx_hal_gpio.o
 .debug_info    0x00009eb1     0x2421 ./Drivers/STM32F4xx_HAL_Driver/Src/stm32f4xx_hal_i2c.o
 .debug_info    0x0000c2d2      0x672 ./Drivers/STM32F4xx_HAL_Driver/Src/stm32f4xx_hal_i2c_ex.o
 .debug_info    0x0000c944     0x1022 ./Drivers/STM32F4xx_HAL_Driver/Src/stm32f4xx_hal_ltdc.o
 .debug_info    0x0000d966      0x8c7 ./Drivers/STM32F4xx_HAL_Driver/Src/stm32f4xx_hal_rcc.o
 .debug_info    0x0000e22d      0x64c ./Drivers/STM32F4xx_HAL_Driver/Src/stm32f4xx_hal_rcc_ex.o
 .debug_info    0x0000e879      0x493 ./Drivers/STM32F4xx_HAL_Driver/Src/stm32f4xx_hal_rng.o
 .debug_info    0x0000ed0c     0x1525 ./Drivers/STM32F4xx_HAL_Driver/Src/stm32f4xx_hal_spi.o
 .debug_info    0x00010231     0x299d ./Drivers/STM32F4xx_HAL_Driver/Src/stm32f4xx_hal_tim.o
 .debug_info    0x00012bce     0x14db ./Drivers/STM32F4xx_HAL_Driver/Src/stm32f4xx_hal_tim_ex.o

.debug_abbrev   0x00000000     0x33c6
 .debug_abbrev  0x00000000      0x2ff ./Core/Src/ApplicationCode.o
 .debug_abbrev  0x000002ff      0x198 ./Core/Src/Button_Driver.o
 .debug_abbrev  0x00000497       0xce ./Core/Src/InterruptControl.o
 .debug_abbrev  0x00000565      0x315 ./Core/Src/LCD_Driver.o
 .debug_abbrev  0x0000087a       0x96 ./Core/Src/Scheduler.o
 .debug_abbrev  0x00000910       0xc6 ./Core/Src/fonts.o
 .debug_abbrev  0x000009d6      0x2c9 ./Core/Src/ili9341.o
 .debug_abbrev  0x00000c9f      0x303 ./Core/Src/main.o
 .debug_abbrev  0x00000fa2      0x25c ./Core/Src/stm32f4xx_hal_msp.o
 .debug_abbrev  0x000011fe       0x73 ./Core/Src/stm32f4xx_it.o
 .debug_abbrev  0x00001271      0x2c9 ./Core/Src/stmpe811.o
 .debug_abbrev  0x0000153a      0x1b6 ./Core/Src/syscalls.o
 .debug_abbrev  0x000016f0       0xbc ./Core/Src/sysmem.o
 .debug_abbrev  0x000017ac      0x11a ./Core/Src/system_stm32f4xx.o
 .debug_abbrev  0x000018c6       0x24 ./Core/Startup/startup_stm32f429zitx.o
 .debug_abbrev  0x000018ea      0x214 ./Drivers/STM32F4xx_HAL_Driver/Src/stm32f4xx_hal.o
 .debug_abbrev  0x00001afe      0x31d ./Drivers/STM32F4xx_HAL_Driver/Src/stm32f4xx_hal_cortex.o
 .debug_abbrev  0x00001e1b      0x1d4 ./Drivers/STM32F4xx_HAL_Driver/Src/stm32f4xx_hal_gpio.o
 .debug_abbrev  0x00001fef      0x2ad ./Drivers/STM32F4xx_HAL_Driver/Src/stm32f4xx_hal_i2c.o
 .debug_abbrev  0x0000229c      0x157 ./Drivers/STM32F4xx_HAL_Driver/Src/stm32f4xx_hal_i2c_ex.o
 .debug_abbrev  0x000023f3      0x233 ./Drivers/STM32F4xx_HAL_Driver/Src/stm32f4xx_hal_ltdc.o
 .debug_abbrev  0x00002626      0x2b7 ./Drivers/STM32F4xx_HAL_Driver/Src/stm32f4xx_hal_rcc.o
 .debug_abbrev  0x000028dd      0x1b0 ./Drivers/STM32F4xx_HAL_Driver/Src/stm32f4xx_hal_rcc_ex.o
 .debug_abbrev  0x00002a8d      0x1c4 ./Drivers/STM32F4xx_HAL_Driver/Src/stm32f4xx_hal_rng.o
 .debug_abbrev  0x00002c51      0x27a ./Drivers/STM32F4xx_HAL_Driver/Src/stm32f4xx_hal_spi.o
 .debug_abbrev  0x00002ecb      0x278 ./Drivers/STM32F4xx_HAL_Driver/Src/stm32f4xx_hal_tim.o
 .debug_abbrev  0x00003143      0x283 ./Drivers/STM32F4xx_HAL_Driver/Src/stm32f4xx_hal_tim_ex.o

.debug_aranges  0x00000000     0x1470
 .debug_aranges
                0x00000000       0x88 ./Core/Src/ApplicationCode.o
 .debug_aranges
                0x00000088       0x28 ./Core/Src/Button_Driver.o
 .debug_aranges
                0x000000b0       0x38 ./Core/Src/InterruptControl.o
 .debug_aranges
                0x000000e8       0xc0 ./Core/Src/LCD_Driver.o
 .debug_aranges
                0x000001a8       0x30 ./Core/Src/Scheduler.o
 .debug_aranges
                0x000001d8       0x18 ./Core/Src/fonts.o
 .debug_aranges
                0x000001f0       0x98 ./Core/Src/ili9341.o
 .debug_aranges
                0x00000288       0x58 ./Core/Src/main.o
 .debug_aranges
                0x000002e0       0x70 ./Core/Src/stm32f4xx_hal_msp.o
 .debug_aranges
                0x00000350       0x60 ./Core/Src/stm32f4xx_it.o
 .debug_aranges
                0x000003b0       0x88 ./Core/Src/stmpe811.o
 .debug_aranges
                0x00000438       0xa8 ./Core/Src/syscalls.o
 .debug_aranges
                0x000004e0       0x20 ./Core/Src/sysmem.o
 .debug_aranges
                0x00000500       0x28 ./Core/Src/system_stm32f4xx.o
 .debug_aranges
                0x00000528       0x28 ./Core/Startup/startup_stm32f429zitx.o
 .debug_aranges
                0x00000550      0x100 ./Drivers/STM32F4xx_HAL_Driver/Src/stm32f4xx_hal.o
 .debug_aranges
                0x00000650      0x130 ./Drivers/STM32F4xx_HAL_Driver/Src/stm32f4xx_hal_cortex.o
 .debug_aranges
                0x00000780       0x58 ./Drivers/STM32F4xx_HAL_Driver/Src/stm32f4xx_hal_gpio.o
 .debug_aranges
                0x000007d8      0x2a8 ./Drivers/STM32F4xx_HAL_Driver/Src/stm32f4xx_hal_i2c.o
 .debug_aranges
                0x00000a80       0x28 ./Drivers/STM32F4xx_HAL_Driver/Src/stm32f4xx_hal_i2c_ex.o
 .debug_aranges
                0x00000aa8      0x158 ./Drivers/STM32F4xx_HAL_Driver/Src/stm32f4xx_hal_ltdc.o
 .debug_aranges
                0x00000c00       0x88 ./Drivers/STM32F4xx_HAL_Driver/Src/stm32f4xx_hal_rcc.o
 .debug_aranges
                0x00000c88       0x58 ./Drivers/STM32F4xx_HAL_Driver/Src/stm32f4xx_hal_rcc_ex.o
 .debug_aranges
                0x00000ce0       0x88 ./Drivers/STM32F4xx_HAL_Driver/Src/stm32f4xx_hal_rng.o
 .debug_aranges
                0x00000d68      0x1d0 ./Drivers/STM32F4xx_HAL_Driver/Src/stm32f4xx_hal_spi.o
 .debug_aranges
                0x00000f38      0x3d0 ./Drivers/STM32F4xx_HAL_Driver/Src/stm32f4xx_hal_tim.o
 .debug_aranges
                0x00001308      0x168 ./Drivers/STM32F4xx_HAL_Driver/Src/stm32f4xx_hal_tim_ex.o

.debug_rnglists
                0x00000000      0xfb7
 .debug_rnglists
                0x00000000       0x69 ./Core/Src/ApplicationCode.o
 .debug_rnglists
                0x00000069       0x19 ./Core/Src/Button_Driver.o
 .debug_rnglists
                0x00000082       0x25 ./Core/Src/InterruptControl.o
 .debug_rnglists
                0x000000a7       0x90 ./Core/Src/LCD_Driver.o
 .debug_rnglists
                0x00000137       0x1f ./Core/Src/Scheduler.o
 .debug_rnglists
                0x00000156       0x6f ./Core/Src/ili9341.o
 .debug_rnglists
                0x000001c5       0x43 ./Core/Src/main.o
 .debug_rnglists
                0x00000208       0x53 ./Core/Src/stm32f4xx_hal_msp.o
 .debug_rnglists
                0x0000025b       0x43 ./Core/Src/stm32f4xx_it.o
 .debug_rnglists
                0x0000029e       0x67 ./Core/Src/stmpe811.o
 .debug_rnglists
                0x00000305       0x79 ./Core/Src/syscalls.o
 .debug_rnglists
                0x0000037e       0x13 ./Core/Src/sysmem.o
 .debug_rnglists
                0x00000391       0x1a ./Core/Src/system_stm32f4xx.o
 .debug_rnglists
                0x000003ab       0x19 ./Core/Startup/startup_stm32f429zitx.o
 .debug_rnglists
                0x000003c4       0xbb ./Drivers/STM32F4xx_HAL_Driver/Src/stm32f4xx_hal.o
 .debug_rnglists
                0x0000047f       0xe0 ./Drivers/STM32F4xx_HAL_Driver/Src/stm32f4xx_hal_cortex.o
 .debug_rnglists
                0x0000055f       0x3f ./Drivers/STM32F4xx_HAL_Driver/Src/stm32f4xx_hal_gpio.o
 .debug_rnglists
                0x0000059e      0x23c ./Drivers/STM32F4xx_HAL_Driver/Src/stm32f4xx_hal_i2c.o
 .debug_rnglists
                0x000007da       0x19 ./Drivers/STM32F4xx_HAL_Driver/Src/stm32f4xx_hal_i2c_ex.o
 .debug_rnglists
                0x000007f3      0x10a ./Drivers/STM32F4xx_HAL_Driver/Src/stm32f4xx_hal_ltdc.o
 .debug_rnglists
                0x000008fd       0x66 ./Drivers/STM32F4xx_HAL_Driver/Src/stm32f4xx_hal_rcc.o
 .debug_rnglists
                0x00000963       0x43 ./Drivers/STM32F4xx_HAL_Driver/Src/stm32f4xx_hal_rcc_ex.o
 .debug_rnglists
                0x000009a6       0x63 ./Drivers/STM32F4xx_HAL_Driver/Src/stm32f4xx_hal_rng.o
 .debug_rnglists
                0x00000a09      0x16f ./Drivers/STM32F4xx_HAL_Driver/Src/stm32f4xx_hal_spi.o
 .debug_rnglists
                0x00000b78      0x31a ./Drivers/STM32F4xx_HAL_Driver/Src/stm32f4xx_hal_tim.o
 .debug_rnglists
                0x00000e92      0x125 ./Drivers/STM32F4xx_HAL_Driver/Src/stm32f4xx_hal_tim_ex.o

.debug_macro    0x00000000    0x272eb
 .debug_macro   0x00000000      0x375 ./Core/Src/ApplicationCode.o
 .debug_macro   0x00000375      0xab4 ./Core/Src/ApplicationCode.o
 .debug_macro   0x00000e29      0x2ad ./Core/Src/ApplicationCode.o
 .debug_macro   0x000010d6       0x2e ./Core/Src/ApplicationCode.o
 .debug_macro   0x00001104       0x28 ./Core/Src/ApplicationCode.o
 .debug_macro   0x0000112c       0x22 ./Core/Src/ApplicationCode.o
 .debug_macro   0x0000114e       0x8e ./Core/Src/ApplicationCode.o
 .debug_macro   0x000011dc       0x51 ./Core/Src/ApplicationCode.o
 .debug_macro   0x0000122d      0x103 ./Core/Src/ApplicationCode.o
 .debug_macro   0x00001330       0x6a ./Core/Src/ApplicationCode.o
 .debug_macro   0x0000139a      0x1df ./Core/Src/ApplicationCode.o
 .debug_macro   0x00001579       0x1c ./Core/Src/ApplicationCode.o
 .debug_macro   0x00001595       0x22 ./Core/Src/ApplicationCode.o
 .debug_macro   0x000015b7       0xfb ./Core/Src/ApplicationCode.o
 .debug_macro   0x000016b2     0x1011 ./Core/Src/ApplicationCode.o
 .debug_macro   0x000026c3      0x11f ./Core/Src/ApplicationCode.o
 .debug_macro   0x000027e2    0x17fd8 ./Core/Src/ApplicationCode.o
 .debug_macro   0x0001a7ba       0x6d ./Core/Src/ApplicationCode.o
 .debug_macro   0x0001a827     0x3711 ./Core/Src/ApplicationCode.o
 .debug_macro   0x0001df38      0x189 ./Core/Src/ApplicationCode.o
 .debug_macro   0x0001e0c1       0x5c ./Core/Src/ApplicationCode.o
 .debug_macro   0x0001e11d      0xcba ./Core/Src/ApplicationCode.o
 .debug_macro   0x0001edd7      0x9e9 ./Core/Src/ApplicationCode.o
 .debug_macro   0x0001f7c0      0x115 ./Core/Src/ApplicationCode.o
 .debug_macro   0x0001f8d5      0x156 ./Core/Src/ApplicationCode.o
 .debug_macro   0x0001fa2b       0xa5 ./Core/Src/ApplicationCode.o
 .debug_macro   0x0001fad0      0x182 ./Core/Src/ApplicationCode.o
 .debug_macro   0x0001fc52      0x287 ./Core/Src/ApplicationCode.o
 .debug_macro   0x0001fed9       0x5f ./Core/Src/ApplicationCode.o
 .debug_macro   0x0001ff38      0x236 ./Core/Src/ApplicationCode.o
 .debug_macro   0x0002016e      0x132 ./Core/Src/ApplicationCode.o
 .debug_macro   0x000202a0      0x41d ./Core/Src/ApplicationCode.o
 .debug_macro   0x000206bd       0x2e ./Core/Src/ApplicationCode.o
 .debug_macro   0x000206eb      0x1b5 ./Core/Src/ApplicationCode.o
 .debug_macro   0x000208a0       0x22 ./Core/Src/ApplicationCode.o
 .debug_macro   0x000208c2       0xd6 ./Core/Src/ApplicationCode.o
 .debug_macro   0x00020998      0x198 ./Core/Src/ApplicationCode.o
 .debug_macro   0x00020b30       0xd6 ./Core/Src/ApplicationCode.o
 .debug_macro   0x00020c06      0x127 ./Core/Src/ApplicationCode.o
 .debug_macro   0x00020d2d       0xe2 ./Core/Src/ApplicationCode.o
 .debug_macro   0x00020e0f       0x89 ./Core/Src/ApplicationCode.o
 .debug_macro   0x00020e98       0xa4 ./Core/Src/ApplicationCode.o
 .debug_macro   0x00020f3c      0x225 ./Core/Src/ApplicationCode.o
 .debug_macro   0x00021161      0x8ed ./Core/Src/ApplicationCode.o
 .debug_macro   0x00021a4e       0x4d ./Core/Src/ApplicationCode.o
 .debug_macro   0x00021a9b      0x134 ./Core/Src/ApplicationCode.o
 .debug_macro   0x00021bcf      0x332 ./Core/Src/ApplicationCode.o
 .debug_macro   0x00021f01       0x22 ./Core/Src/ApplicationCode.o
 .debug_macro   0x00021f23      0x173 ./Core/Src/ApplicationCode.o
 .debug_macro   0x00022096       0x88 ./Core/Src/ApplicationCode.o
 .debug_macro   0x0002211e       0x34 ./Core/Src/ApplicationCode.o
 .debug_macro   0x00022152       0x2a ./Core/Src/ApplicationCode.o
 .debug_macro   0x0002217c       0x61 ./Core/Src/ApplicationCode.o
 .debug_macro   0x000221dd       0x43 ./Core/Src/ApplicationCode.o
 .debug_macro   0x00022220       0x34 ./Core/Src/ApplicationCode.o
 .debug_macro   0x00022254       0x16 ./Core/Src/ApplicationCode.o
 .debug_macro   0x0002226a       0x35 ./Core/Src/ApplicationCode.o
 .debug_macro   0x0002229f       0x16 ./Core/Src/ApplicationCode.o
 .debug_macro   0x000222b5       0x43 ./Core/Src/ApplicationCode.o
 .debug_macro   0x000222f8       0x34 ./Core/Src/ApplicationCode.o
 .debug_macro   0x0002232c       0x10 ./Core/Src/ApplicationCode.o
 .debug_macro   0x0002233c       0x58 ./Core/Src/ApplicationCode.o
 .debug_macro   0x00022394       0x8e ./Core/Src/ApplicationCode.o
 .debug_macro   0x00022422       0x1c ./Core/Src/ApplicationCode.o
 .debug_macro   0x0002243e      0x177 ./Core/Src/ApplicationCode.o
 .debug_macro   0x000225b5      0x369 ./Core/Src/ApplicationCode.o
 .debug_macro   0x0002291e       0x16 ./Core/Src/ApplicationCode.o
 .debug_macro   0x00022934       0x29 ./Core/Src/ApplicationCode.o
 .debug_macro   0x0002295d       0x1c ./Core/Src/ApplicationCode.o
 .debug_macro   0x00022979       0x1c ./Core/Src/ApplicationCode.o
 .debug_macro   0x00022995       0x1c ./Core/Src/ApplicationCode.o
 .debug_macro   0x000229b1       0x10 ./Core/Src/ApplicationCode.o
 .debug_macro   0x000229c1       0x1c ./Core/Src/ApplicationCode.o
 .debug_macro   0x000229dd       0x16 ./Core/Src/ApplicationCode.o
 .debug_macro   0x000229f3      0x146 ./Core/Src/ApplicationCode.o
 .debug_macro   0x00022b39       0x2e ./Core/Src/ApplicationCode.o
 .debug_macro   0x00022b67      0x2f8 ./Core/Src/Button_Driver.o
 .debug_macro   0x00022e5f      0x21a ./Core/Src/InterruptControl.o
 .debug_macro   0x00023079       0x2e ./Core/Src/InterruptControl.o
 .debug_macro   0x000230a7      0x245 ./Core/Src/LCD_Driver.o
 .debug_macro   0x000232ec       0x72 ./Core/Src/Scheduler.o
 .debug_macro   0x0002335e       0x16 ./Core/Src/Scheduler.o
 .debug_macro   0x00023374       0x6d ./Core/Src/fonts.o
 .debug_macro   0x000233e1      0x21a ./Core/Src/ili9341.o
 .debug_macro   0x000235fb      0x32c ./Core/Src/ili9341.o
 .debug_macro   0x00023927      0x384 ./Core/Src/main.o
 .debug_macro   0x00023cab      0x4c8 ./Core/Src/main.o
 .debug_macro   0x00024173      0x21a ./Core/Src/stm32f4xx_hal_msp.o
 .debug_macro   0x0002438d      0x224 ./Core/Src/stm32f4xx_it.o
 .debug_macro   0x000245b1      0x235 ./Core/Src/stmpe811.o
 .debug_macro   0x000247e6      0x274 ./Core/Src/syscalls.o
 .debug_macro   0x00024a5a       0x5b ./Core/Src/syscalls.o
 .debug_macro   0x00024ab5       0x94 ./Core/Src/syscalls.o
 .debug_macro   0x00024b49       0x57 ./Core/Src/syscalls.o
 .debug_macro   0x00024ba0       0x10 ./Core/Src/syscalls.o
 .debug_macro   0x00024bb0       0x10 ./Core/Src/syscalls.o
 .debug_macro   0x00024bc0       0x10 ./Core/Src/syscalls.o
 .debug_macro   0x00024bd0       0x10 ./Core/Src/syscalls.o
 .debug_macro   0x00024be0       0x1c ./Core/Src/syscalls.o
 .debug_macro   0x00024bfc       0x52 ./Core/Src/syscalls.o
 .debug_macro   0x00024c4e       0x22 ./Core/Src/syscalls.o
 .debug_macro   0x00024c70       0x10 ./Core/Src/syscalls.o
 .debug_macro   0x00024c80       0x52 ./Core/Src/syscalls.o
 .debug_macro   0x00024cd2       0xcf ./Core/Src/syscalls.o
 .debug_macro   0x00024da1       0x1c ./Core/Src/syscalls.o
 .debug_macro   0x00024dbd       0x3d ./Core/Src/syscalls.o
 .debug_macro   0x00024dfa       0x35 ./Core/Src/syscalls.o
 .debug_macro   0x00024e2f      0x12c ./Core/Src/syscalls.o
 .debug_macro   0x00024f5b       0x10 ./Core/Src/syscalls.o
 .debug_macro   0x00024f6b      0x242 ./Core/Src/syscalls.o
 .debug_macro   0x000251ad       0x10 ./Core/Src/syscalls.o
 .debug_macro   0x000251bd      0x18a ./Core/Src/syscalls.o
 .debug_macro   0x00025347       0x16 ./Core/Src/syscalls.o
 .debug_macro   0x0002535d       0xce ./Core/Src/syscalls.o
 .debug_macro   0x0002542b       0xff ./Core/Src/sysmem.o
 .debug_macro   0x0002552a      0x23c ./Core/Src/sysmem.o
 .debug_macro   0x00025766      0x20b ./Core/Src/system_stm32f4xx.o
 .debug_macro   0x00025971      0x26b ./Drivers/STM32F4xx_HAL_Driver/Src/stm32f4xx_hal.o
 .debug_macro   0x00025bdc      0x20b ./Drivers/STM32F4xx_HAL_Driver/Src/stm32f4xx_hal_cortex.o
 .debug_macro   0x00025de7      0x211 ./Drivers/STM32F4xx_HAL_Driver/Src/stm32f4xx_hal_gpio.o
 .debug_macro   0x00025ff8      0x259 ./Drivers/STM32F4xx_HAL_Driver/Src/stm32f4xx_hal_i2c.o
 .debug_macro   0x00026251      0x20b ./Drivers/STM32F4xx_HAL_Driver/Src/stm32f4xx_hal_i2c_ex.o
 .debug_macro   0x0002645c      0x213 ./Drivers/STM32F4xx_HAL_Driver/Src/stm32f4xx_hal_ltdc.o
 .debug_macro   0x0002666f      0x22f ./Drivers/STM32F4xx_HAL_Driver/Src/stm32f4xx_hal_rcc.o
 .debug_macro   0x0002689e      0x20b ./Drivers/STM32F4xx_HAL_Driver/Src/stm32f4xx_hal_rcc_ex.o
 .debug_macro   0x00026aa9      0x211 ./Drivers/STM32F4xx_HAL_Driver/Src/stm32f4xx_hal_rng.o
 .debug_macro   0x00026cba      0x21a ./Drivers/STM32F4xx_HAL_Driver/Src/stm32f4xx_hal_spi.o
 .debug_macro   0x00026ed4      0x20c ./Drivers/STM32F4xx_HAL_Driver/Src/stm32f4xx_hal_tim.o
 .debug_macro   0x000270e0      0x20b ./Drivers/STM32F4xx_HAL_Driver/Src/stm32f4xx_hal_tim_ex.o

.debug_line     0x00000000    0x1990a
 .debug_line    0x00000000      0xfa5 ./Core/Src/ApplicationCode.o
 .debug_line    0x00000fa5      0x964 ./Core/Src/Button_Driver.o
 .debug_line    0x00001909      0x831 ./Core/Src/InterruptControl.o
 .debug_line    0x0000213a      0xc28 ./Core/Src/LCD_Driver.o
 .debug_line    0x00002d62      0x458 ./Core/Src/Scheduler.o
 .debug_line    0x000031ba      0x40a ./Core/Src/fonts.o
 .debug_line    0x000035c4      0xa02 ./Core/Src/ili9341.o
 .debug_line    0x00003fc6      0xd17 ./Core/Src/main.o
 .debug_line    0x00004cdd      0x9c0 ./Core/Src/stm32f4xx_hal_msp.o
 .debug_line    0x0000569d      0x883 ./Core/Src/stm32f4xx_it.o
 .debug_line    0x00005f20      0xbd5 ./Core/Src/stmpe811.o
 .debug_line    0x00006af5      0x8a8 ./Core/Src/syscalls.o
 .debug_line    0x0000739d      0x579 ./Core/Src/sysmem.o
 .debug_line    0x00007916      0x845 ./Core/Src/system_stm32f4xx.o
 .debug_line    0x0000815b       0x7a ./Core/Startup/startup_stm32f429zitx.o
 .debug_line    0x000081d5      0xae4 ./Drivers/STM32F4xx_HAL_Driver/Src/stm32f4xx_hal.o
 .debug_line    0x00008cb9      0xda0 ./Drivers/STM32F4xx_HAL_Driver/Src/stm32f4xx_hal_cortex.o
 .debug_line    0x00009a59      0xc62 ./Drivers/STM32F4xx_HAL_Driver/Src/stm32f4xx_hal_gpio.o
 .debug_line    0x0000a6bb     0x3bf4 ./Drivers/STM32F4xx_HAL_Driver/Src/stm32f4xx_hal_i2c.o
 .debug_line    0x0000e2af      0x83b ./Drivers/STM32F4xx_HAL_Driver/Src/stm32f4xx_hal_i2c_ex.o
 .debug_line    0x0000eaea     0x1865 ./Drivers/STM32F4xx_HAL_Driver/Src/stm32f4xx_hal_ltdc.o
 .debug_line    0x0001034f      0xe39 ./Drivers/STM32F4xx_HAL_Driver/Src/stm32f4xx_hal_rcc.o
 .debug_line    0x00011188      0xc83 ./Drivers/STM32F4xx_HAL_Driver/Src/stm32f4xx_hal_rcc_ex.o
 .debug_line    0x00011e0b      0xa3d ./Drivers/STM32F4xx_HAL_Driver/Src/stm32f4xx_hal_rng.o
 .debug_line    0x00012848     0x1dcc ./Drivers/STM32F4xx_HAL_Driver/Src/stm32f4xx_hal_spi.o
 .debug_line    0x00014614     0x3852 ./Drivers/STM32F4xx_HAL_Driver/Src/stm32f4xx_hal_tim.o
 .debug_line    0x00017e66     0x1aa4 ./Drivers/STM32F4xx_HAL_Driver/Src/stm32f4xx_hal_tim_ex.o

.debug_str      0x00000000    0xe2e8b
 .debug_str     0x00000000    0xdaf5e ./Core/Src/ApplicationCode.o
                              0xdb294 (size before relaxing)
 .debug_str     0x000daf5e      0x1ff ./Core/Src/Button_Driver.o
                              0xd9304 (size before relaxing)
 .debug_str     0x000db15d       0x52 ./Core/Src/InterruptControl.o
                              0xd59a7 (size before relaxing)
 .debug_str     0x000db1af      0x544 ./Core/Src/LCD_Driver.o
                              0xd768d (size before relaxing)
 .debug_str     0x000db6f3       0x56 ./Core/Src/Scheduler.o
                               0x3df7 (size before relaxing)
 .debug_str     0x000db749       0x40 ./Core/Src/fonts.o
                               0x3da2 (size before relaxing)
 .debug_str     0x000db789      0x50d ./Core/Src/ili9341.o
                              0xd6bed (size before relaxing)
 .debug_str     0x000dbc96     0x16a5 ./Core/Src/main.o
                              0xdc7d8 (size before relaxing)
 .debug_str     0x000dd33b      0x11e ./Core/Src/stm32f4xx_hal_msp.o
                              0xd77c1 (size before relaxing)
 .debug_str     0x000dd459       0xc9 ./Core/Src/stm32f4xx_it.o
                              0xd67dd (size before relaxing)
 .debug_str     0x000dd522      0x171 ./Core/Src/stmpe811.o
                              0xd6887 (size before relaxing)
 .debug_str     0x000dd693     0x1fc0 ./Core/Src/syscalls.o
                               0x98d9 (size before relaxing)
 .debug_str     0x000df653       0x6b ./Core/Src/sysmem.o
                               0x60f1 (size before relaxing)
 .debug_str     0x000df6be       0xdb ./Core/Src/system_stm32f4xx.o
                              0xd59df (size before relaxing)
 .debug_str     0x000df799       0x44 ./Core/Startup/startup_stm32f429zitx.o
                                 0xa4 (size before relaxing)
 .debug_str     0x000df7dd      0x625 ./Drivers/STM32F4xx_HAL_Driver/Src/stm32f4xx_hal.o
                              0xd6602 (size before relaxing)
 .debug_str     0x000dfe02      0x37f ./Drivers/STM32F4xx_HAL_Driver/Src/stm32f4xx_hal_cortex.o
                              0xd6330 (size before relaxing)
 .debug_str     0x000e0181       0xf3 ./Drivers/STM32F4xx_HAL_Driver/Src/stm32f4xx_hal_gpio.o
                              0xd5b5a (size before relaxing)
 .debug_str     0x000e0274      0xb1e ./Drivers/STM32F4xx_HAL_Driver/Src/stm32f4xx_hal_i2c.o
                              0xd69ef (size before relaxing)
 .debug_str     0x000e0d92       0x3b ./Drivers/STM32F4xx_HAL_Driver/Src/stm32f4xx_hal_i2c_ex.o
                              0xd5dae (size before relaxing)
 .debug_str     0x000e0dcd      0x491 ./Drivers/STM32F4xx_HAL_Driver/Src/stm32f4xx_hal_ltdc.o
                              0xd6043 (size before relaxing)
 .debug_str     0x000e125e      0x213 ./Drivers/STM32F4xx_HAL_Driver/Src/stm32f4xx_hal_rcc.o
                              0xd5e13 (size before relaxing)
 .debug_str     0x000e1471      0x133 ./Drivers/STM32F4xx_HAL_Driver/Src/stm32f4xx_hal_rcc_ex.o
                              0xd5bda (size before relaxing)
 .debug_str     0x000e15a4      0x152 ./Drivers/STM32F4xx_HAL_Driver/Src/stm32f4xx_hal_rng.o
                              0xd5acc (size before relaxing)
 .debug_str     0x000e16f6      0x518 ./Drivers/STM32F4xx_HAL_Driver/Src/stm32f4xx_hal_spi.o
                              0xd628a (size before relaxing)
 .debug_str     0x000e1c0e      0xdea ./Drivers/STM32F4xx_HAL_Driver/Src/stm32f4xx_hal_tim.o
                              0xd6d56 (size before relaxing)
 .debug_str     0x000e29f8      0x493 ./Drivers/STM32F4xx_HAL_Driver/Src/stm32f4xx_hal_tim_ex.o
                              0xd6562 (size before relaxing)

.comment        0x00000000       0x43
 .comment       0x00000000       0x43 ./Core/Src/ApplicationCode.o
                                 0x44 (size before relaxing)
 .comment       0x00000043       0x44 ./Core/Src/Button_Driver.o
 .comment       0x00000043       0x44 ./Core/Src/InterruptControl.o
 .comment       0x00000043       0x44 ./Core/Src/LCD_Driver.o
 .comment       0x00000043       0x44 ./Core/Src/Scheduler.o
 .comment       0x00000043       0x44 ./Core/Src/fonts.o
 .comment       0x00000043       0x44 ./Core/Src/ili9341.o
 .comment       0x00000043       0x44 ./Core/Src/main.o
 .comment       0x00000043       0x44 ./Core/Src/stm32f4xx_hal_msp.o
 .comment       0x00000043       0x44 ./Core/Src/stm32f4xx_it.o
 .comment       0x00000043       0x44 ./Core/Src/stmpe811.o
 .comment       0x00000043       0x44 ./Core/Src/syscalls.o
 .comment       0x00000043       0x44 ./Core/Src/sysmem.o
 .comment       0x00000043       0x44 ./Core/Src/system_stm32f4xx.o
 .comment       0x00000043       0x44 ./Drivers/STM32F4xx_HAL_Driver/Src/stm32f4xx_hal.o
 .comment       0x00000043       0x44 ./Drivers/STM32F4xx_HAL_Driver/Src/stm32f4xx_hal_cortex.o
 .comment       0x00000043       0x44 ./Drivers/STM32F4xx_HAL_Driver/Src/stm32f4xx_hal_gpio.o
 .comment       0x00000043       0x44 ./Drivers/STM32F4xx_HAL_Driver/Src/stm32f4xx_hal_i2c.o
 .comment       0x00000043       0x44 ./Drivers/STM32F4xx_HAL_Driver/Src/stm32f4xx_hal_i2c_ex.o
 .comment       0x00000043       0x44 ./Drivers/STM32F4xx_HAL_Driver/Src/stm32f4xx_hal_ltdc.o
 .comment       0x00000043       0x44 ./Drivers/STM32F4xx_HAL_Driver/Src/stm32f4xx_hal_rcc.o
 .comment       0x00000043       0x44 ./Drivers/STM32F4xx_HAL_Driver/Src/stm32f4xx_hal_rcc_ex.o
 .comment       0x00000043       0x44 ./Drivers/STM32F4xx_HAL_Driver/Src/stm32f4xx_hal_rng.o
 .comment       0x00000043       0x44 ./Drivers/STM32F4xx_HAL_Driver/Src/stm32f4xx_hal_spi.o
 .comment       0x00000043       0x44 ./Drivers/STM32F4xx_HAL_Driver/Src/stm32f4xx_hal_tim.o
 .comment       0x00000043       0x44 ./Drivers/STM32F4xx_HAL_Driver/Src/stm32f4xx_hal_tim_ex.o

.debug_frame    0x00000000     0x5a04
 .debug_frame   0x00000000      0x1ec ./Core/Src/ApplicationCode.o
 .debug_frame   0x000001ec       0x58 ./Core/Src/Button_Driver.o
 .debug_frame   0x00000244       0xb0 ./Core/Src/InterruptControl.o
 .debug_frame   0x000002f4      0x2fc ./Core/Src/LCD_Driver.o
 .debug_frame   0x000005f0       0x80 ./Core/Src/Scheduler.o
 .debug_frame   0x00000670      0x228 ./Core/Src/ili9341.o
 .debug_frame   0x00000898      0x114 ./Core/Src/main.o
 .debug_frame   0x000009ac      0x1b0 ./Core/Src/stm32f4xx_hal_msp.o
 .debug_frame   0x00000b5c      0x104 ./Core/Src/stm32f4xx_it.o
 .debug_frame   0x00000c60      0x204 ./Core/Src/stmpe811.o
 .debug_frame   0x00000e64      0x2ac ./Core/Src/syscalls.o
 .debug_frame   0x00001110       0x34 ./Core/Src/sysmem.o
 .debug_frame   0x00001144       0x58 ./Core/Src/system_stm32f4xx.o
 .debug_frame   0x0000119c      0x3b4 ./Drivers/STM32F4xx_HAL_Driver/Src/stm32f4xx_hal.o
 .debug_frame   0x00001550      0x508 ./Drivers/STM32F4xx_HAL_Driver/Src/stm32f4xx_hal_cortex.o