Archive member included to satisfy reference by file (symbol)

C:/ST/STM32CubeIDE_1.17.0/STM32CubeIDE/plugins/com.st.stm32cube.ide.mcu.externaltools.gnu-tools-for-stm32.12.3.rel1.win32_1.1.0.202410251130/tools/bin/../lib/gcc/arm-none-eabi/12.3.1/../../../../arm-none-eabi/lib/thumb/v7e-m+fp/hard\libc_nano.a(libc_a-exit.o)
                              C:/ST/STM32CubeIDE_1.17.0/STM32CubeIDE/plugins/com.st.stm32cube.ide.mcu.externaltools.gnu-tools-for-stm32.12.3.rel1.win32_1.1.0.202410251130/tools/bin/../lib/gcc/arm-none-eabi/12.3.1/../../../../arm-none-eabi/lib/thumb/v7e-m+fp/hard/crt0.o (exit)
C:/ST/STM32CubeIDE_1.17.0/STM32CubeIDE/plugins/com.st.stm32cube.ide.mcu.externaltools.gnu-tools-for-stm32.12.3.rel1.win32_1.1.0.202410251130/tools/bin/../lib/gcc/arm-none-eabi/12.3.1/../../../../arm-none-eabi/lib/thumb/v7e-m+fp/hard\libc_nano.a(libc_a-findfp.o)
                              C:/ST/STM32CubeIDE_1.17.0/STM32CubeIDE/plugins/com.st.stm32cube.ide.mcu.externaltools.gnu-tools-for-stm32.12.3.rel1.win32_1.1.0.202410251130/tools/bin/../lib/gcc/arm-none-eabi/12.3.1/../../../../arm-none-eabi/lib/thumb/v7e-m+fp/hard\libc_nano.a(libc_a-exit.o) (__stdio_exit_handler)
C:/ST/STM32CubeIDE_1.17.0/STM32CubeIDE/plugins/com.st.stm32cube.ide.mcu.externaltools.gnu-tools-for-stm32.12.3.rel1.win32_1.1.0.202410251130/tools/bin/../lib/gcc/arm-none-eabi/12.3.1/../../../../arm-none-eabi/lib/thumb/v7e-m+fp/hard\libc_nano.a(libc_a-fwalk.o)
                              C:/ST/STM32CubeIDE_1.17.0/STM32CubeIDE/plugins/com.st.stm32cube.ide.mcu.externaltools.gnu-tools-for-stm32.12.3.rel1.win32_1.1.0.202410251130/tools/bin/../lib/gcc/arm-none-eabi/12.3.1/../../../../arm-none-eabi/lib/thumb/v7e-m+fp/hard\libc_nano.a(libc_a-findfp.o) (_fwalk_sglue)
C:/ST/STM32CubeIDE_1.17.0/STM32CubeIDE/plugins/com.st.stm32cube.ide.mcu.externaltools.gnu-tools-for-stm32.12.3.rel1.win32_1.1.0.202410251130/tools/bin/../lib/gcc/arm-none-eabi/12.3.1/../../../../arm-none-eabi/lib/thumb/v7e-m+fp/hard\libc_nano.a(libc_a-stdio.o)
                              C:/ST/STM32CubeIDE_1.17.0/STM32CubeIDE/plugins/com.st.stm32cube.ide.mcu.externaltools.gnu-tools-for-stm32.12.3.rel1.win32_1.1.0.202410251130/tools/bin/../lib/gcc/arm-none-eabi/12.3.1/../../../../arm-none-eabi/lib/thumb/v7e-m+fp/hard\libc_nano.a(libc_a-findfp.o) (__sread)
C:/ST/STM32CubeIDE_1.17.0/STM32CubeIDE/plugins/com.st.stm32cube.ide.mcu.externaltools.gnu-tools-for-stm32.12.3.rel1.win32_1.1.0.202410251130/tools/bin/../lib/gcc/arm-none-eabi/12.3.1/../../../../arm-none-eabi/lib/thumb/v7e-m+fp/hard\libc_nano.a(libc_a-memset.o)
                              C:/ST/STM32CubeIDE_1.17.0/STM32CubeIDE/plugins/com.st.stm32cube.ide.mcu.externaltools.gnu-tools-for-stm32.12.3.rel1.win32_1.1.0.202410251130/tools/bin/../lib/gcc/arm-none-eabi/12.3.1/../../../../arm-none-eabi/lib/thumb/v7e-m+fp/hard/crt0.o (memset)
C:/ST/STM32CubeIDE_1.17.0/STM32CubeIDE/plugins/com.st.stm32cube.ide.mcu.externaltools.gnu-tools-for-stm32.12.3.rel1.win32_1.1.0.202410251130/tools/bin/../lib/gcc/arm-none-eabi/12.3.1/../../../../arm-none-eabi/lib/thumb/v7e-m+fp/hard\libc_nano.a(libc_a-closer.o)
                              C:/ST/STM32CubeIDE_1.17.0/STM32CubeIDE/plugins/com.st.stm32cube.ide.mcu.externaltools.gnu-tools-for-stm32.12.3.rel1.win32_1.1.0.202410251130/tools/bin/../lib/gcc/arm-none-eabi/12.3.1/../../../../arm-none-eabi/lib/thumb/v7e-m+fp/hard\libc_nano.a(libc_a-stdio.o) (_close_r)
C:/ST/STM32CubeIDE_1.17.0/STM32CubeIDE/plugins/com.st.stm32cube.ide.mcu.externaltools.gnu-tools-for-stm32.12.3.rel1.win32_1.1.0.202410251130/tools/bin/../lib/gcc/arm-none-eabi/12.3.1/../../../../arm-none-eabi/lib/thumb/v7e-m+fp/hard\libc_nano.a(libc_a-reent.o)
                              C:/ST/STM32CubeIDE_1.17.0/STM32CubeIDE/plugins/com.st.stm32cube.ide.mcu.externaltools.gnu-tools-for-stm32.12.3.rel1.win32_1.1.0.202410251130/tools/bin/../lib/gcc/arm-none-eabi/12.3.1/../../../../arm-none-eabi/lib/thumb/v7e-m+fp/hard\libc_nano.a(libc_a-closer.o) (errno)
C:/ST/STM32CubeIDE_1.17.0/STM32CubeIDE/plugins/com.st.stm32cube.ide.mcu.externaltools.gnu-tools-for-stm32.12.3.rel1.win32_1.1.0.202410251130/tools/bin/../lib/gcc/arm-none-eabi/12.3.1/../../../../arm-none-eabi/lib/thumb/v7e-m+fp/hard\libc_nano.a(libc_a-impure.o)
                              C:/ST/STM32CubeIDE_1.17.0/STM32CubeIDE/plugins/com.st.stm32cube.ide.mcu.externaltools.gnu-tools-for-stm32.12.3.rel1.win32_1.1.0.202410251130/tools/bin/../lib/gcc/arm-none-eabi/12.3.1/../../../../arm-none-eabi/lib/thumb/v7e-m+fp/hard\libc_nano.a(libc_a-reent.o) (_impure_ptr)
C:/ST/STM32CubeIDE_1.17.0/STM32CubeIDE/plugins/com.st.stm32cube.ide.mcu.externaltools.gnu-tools-for-stm32.12.3.rel1.win32_1.1.0.202410251130/tools/bin/../lib/gcc/arm-none-eabi/12.3.1/../../../../arm-none-eabi/lib/thumb/v7e-m+fp/hard\libc_nano.a(libc_a-lseekr.o)
[...]
Memory Configuration

Name             Origin             Length             Attributes
CCMRAM           0x10000000         0x00010000         xrw
RAM              0x20000000         0x00030000         xrw
FLASH            0x08000000         0x00200000         xr
*default*        0x00000000         0xffffffff

Linker script and memory map

LOAD C:/ST/STM32CubeIDE_1.17.0/STM32CubeIDE/plugins/com.st.stm32cube.ide.mcu.externaltools.gnu-tools-for-stm32.12.3.rel1.win32_1.1.0.202410251130/tools/bin/../lib/gcc/arm-none-eabi/12.3.1/thumb/v7e-m+fp/hard/crti.o
LOAD C:/ST/STM32CubeIDE_1.17.0/STM32CubeIDE/plugins/com.st.stm32cube.ide.mcu.externaltools.gnu-tools-for-stm32.12.3.rel1.win32_1.1.0.202410251130/tools/bin/../lib/gcc/arm-none-eabi/12.3.1/thumb/v7e-m+fp/hard/crtbegin.o
LOAD C:/ST/STM32CubeIDE_1.17.0/STM32CubeIDE/plugins/com.st.stm32cube.ide.mcu.externaltools.gnu-tools-for-stm32.12.3.rel1.win32_1.1.0.202410251130/tools/bin/../lib/gcc/arm-none-eabi/12.3.1/../../../../arm-none-eabi/lib/thumb/v7e-m+fp/hard/crt0.o
LOAD ./Core/Src/ApplicationCode.o
LOAD ./Core/Src/Button_Driver.o
LOAD ./Core/Src/InterruptControl.o
LOAD ./Core/Src/LCD_Driver.o
LOAD ./Core/Src/Scheduler.o
LOAD ./Core/Src/fonts.o
LOAD ./Core/Src/ili9341.o
LOAD ./Core/Src/main.o
LOAD ./Core/Src/stm32f4xx_hal_msp.o
LOAD ./Core/Src/stm32f4xx_it.o
LOAD ./Core/Src/stmpe811.o
LOAD ./Core/Src/syscalls.o
LOAD ./Core/Src/sysmem.o
LOAD ./Core/Src/system_stm32f4xx.o
LOAD ./Core/Startup/startup_stm32f429zitx.o
LOAD ./Drivers/STM32F4xx_HAL_Driver/Src/stm32f4xx_hal.o
LOAD ./Drivers/STM32F4xx_HAL_Driver/Src/stm32f4xx_hal_cortex.o
LOAD ./Drivers/STM32F4xx_HAL_Driver/Src/stm32f4xx_hal_dma.o
LOAD ./Drivers/STM32F4xx_HAL_Driver/Src/stm32f4xx_hal_dma_ex.o
LOAD ./Drivers/STM32F4xx_HAL_Driver/Src/stm32f4xx_hal_dsi.o
LOAD ./Drivers/STM32F4xx_HAL_Driver/Src/stm32f4xx_hal_exti.o
LOAD ./Drivers/STM32F4xx_HAL_Driver/Src/stm32f4xx_hal_flash.o
LOAD ./Drivers/STM32F4xx_HAL_Driver/Src/stm32f4xx_hal_flash_ex.o
LOAD ./Drivers/STM32F4xx_HAL_Driver/Src/stm32f4xx_hal_flash_ramfunc.o
LOAD ./Drivers/STM32F4xx_HAL_Driver/Src/stm32f4xx_hal_gpio.o
LOAD ./Drivers/STM32F4xx_HAL_Driver/Src/stm32f4xx_hal_i2c.o
LOAD ./Drivers/STM32F4xx_HAL_Driver/Src/stm32f4xx_hal_i2c_ex.o
LOAD ./Drivers/STM32F4xx_HAL_Driver/Src/stm32f4xx_hal_ltdc.o
LOAD ./Drivers/STM32F4xx_HAL_Driver/Src/stm32f4xx_hal_ltdc_ex.o
LOAD ./Drivers/STM32F4xx_HAL_Driver/Src/stm32f4xx_hal_pwr.o
LOAD ./Drivers/STM32F4xx_HAL_Driver/Src/stm32f4xx_hal_pwr_ex.o
LOAD ./Drivers/STM32F4xx_HAL_Driver/Src/stm32f4xx_hal_rcc.o
LOAD ./Drivers/STM32F4xx_HAL_Driver/Src/stm32f4xx_hal_rcc_ex.o
LOAD ./Drivers/STM32F4xx_HAL_Driver/Src/stm32f4xx_hal_rng.o
LOAD ./Drivers/STM32F4xx_HAL_Driver/Src/stm32f4xx_hal_spi.o
LOAD ./Drivers/STM32F4xx_HAL_Driver/Src/stm32f4xx_hal_tim.o
LOAD ./Drivers/STM32F4xx_HAL_Driver/Src/stm32f4xx_hal_tim_ex.o
START GROUP
LOAD C:/ST/STM32CubeIDE_1.17.0/STM32CubeIDE/plugins/com.st.stm32cube.ide.mcu.externaltools.gnu-tools-for-stm32.12.3.rel1.win32_1.1.0.202410251130/tools/bin/../lib/gcc/arm-none-eabi/12.3.1/../../../../arm-none-eabi/lib/thumb/v7e-m+fp/hard\libc_nano.a
LOAD C:/ST/STM32CubeIDE_1.17.0/STM32CubeIDE/plugins/com.st.stm32cube.ide.mcu.externaltools.gnu-tools-for-stm32.12.3.rel1.win32_1.1.0.202410251130/tools/bin/../lib/gcc/arm-none-eabi/12.3.1/../../../../arm-none-eabi/lib/thumb/v7e-m+fp/hard\libm.a
END GROUP
START GROUP
LOAD C:/ST/STM32CubeIDE_1.17.0/STM32CubeIDE/plugins/com.st.stm32cube.ide.mcu.externaltools.gnu-tools-for-stm32.12.3.rel1.win32_1.1.0.202410251130/tools/bin/../lib/gcc/arm-none-eabi/12.3.1/thumb/v7e-m+fp/hard\libgcc.a
LOAD C:/ST/STM32CubeIDE_1.17.0/STM32CubeIDE/plugins/com.st.stm32cube.ide.mcu.externaltools.gnu-tools-for-stm32.12.3.rel1.win32_1.1.0.202410251130/tools/bin/../lib/gcc/arm-none-eabi/12.3.1/../../../../arm-none-eabi/lib/thumb/v7e-m+fp/hard\libc_nano.a
END GROUP
START GROUP
LOAD C:/ST/STM32CubeIDE_1.17.0/STM32CubeIDE/plugins/com.st.stm32cube.ide.mcu.externaltools.gnu-tools-for-stm32.12.3.rel1.win32_1.1.0.202410251130/tools/bin/../lib/gcc/arm-none-eabi/12.3.1/thumb/v7e-m+fp/hard\libgcc.a
LOAD C:/ST/STM32CubeIDE_1.17.0/STM32CubeIDE/plugins/com.st.stm32cube.ide.mcu.externaltools.gnu-tools-for-stm32.12.3.rel1.win32_1.1.0.202410251130/tools/bin/../lib/gcc/arm-none-eabi/12.3.1/../../../../arm-none-eabi/lib/thumb/v7e-m+fp/hard\libc_nano.a
LOAD C:/ST/STM32CubeIDE_1.17.0/STM32CubeIDE/plugins/com.st.stm32cube.ide.mcu.externaltools.gnu-tools-for-stm32.12.3.rel1.win32_1.1.0.202410251130/tools/bin/../lib/gcc/arm-none-eabi/12.3.1/../../../../arm-none-eabi/lib/thumb/v7e-m+fp/hard\libnosys.a
END GROUP
START GROUP
LOAD C:/ST/STM32CubeIDE_1.17.0/STM32CubeIDE/plugins/com.st.stm32cube.ide.mcu.externaltools.gnu-tools-for-stm32.12.3.rel1.win32_1.1.0.202410251130/tools/bin/../lib/gcc/arm-none-eabi/12.3.1/thumb/v7e-m+fp/hard\libgcc.a
LOAD C:/ST/STM32CubeIDE_1.17.0/STM32CubeIDE/plugins/com.st.stm32cube.ide.mcu.externaltools.gnu-tools-for-stm32.12.3.rel1.win32_1.1.0.202410251130/tools/bin/../lib/gcc/arm-none-eabi/12.3.1/../../../../arm-none-eabi/lib/thumb/v7e-m+fp/hard\libc_nano.a
LOAD C:/ST/STM32CubeIDE_1.17.0/STM32CubeIDE/plugins/com.st.stm32cube.ide.mcu.externaltools.gnu-tools-for-stm32.12.3.rel1.win32_1.1.0.202410251130/tools/bin/../lib/gcc/arm-none-eabi/12.3.1/../../../../arm-none-eabi/lib/thumb/v7e-m+fp/hard\libnosys.a
END GROUP
LOAD C:/ST/STM32CubeIDE_1.17.0/STM32CubeIDE/plugins/com.st.stm32cube.ide.mcu.externaltools.gnu-tools-for-stm32.12.3.rel1.win32_1.1.0.202410251130/tools/bin/../lib/gcc/arm-none-eabi/12.3.1/thumb/v7e-m+fp/hard/crtend.o
LOAD C:/ST/STM32CubeIDE_1.17.0/STM32CubeIDE/plugins/com.st.stm32cube.ide.mcu.externaltools.gnu-tools-for-stm32.12.3.rel1.win32_1.1.0.202410251130/tools/bin/../lib/gcc/arm-none-eabi/12.3.1/thumb/v7e-m+fp/hard/crtn.o
                0x20030000                        _estack = (ORIGIN (RAM) + LENGTH (RAM))
                0x00000200                        _Min_Heap_Size = 0x200
                0x00000400                        _Min_Stack_Size = 0x400

.isr_vector     0x08000000      0x1ac
                0x08000000                        . = ALIGN (0x4)
 *(.isr_vector)
 .isr_vector    0x08000000      0x1ac ./Core/Startup/startup_stm32f429zitx.o
                0x08000000                g_pfnVectors
                0x080001ac                        . = ALIGN (0x4)

.text           0x080001ac     0x55ac
                0x080001ac                        . = ALIGN (0x4)
 *(.text)
 .text          0x080001ac       0x40 C:/ST/STM32CubeIDE_1.17.0/STM32CubeIDE/plugins/com.st.stm32cube.ide.mcu.externaltools.gnu-tools-for-stm32.12.3.rel1.win32_1.1.0.202410251130/tools/bin/../lib/gcc/arm-none-eabi/12.3.1/thumb/v7e-m+fp/hard/crtbegin.o
 .text          0x080001ec       0x30 C:/ST/STM32CubeIDE_1.17.0/STM32CubeIDE/plugins/com.st.stm32cube.ide.mcu.externaltools.gnu-tools-for-stm32.12.3.rel1.win32_1.1.0.202410251130/tools/bin/../lib/gcc/arm-none-eabi/12.3.1/thumb/v7e-m+fp/hard\libgcc.a(_aeabi_uldivmod.o)
                0x080001ec                __aeabi_uldivmod
 .text          0x0800021c      0x2bc C:/ST/STM32CubeIDE_1.17.0/STM32CubeIDE/plugins/com.st.stm32cube.ide.mcu.externaltools.gnu-tools-for-stm32.12.3.rel1.win32_1.1.0.202410251130/tools/bin/../lib/gcc/arm-none-eabi/12.3.1/thumb/v7e-m+fp/hard\libgcc.a(_udivmoddi4.o)
                0x0800021c                __udivmoddi4
 .text          0x080004d8        0x4 C:/ST/STM32CubeIDE_1.17.0/STM32CubeIDE/plugins/com.st.stm32cube.ide.mcu.externaltools.gnu-tools-for-stm32.12.3.rel1.win32_1.1.0.202410251130/tools/bin/../lib/gcc/arm-none-eabi/12.3.1/thumb/v7e-m+fp/hard\libgcc.a(_dvmd_tls.o)
                0x080004d8                __aeabi_idiv0
                0x080004d8                __aeabi_ldiv0
 *(.text*)
 .text.ApplicationInit
                0x080004dc       0x34 ./Core/Src/ApplicationCode.o
                0x080004dc                ApplicationInit
 .text.game_init
                0x08000510       0x60 ./Core/Src/ApplicationCode.o
                0x08000510                game_init
 .text.update_game_board
                0x08000570       0xd8 ./Core/Src/ApplicationCode.o
                0x08000570                update_game_board
 .text.check_for_win
                0x08000648      0x2b8 ./Core/Src/ApplicationCode.o
                0x08000648                check_for_win
 .text.LCD_Touch_Move_Chip
                0x08000900       0xbc ./Core/Src/ApplicationCode.o
                0x08000900                LCD_Touch_Move_Chip
 .text.EXTI0_IRQHandler
                0x080009bc       0x26 ./Core/Src/ApplicationCode.o
                0x080009bc                EXTI0_IRQHandler
 *fill*         0x080009e2        0x2 
 .text.LCD_Touch_Player_Count
                0x080009e4       0x84 ./Core/Src/ApplicationCode.o
                0x080009e4                LCD_Touch_Player_Count
 .text.LCD_PrintBoard
                0x08000a68       0xf8 ./Core/Src/ApplicationCode.o
                0x08000a68                LCD_PrintBoard
 .text.buttonInitInterrupt
                0x08000b60       0x54 ./Core/Src/Button_Driver.o
                0x08000b60                buttonInitInterrupt
 .text.enableIRQInterrupt
                0x08000bb4       0x2c ./Core/Src/InterruptControl.o
                0x08000bb4                enableIRQInterrupt
 .text.disableIRQInterrupt
                0x08000be0       0x2c ./Core/Src/InterruptControl.o
                0x08000be0                disableIRQInterrupt
 .text.clearIRQPendingInterrupt
                0x08000c0c       0x2c ./Core/Src/InterruptControl.o
                0x08000c0c                clearIRQPendingInterrupt
 .text.clearEXTIPendingInterrupt
                0x08000c38       0x30 ./Core/Src/InterruptControl.o
                0x08000c38                clearEXTIPendingInterrupt
 .text.LCD_GPIO_Init
                0x08000c68      0x190 ./Core/Src/LCD_Driver.o
                0x08000c68                LCD_GPIO_Init
 .text.LTCD_Layer_Init
                0x08000df8       0x80 ./Core/Src/LCD_Driver.o
                0x08000df8                LTCD_Layer_Init
 .text.LTCD__Init
                0x08000e78       0xbc ./Core/Src/LCD_Driver.o
                0x08000e78                LTCD__Init
 .text.LCD_Draw_Pixel
                0x08000f34       0x4c ./Core/Src/LCD_Driver.o
                0x08000f34                LCD_Draw_Pixel
 .text.LCD_Draw_Circle_Fill
                0x08000f80       0xa6 ./Core/Src/LCD_Driver.o
                0x08000f80                LCD_Draw_Circle_Fill
 .text.LCD_Draw_Vertical_Line
                0x08001026       0x4e ./Core/Src/LCD_Driver.o
                0x08001026                LCD_Draw_Vertical_Line
 .text.LCD_Draw_Horizontal_Line
                0x08001074       0x4e ./Core/Src/LCD_Driver.o
                0x08001074                LCD_Draw_Horizontal_Line
 *fill*         0x080010c2        0x2 
 .text.LCD_Clear
                0x080010c4       0x44 ./Core/Src/LCD_Driver.o
                0x080010c4                LCD_Clear
 .text.LCD_SetTextColor
                0x08001108       0x20 ./Core/Src/LCD_Driver.o
                0x08001108                LCD_SetTextColor
 .text.LCD_SetFont
                0x08001128       0x20 ./Core/Src/LCD_Driver.o
                0x08001128                LCD_SetFont
 .text.LCD_Draw_Char
                0x08001148       0xdc ./Core/Src/LCD_Driver.o
                0x08001148                LCD_Draw_Char
 .text.LCD_DisplayChar
                0x08001224       0x44 ./Core/Src/LCD_Driver.o
                0x08001224                LCD_DisplayChar
 .text.LCD_Print_Chip
                0x08001268       0x58 ./Core/Src/LCD_Driver.o
                0x08001268                LCD_Print_Chip
 .text.LCD_Error_Handler
                0x080012c0        0xc ./Core/Src/LCD_Driver.o
                0x080012c0                LCD_Error_Handler
 .text.InitializeLCDTouch
                0x080012cc       0x16 ./Core/Src/LCD_Driver.o
                0x080012cc                InitializeLCDTouch
 .text.returnTouchStateAndLocation
                0x080012e2       0x18 ./Core/Src/LCD_Driver.o
                0x080012e2                returnTouchStateAndLocation
 *fill*         0x080012fa        0x2 
 .text.getScheduledEvents
                0x080012fc       0x18 ./Core/Src/Scheduler.o
                0x080012fc                getScheduledEvents
 .text.addScheduleEvent
                0x08001314       0x24 ./Core/Src/Scheduler.o
                0x08001314                addScheduleEvent
 .text.removeSchedulerEvent
                0x08001338       0x28 ./Core/Src/Scheduler.o
                0x08001338                removeSchedulerEvent
 .text.ili9341_Init
                0x08001360      0x294 ./Core/Src/ili9341.o
                0x08001360                ili9341_Init
 .text.ili9341_Write_Reg
                0x080015f4       0x1a ./Core/Src/ili9341.o
                0x080015f4                ili9341_Write_Reg
 .text.ili9341_Send_Data
                0x0800160e       0x1a ./Core/Src/ili9341.o
                0x0800160e                ili9341_Send_Data
 .text.SPI_Init
                0x08001628       0x74 ./Core/Src/ili9341.o
 .text.SPI_Write
                0x0800169c       0x3c ./Core/Src/ili9341.o
 .text.SPI_Error
                0x080016d8       0x18 ./Core/Src/ili9341.o
 .text.SPI_MspInit
                0x080016f0       0x74 ./Core/Src/ili9341.o
 .text.LCD_IO_Init
                0x08001764       0xf0 ./Core/Src/ili9341.o
                0x08001764                LCD_IO_Init
 .text.LCD_IO_WriteData
                0x08001854       0x44 ./Core/Src/ili9341.o
                0x08001854                LCD_IO_WriteData
 .text.LCD_IO_WriteReg
                0x08001898       0x44 ./Core/Src/ili9341.o
                0x08001898                LCD_IO_WriteReg
 .text.LCD_Delay
                0x080018dc       0x16 ./Core/Src/ili9341.o
                0x080018dc                LCD_Delay
 .text.main     0x080018f2       0x8e ./Core/Src/main.o
                0x080018f2                main
 .text.SystemClock_Config
                0x08001980       0xd4 ./Core/Src/main.o
                0x08001980                SystemClock_Config
 .text.Error_Handler
                0x08001a54        0xc ./Core/Src/main.o
                0x08001a54                Error_Handler
 .text.HAL_MspInit
                0x08001a60       0x50 ./Core/Src/stm32f4xx_hal_msp.o
                0x08001a60                HAL_MspInit
 .text.HAL_I2C_MspInit
                0x08001ab0       0xd4 ./Core/Src/stm32f4xx_hal_msp.o
                0x08001ab0                HAL_I2C_MspInit
 .text.HAL_LTDC_MspInit
                0x08001b84      0x250 ./Core/Src/stm32f4xx_hal_msp.o
                0x08001b84                HAL_LTDC_MspInit
 .text.HAL_SPI_MspInit
                0x08001dd4       0x90 ./Core/Src/stm32f4xx_hal_msp.o
                0x08001dd4                HAL_SPI_MspInit
 .text.HAL_SPI_MspDeInit
                0x08001e64       0x3c ./Core/Src/stm32f4xx_hal_msp.o
                0x08001e64                HAL_SPI_MspDeInit
 .text.NMI_Handler
                0x08001ea0        0x8 ./Core/Src/stm32f4xx_it.o
                0x08001ea0                NMI_Handler
 .text.HardFault_Handler
                0x08001ea8        0x8 ./Core/Src/stm32f4xx_it.o
                0x08001ea8                HardFault_Handler
 .text.MemManage_Handler
                0x08001eb0        0x8 ./Core/Src/stm32f4xx_it.o
                0x08001eb0                MemManage_Handler
 .text.BusFault_Handler
                0x08001eb8        0x8 ./Core/Src/stm32f4xx_it.o
                0x08001eb8                BusFault_Handler
 .text.UsageFault_Handler
                0x08001ec0        0x8 ./Core/Src/stm32f4xx_it.o
                0x08001ec0                UsageFault_Handler
 .text.SVC_Handler
                0x08001ec8        0xe ./Core/Src/stm32f4xx_it.o
                0x08001ec8                SVC_Handler
 .text.DebugMon_Handler
                0x08001ed6        0xe ./Core/Src/stm32f4xx_it.o
                0x08001ed6                DebugMon_Handler
 .text.PendSV_Handler
                0x08001ee4        0xe ./Core/Src/stm32f4xx_it.o
                0x08001ee4                PendSV_Handler
 .text.SysTick_Handler
                0x08001ef2        0xc ./Core/Src/stm32f4xx_it.o
                0x08001ef2                SysTick_Handler
 .text.STMPE811_Init
                0x08001efe      0x14e ./Core/Src/stmpe811.o
                0x08001efe                STMPE811_Init
 .text.STMPE811_Read
                0x0800204c       0x22 ./Core/Src/stmpe811.o
                0x0800204c                STMPE811_Read
 .text.STMPE811_ReadTouch
                0x0800206e      0x198 ./Core/Src/stmpe811.o
                0x0800206e                STMPE811_ReadTouch
 *fill*         0x08002206        0x2 
 .text.verifyHAL_I2C_IS_OKAY
                0x08002208       0x20 ./Core/Src/stmpe811.o
                0x08002208                verifyHAL_I2C_IS_OKAY
 .text.I2C3_Init
                0x08002228       0x7c ./Core/Src/stmpe811.o
 .text.I2C3_MspInit
                0x080022a4       0xa8 ./Core/Src/stmpe811.o
 .text.I2C3_Write
                0x0800234c       0x54 ./Core/Src/stmpe811.o
                0x0800234c                I2C3_Write
 .text.I2C3_Read
                0x080023a0       0x4c ./Core/Src/stmpe811.o
                0x080023a0                I2C3_Read
 .text.I2C3_MulitByteRead
                0x080023ec       0x44 ./Core/Src/stmpe811.o
                0x080023ec                I2C3_MulitByteRead
 .text.TM_STMPE811_ReadX
                0x08002430       0xbc ./Core/Src/stmpe811.o
                0x08002430                TM_STMPE811_ReadX
 .text.TM_STMPE811_ReadY
                0x080024ec       0xa4 ./Core/Src/stmpe811.o
                0x080024ec                TM_STMPE811_ReadY
 .text.initialise_monitor_handles
                0x08002590        0xe ./Core/Src/syscalls.o
                0x08002590                initialise_monitor_handles
 *fill*         0x0800259e        0x2 
 .text.SystemInit
                0x080025a0       0x24 ./Core/Src/system_stm32f4xx.o
                0x080025a0                SystemInit
 .text.Reset_Handler
                0x080025c4       0x50 ./Core/Startup/startup_stm32f429zitx.o
                0x080025c4                Reset_Handler
 .text.Default_Handler
                0x08002614        0x2 ./Core/Startup/startup_stm32f429zitx.o
                0x08002614                RTC_Alarm_IRQHandler
                0x08002614                HASH_RNG_IRQHandler
                0x08002614                EXTI2_IRQHandler
                0x08002614                TIM8_CC_IRQHandler
                0x08002614                UART8_IRQHandler
                0x08002614                SPI4_IRQHandler
                0x08002614                TIM1_CC_IRQHandler
                0x08002614                DMA2_Stream5_IRQHandler
                0x08002614                DMA1_Stream5_IRQHandler
                0x08002614                PVD_IRQHandler
                0x08002614                SDIO_IRQHandler
                0x08002614                TAMP_STAMP_IRQHandler
                0x08002614                CAN2_RX1_IRQHandler
                0x08002614                EXTI3_IRQHandler
                0x08002614                TIM8_TRG_COM_TIM14_IRQHandler
                0x08002614                TIM1_UP_TIM10_IRQHandler
                0x08002614                TIM8_UP_TIM13_IRQHandler
                0x08002614                I2C3_ER_IRQHandler
                0x08002614                I2C2_EV_IRQHandler
                0x08002614                DMA1_Stream2_IRQHandler
                0x08002614                CAN1_RX0_IRQHandler
                0x08002614                FPU_IRQHandler
                0x08002614                OTG_HS_WKUP_IRQHandler
                0x08002614                LTDC_ER_IRQHandler
                0x08002614                CAN2_SCE_IRQHandler
                0x08002614                DMA2_Stream2_IRQHandler
                0x08002614                SPI1_IRQHandler
                0x08002614                TIM6_DAC_IRQHandler
                0x08002614                TIM1_BRK_TIM9_IRQHandler
                0x08002614                DCMI_IRQHandler
                0x08002614                CAN2_RX0_IRQHandler
                0x08002614                DMA2_Stream3_IRQHandler
                0x08002614                USART6_IRQHandler
                0x08002614                USART3_IRQHandler
                0x08002614                CAN1_RX1_IRQHandler
                0x08002614                UART5_IRQHandler
                0x08002614                DMA2_Stream0_IRQHandler
                0x08002614                TIM4_IRQHandler
                0x08002614                I2C1_EV_IRQHandler
                0x08002614                DMA1_Stream6_IRQHandler
                0x08002614                DMA1_Stream1_IRQHandler
                0x08002614                UART4_IRQHandler
                0x08002614                TIM3_IRQHandler
                0x08002614                RCC_IRQHandler
                0x08002614                TIM8_BRK_TIM12_IRQHandler
                0x08002614                Default_Handler
                0x08002614                EXTI15_10_IRQHandler
                0x08002614                ADC_IRQHandler
                0x08002614                DMA1_Stream7_IRQHandler
                0x08002614                SPI5_IRQHandler
                0x08002614                TIM7_IRQHandler
                0x08002614                CAN2_TX_IRQHandler
                0x08002614                TIM5_IRQHandler
                0x08002614                DMA2_Stream7_IRQHandler
                0x08002614                I2C3_EV_IRQHandler
                0x08002614                EXTI9_5_IRQHandler
                0x08002614                RTC_WKUP_IRQHandler
                0x08002614                LTDC_IRQHandler
                0x08002614                ETH_WKUP_IRQHandler
                0x08002614                SPI2_IRQHandler
                0x08002614                OTG_HS_EP1_IN_IRQHandler
                0x08002614                DMA1_Stream0_IRQHandler
                0x08002614                CAN1_TX_IRQHandler
                0x08002614                EXTI4_IRQHandler
                0x08002614                ETH_IRQHandler
                0x08002614                OTG_HS_EP1_OUT_IRQHandler
                0x08002614                WWDG_IRQHandler
                0x08002614                SPI6_IRQHandler
                0x08002614                TIM2_IRQHandler
                0x08002614                OTG_FS_WKUP_IRQHandler
                0x08002614                TIM1_TRG_COM_TIM11_IRQHandler
                0x08002614                OTG_HS_IRQHandler
                0x08002614                DMA2D_IRQHandler
                0x08002614                EXTI1_IRQHandler
                0x08002614                UART7_IRQHandler
                0x08002614                USART2_IRQHandler
                0x08002614                I2C2_ER_IRQHandler
                0x08002614                DMA2_Stream1_IRQHandler
                0x08002614                CAN1_SCE_IRQHandler
                0x08002614                FLASH_IRQHandler
                0x08002614                DMA2_Stream4_IRQHandler
                0x08002614                USART1_IRQHandler
                0x08002614                OTG_FS_IRQHandler
                0x08002614                SPI3_IRQHandler
                0x08002614                DMA1_Stream4_IRQHandler
                0x08002614                I2C1_ER_IRQHandler
                0x08002614                FMC_IRQHandler
                0x08002614                DMA2_Stream6_IRQHandler
                0x08002614                SAI1_IRQHandler
                0x08002614                DMA1_Stream3_IRQHandler
 *fill*         0x08002616        0x2 
 .text.HAL_Init
                0x08002618       0x44 ./Drivers/STM32F4xx_HAL_Driver/Src/stm32f4xx_hal.o
                0x08002618                HAL_Init
 .text.HAL_InitTick
                0x0800265c       0x60 ./Drivers/STM32F4xx_HAL_Driver/Src/stm32f4xx_hal.o
                0x0800265c                HAL_InitTick
 .text.HAL_IncTick
                0x080026bc       0x28 ./Drivers/STM32F4xx_HAL_Driver/Src/stm32f4xx_hal.o
                0x080026bc                HAL_IncTick
 .text.HAL_GetTick
                0x080026e4       0x18 ./Drivers/STM32F4xx_HAL_Driver/Src/stm32f4xx_hal.o
                0x080026e4                HAL_GetTick
 .text.HAL_Delay
                0x080026fc       0x48 ./Drivers/STM32F4xx_HAL_Driver/Src/stm32f4xx_hal.o
                0x080026fc                HAL_Delay
 .text.__NVIC_SetPriorityGrouping
                0x08002744       0x48 ./Drivers/STM32F4xx_HAL_Driver/Src/stm32f4xx_hal_cortex.o
 .text.__NVIC_GetPriorityGrouping
                0x0800278c       0x1c ./Drivers/STM32F4xx_HAL_Driver/Src/stm32f4xx_hal_cortex.o
 .text.__NVIC_EnableIRQ
                0x080027a8       0x3c ./Drivers/STM32F4xx_HAL_Driver/Src/stm32f4xx_hal_cortex.o
 .text.__NVIC_SetPriority
                0x080027e4       0x54 ./Drivers/STM32F4xx_HAL_Driver/Src/stm32f4xx_hal_cortex.o
 .text.NVIC_EncodePriority
                0x08002838       0x66 ./Drivers/STM32F4xx_HAL_Driver/Src/stm32f4xx_hal_cortex.o
 *fill*         0x0800289e        0x2 
 .text.SysTick_Config
                0x080028a0       0x44 ./Drivers/STM32F4xx_HAL_Driver/Src/stm32f4xx_hal_cortex.o
 .text.HAL_NVIC_SetPriorityGrouping
                0x080028e4       0x16 ./Drivers/STM32F4xx_HAL_Driver/Src/stm32f4xx_hal_cortex.o
                0x080028e4                HAL_NVIC_SetPriorityGrouping
 .text.HAL_NVIC_SetPriority
                0x080028fa       0x38 ./Drivers/STM32F4xx_HAL_Driver/Src/stm32f4xx_hal_cortex.o
                0x080028fa                HAL_NVIC_SetPriority
 .text.HAL_NVIC_EnableIRQ
                0x08002932       0x1c ./Drivers/STM32F4xx_HAL_Driver/Src/stm32f4xx_hal_cortex.o
                0x08002932                HAL_NVIC_EnableIRQ
 .text.HAL_SYSTICK_Config
                0x0800294e       0x18 ./Drivers/STM32F4xx_HAL_Driver/Src/stm32f4xx_hal_cortex.o
                0x0800294e                HAL_SYSTICK_Config
 *fill*         0x08002966        0x2 
 .text.HAL_GPIO_Init
                0x08002968      0x358 ./Drivers/STM32F4xx_HAL_Driver/Src/stm32f4xx_hal_gpio.o
                0x08002968                HAL_GPIO_Init
 .text.HAL_GPIO_DeInit
                0x08002cc0      0x218 ./Drivers/STM32F4xx_HAL_Driver/Src/stm32f4xx_hal_gpio.o
                0x08002cc0                HAL_GPIO_DeInit
 .text.HAL_GPIO_WritePin
                0x08002ed8       0x32 ./Drivers/STM32F4xx_HAL_Driver/Src/stm32f4xx_hal_gpio.o
                0x08002ed8                HAL_GPIO_WritePin
 *fill*         0x08002f0a        0x2 
 .text.HAL_I2C_Init
                0x08002f0c      0x288 ./Drivers/STM32F4xx_HAL_Driver/Src/stm32f4xx_hal_i2c.o
                0x08002f0c                HAL_I2C_Init
 .text.HAL_I2C_Mem_Write
                0x08003194      0x1f4 ./Drivers/STM32F4xx_HAL_Driver/Src/stm32f4xx_hal_i2c.o
                0x08003194                HAL_I2C_Mem_Write
 .text.HAL_I2C_Mem_Read
                0x08003388      0x464 ./Drivers/STM32F4xx_HAL_Driver/Src/stm32f4xx_hal_i2c.o
                0x08003388                HAL_I2C_Mem_Read
 .text.I2C_RequestMemoryWrite
                0x080037ec      0x12c ./Drivers/STM32F4xx_HAL_Driver/Src/stm32f4xx_hal_i2c.o
 .text.I2C_RequestMemoryRead
                0x08003918      0x1d0 ./Drivers/STM32F4xx_HAL_Driver/Src/stm32f4xx_hal_i2c.o
 .text.I2C_WaitOnFlagUntilTimeout
                0x08003ae8       0xf4 ./Drivers/STM32F4xx_HAL_Driver/Src/stm32f4xx_hal_i2c.o
 .text.I2C_WaitOnMasterAddressFlagUntilTimeout
                0x08003bdc      0x140 ./Drivers/STM32F4xx_HAL_Driver/Src/stm32f4xx_hal_i2c.o
 .text.I2C_WaitOnTXEFlagUntilTimeout
                0x08003d1c       0x90 ./Drivers/STM32F4xx_HAL_Driver/Src/stm32f4xx_hal_i2c.o
 .text.I2C_WaitOnBTFFlagUntilTimeout
                0x08003dac       0x90 ./Drivers/STM32F4xx_HAL_Driver/Src/stm32f4xx_hal_i2c.o
 .text.I2C_WaitOnRXNEFlagUntilTimeout
                0x08003e3c       0xba ./Drivers/STM32F4xx_HAL_Driver/Src/stm32f4xx_hal_i2c.o
 .text.I2C_IsAcknowledgeFailed
                0x08003ef6       0x5e ./Drivers/STM32F4xx_HAL_Driver/Src/stm32f4xx_hal_i2c.o
 .text.HAL_LTDC_Init
                0x08003f54      0x1a0 ./Drivers/STM32F4xx_HAL_Driver/Src/stm32f4xx_hal_ltdc.o
                0x08003f54                HAL_LTDC_Init
 .text.HAL_LTDC_ConfigLayer
                0x080040f4       0x7c ./Drivers/STM32F4xx_HAL_Driver/Src/stm32f4xx_hal_ltdc.o
                0x080040f4                HAL_LTDC_ConfigLayer
 .text.LTDC_SetConfig
                0x08004170      0x32e ./Drivers/STM32F4xx_HAL_Driver/Src/stm32f4xx_hal_ltdc.o
 *fill*         0x0800449e        0x2 
 .text.HAL_RCC_OscConfig
                0x080044a0      0x4f0 ./Drivers/STM32F4xx_HAL_Driver/Src/stm32f4xx_hal_rcc.o
                0x080044a0                HAL_RCC_OscConfig
 .text.HAL_RCC_ClockConfig
                0x08004990      0x1cc ./Drivers/STM32F4xx_HAL_Driver/Src/stm32f4xx_hal_rcc.o
                0x08004990                HAL_RCC_ClockConfig
 .text.HAL_RCC_GetSysClockFreq
                0x08004b5c      0x20c ./Drivers/STM32F4xx_HAL_Driver/Src/stm32f4xx_hal_rcc.o
                0x08004b5c                HAL_RCC_GetSysClockFreq
 .text.HAL_RCC_GetHCLKFreq
                0x08004d68       0x18 ./Drivers/STM32F4xx_HAL_Driver/Src/stm32f4xx_hal_rcc.o
                0x08004d68                HAL_RCC_GetHCLKFreq
 .text.HAL_RCC_GetPCLK1Freq
                0x08004d80       0x28 ./Drivers/STM32F4xx_HAL_Driver/Src/stm32f4xx_hal_rcc.o
                0x08004d80                HAL_RCC_GetPCLK1Freq
 .text.HAL_RCCEx_PeriphCLKConfig
                0x08004da8      0x380 ./Drivers/STM32F4xx_HAL_Driver/Src/stm32f4xx_hal_rcc_ex.o
                0x08004da8                HAL_RCCEx_PeriphCLKConfig
 .text.HAL_SPI_Init
                0x08005128      0x112 ./Drivers/STM32F4xx_HAL_Driver/Src/stm32f4xx_hal_spi.o
                0x08005128                HAL_SPI_Init
 .text.HAL_SPI_DeInit
                0x0800523a       0x50 ./Drivers/STM32F4xx_HAL_Driver/Src/stm32f4xx_hal_spi.o
                0x0800523a                HAL_SPI_DeInit
 .text.HAL_SPI_Transmit
                0x0800528a      0x288 ./Drivers/STM32F4xx_HAL_Driver/Src/stm32f4xx_hal_spi.o
                0x0800528a                HAL_SPI_Transmit
 .text.HAL_SPI_GetState
                0x08005512       0x1c ./Drivers/STM32F4xx_HAL_Driver/Src/stm32f4xx_hal_spi.o
                0x08005512                HAL_SPI_GetState
 *fill*         0x0800552e        0x2 
 .text.SPI_WaitFlagStateUntilTimeout
                0x08005530      0x110 ./Drivers/STM32F4xx_HAL_Driver/Src/stm32f4xx_hal_spi.o
 .text.SPI_EndRxTxTransaction
                0x08005640       0xa8 ./Drivers/STM32F4xx_HAL_Driver/Src/stm32f4xx_hal_spi.o
 .text.memset   0x080056e8       0x10 C:/ST/STM32CubeIDE_1.17.0/STM32CubeIDE/plugins/com.st.stm32cube.ide.mcu.externaltools.gnu-tools-for-stm32.12.3.rel1.win32_1.1.0.202410251130/tools/bin/../lib/gcc/arm-none-eabi/12.3.1/../../../../arm-none-eabi/lib/thumb/v7e-m+fp/hard\libc_nano.a(libc_a-memset.o)
                0x080056e8                memset
 .text.__libc_init_array
                0x080056f8       0x48 C:/ST/STM32CubeIDE_1.17.0/STM32CubeIDE/plugins/com.st.stm32cube.ide.mcu.externaltools.gnu-tools-for-stm32.12.3.rel1.win32_1.1.0.202410251130/tools/bin/../lib/gcc/arm-none-eabi/12.3.1/../../../../arm-none-eabi/lib/thumb/v7e-m+fp/hard\libc_nano.a(libc_a-init.o)
                0x080056f8                __libc_init_array
 *(.glue_7)
 .glue_7        0x08005740        0x0 linker stubs
 *(.glue_7t)
 .glue_7t       0x08005740        0x0 linker stubs
 *(.eh_frame)
 .eh_frame      0x08005740        0x0 C:/ST/STM32CubeIDE_1.17.0/STM32CubeIDE/plugins/com.st.stm32cube.ide.mcu.externaltools.gnu-tools-for-stm32.12.3.rel1.win32_1.1.0.202410251130/tools/bin/../lib/gcc/arm-none-eabi/12.3.1/thumb/v7e-m+fp/hard/crtbegin.o
 *(.init)
 .init          0x08005740        0x4 C:/ST/STM32CubeIDE_1.17.0/STM32CubeIDE/plugins/com.st.stm32cube.ide.mcu.externaltools.gnu-tools-for-stm32.12.3.rel1.win32_1.1.0.202410251130/tools/bin/../lib/gcc/arm-none-eabi/12.3.1/thumb/v7e-m+fp/hard/crti.o
                0x08005740                _init
 .init          0x08005744        0x8 C:/ST/STM32CubeIDE_1.17.0/STM32CubeIDE/plugins/com.st.stm32cube.ide.mcu.externaltools.gnu-tools-for-stm32.12.3.rel1.win32_1.1.0.202410251130/tools/bin/../lib/gcc/arm-none-eabi/12.3.1/thumb/v7e-m+fp/hard/crtn.o
 *(.fini)
 .fini          0x0800574c        0x4 C:/ST/STM32CubeIDE_1.17.0/STM32CubeIDE/plugins/com.st.stm32cube.ide.mcu.externaltools.gnu-tools-for-stm32.12.3.rel1.win32_1.1.0.202410251130/tools/bin/../lib/gcc/arm-none-eabi/12.3.1/thumb/v7e-m+fp/hard/crti.o
                0x0800574c                _fini
 .fini          0x08005750        0x8 C:/ST/STM32CubeIDE_1.17.0/STM32CubeIDE/plugins/com.st.stm32cube.ide.mcu.externaltools.gnu-tools-for-stm32.12.3.rel1.win32_1.1.0.202410251130/tools/bin/../lib/gcc/arm-none-eabi/12.3.1/thumb/v7e-m+fp/hard/crtn.o
                0x08005758                        . = ALIGN (0x4)
                0x08005758                        _etext = .

.vfp11_veneer   0x08005758        0x0
 .vfp11_veneer  0x08005758        0x0 linker stubs

.v4_bx          0x08005758        0x0
 .v4_bx         0x08005758        0x0 linker stubs

.iplt           0x08005758        0x0
 .iplt          0x08005758        0x0 C:/ST/STM32CubeIDE_1.17.0/STM32CubeIDE/plugins/com.st.stm32cube.ide.mcu.externaltools.gnu-tools-for-stm32.12.3.rel1.win32_1.1.0.202410251130/tools/bin/../lib/gcc/arm-none-eabi/12.3.1/thumb/v7e-m+fp/hard/crtbegin.o

.rodata         0x08005758     0x11e8
                0x08005758                        . = ALIGN (0x4)
 *(.rodata)
 *(.rodata*)
 .rodata.ASCII16x24_Table
                0x08005758     0x11d0 ./Core/Src/fonts.o
                0x08005758                ASCII16x24_Table
 .rodata.AHBPrescTable
                0x08006928       0x10 ./Core/Src/system_stm32f4xx.o
                0x08006928                AHBPrescTable
 .rodata.APBPrescTable
                0x08006938        0x8 ./Core/Src/system_stm32f4xx.o
                0x08006938                APBPrescTable
                0x08006940                        . = ALIGN (0x4)

.ARM.extab      0x08006940        0x0
                0x08006940                        . = ALIGN (0x4)
 *(.ARM.extab* .gnu.linkonce.armextab.*)
                0x08006940                        . = ALIGN (0x4)

.ARM            0x08006940        0x8
                0x08006940                        . = ALIGN (0x4)
                0x08006940                        __exidx_start = .
 *(.ARM.exidx*)
 .ARM.exidx     0x08006940        0x8 C:/ST/STM32CubeIDE_1.17.0/STM32CubeIDE/plugins/com.st.stm32cube.ide.mcu.externaltools.gnu-tools-for-stm32.12.3.rel1.win32_1.1.0.202410251130/tools/bin/../lib/gcc/arm-none-eabi/12.3.1/thumb/v7e-m+fp/hard\libgcc.a(_udivmoddi4.o)
                0x08006948                        __exidx_end = .
                0x08006948                        . = ALIGN (0x4)

.preinit_array  0x08006948        0x0
                0x08006948                        . = ALIGN (0x4)
                0x08006948                        PROVIDE (__preinit_array_start = .)
 *(.preinit_array*)
                0x08006948                        PROVIDE (__preinit_array_end = .)
                0x08006948                        . = ALIGN (0x4)

.init_array     0x08006948        0x4
                0x08006948                        . = ALIGN (0x4)
                0x08006948                        PROVIDE (__init_array_start = .)
 *(SORT_BY_NAME(.init_array.*))
 *(.init_array*)
 .init_array    0x08006948        0x4 C:/ST/STM32CubeIDE_1.17.0/STM32CubeIDE/plugins/com.st.stm32cube.ide.mcu.externaltools.gnu-tools-for-stm32.12.3.rel1.win32_1.1.0.202410251130/tools/bin/../lib/gcc/arm-none-eabi/12.3.1/thumb/v7e-m+fp/hard/crtbegin.o
                0x0800694c                        PROVIDE (__init_array_end = .)
                0x0800694c                        . = ALIGN (0x4)

.fini_array     0x0800694c        0x4
                0x0800694c                        . = ALIGN (0x4)
                [!provide]                        PROVIDE (__fini_array_start = .)
 *(SORT_BY_NAME(.fini_array.*))
 *(.fini_array*)
 .fini_array    0x0800694c        0x4 C:/ST/STM32CubeIDE_1.17.0/STM32CubeIDE/plugins/com.st.stm32cube.ide.mcu.externaltools.gnu-tools-for-stm32.12.3.rel1.win32_1.1.0.202410251130/tools/bin/../lib/gcc/arm-none-eabi/12.3.1/thumb/v7e-m+fp/hard/crtbegin.o
                [!provide]                        PROVIDE (__fini_array_end = .)
                0x08006950                        . = ALIGN (0x4)
                0x08006950                        _sidata = LOADADDR (.data)

.rel.dyn        0x08006950        0x0
 .rel.iplt      0x08006950        0x0 C:/ST/STM32CubeIDE_1.17.0/STM32CubeIDE/plugins/com.st.stm32cube.ide.mcu.externaltools.gnu-tools-for-stm32.12.3.rel1.win32_1.1.0.202410251130/tools/bin/../lib/gcc/arm-none-eabi/12.3.1/thumb/v7e-m+fp/hard/crtbegin.o

.data           0x20000000       0x1c load address 0x08006950
                0x20000000                        . = ALIGN (0x4)
                0x20000000                        _sdata = .
 *(.data)
 *(.data*)
 .data.CurrentTextColor
                0x20000000        0x2 ./Core/Src/LCD_Driver.o
 *fill*         0x20000002        0x2 
 .data.Font16x24
                0x20000004        0x8 ./Core/Src/fonts.o
                0x20000004                Font16x24
 .data.SpiTimeout
                0x2000000c        0x4 ./Core/Src/ili9341.o
                0x2000000c                SpiTimeout
 .data.SystemCoreClock
                0x20000010        0x4 ./Core/Src/system_stm32f4xx.o
                0x20000010                SystemCoreClock
 .data.uwTickPrio
                0x20000014        0x4 ./Drivers/STM32F4xx_HAL_Driver/Src/stm32f4xx_hal.o
                0x20000014                uwTickPrio
 .data.uwTickFreq
                0x20000018        0x1 ./Drivers/STM32F4xx_HAL_Driver/Src/stm32f4xx_hal.o
                0x20000018                uwTickFreq
 *(.RamFunc)
 *(.RamFunc*)
                0x2000001c                        . = ALIGN (0x4)
 *fill*         0x20000019        0x3 
                0x2000001c                        _edata = .
                0x0800696c                        _siccmram = LOADADDR (.ccmram)

.igot.plt       0x2000001c        0x0 load address 0x0800696c
 .igot.plt      0x2000001c        0x0 C:/ST/STM32CubeIDE_1.17.0/STM32CubeIDE/plugins/com.st.stm32cube.ide.mcu.externaltools.gnu-tools-for-stm32.12.3.rel1.win32_1.1.0.202410251130/tools/bin/../lib/gcc/arm-none-eabi/12.3.1/thumb/v7e-m+fp/hard/crtbegin.o

.ccmram         0x10000000        0x0 load address 0x0800696c
                0x10000000                        . = ALIGN (0x4)
                0x10000000                        _sccmram = .
 *(.ccmram)
 *(.ccmram*)
                0x10000000                        . = ALIGN (0x4)
                0x10000000                        _eccmram = .
                0x10000000                        . = ALIGN (0x4)

.bss            0x2000001c    0x25a98
                0x2000001c                        _sbss = .
                0x2000001c                        __bss_start__ = _sbss
 *(.bss)
 .bss           0x2000001c       0x1c C:/ST/STM32CubeIDE_1.17.0/STM32CubeIDE/plugins/com.st.stm32cube.ide.mcu.externaltools.gnu-tools-for-stm32.12.3.rel1.win32_1.1.0.202410251130/tools/bin/../lib/gcc/arm-none-eabi/12.3.1/thumb/v7e-m+fp/hard/crtbegin.o
 *(.bss*)
 .bss.game      0x20000038       0xdc ./Core/Src/ApplicationCode.o
                0x20000038                game
 .bss.StaticTouchData
                0x20000114        0x8 ./Core/Src/ApplicationCode.o
 .bss.hltdc     0x2000011c       0xa8 ./Core/Src/LCD_Driver.o
 .bss.PeriphClkInitStruct
                0x200001c4       0x30 ./Core/Src/LCD_Driver.o
 .bss.LCD_Currentfonts
                0x200001f4        0x4 ./Core/Src/LCD_Driver.o
 .bss.frameBuffer
                0x200001f8    0x25800 ./Core/Src/LCD_Driver.o
                0x200001f8                frameBuffer
 .bss.scheduledEvents
                0x200259f8        0x4 ./Core/Src/Scheduler.o
                0x200259f8                scheduledEvents
 .bss.SpiHandle
                0x200259fc       0x58 ./Core/Src/ili9341.o
 .bss.Is_LCD_IO_Initialized
                0x20025a54        0x1 ./Core/Src/ili9341.o
 *fill*         0x20025a55        0x3 
 .bss.hI2C3     0x20025a58       0x54 ./Core/Src/stmpe811.o
 .bss.HAL_status
                0x20025aac        0x1 ./Core/Src/stmpe811.o
 *fill*         0x20025aad        0x3 
 .bss.uwTick    0x20025ab0        0x4 ./Drivers/STM32F4xx_HAL_Driver/Src/stm32f4xx_hal.o
                0x20025ab0                uwTick
 *(COMMON)
                0x20025ab4                        . = ALIGN (0x4)
                0x20025ab4                        _ebss = .
                0x20025ab4                        __bss_end__ = _ebss

._user_heap_stack
                0x20025ab4      0x604
                0x20025ab8                        . = ALIGN (0x8)
 *fill*         0x20025ab4        0x4 
                [!provide]                        PROVIDE (end = .)
                0x20025ab8                        PROVIDE (_end = .)
                0x20025cb8                        . = (. + _Min_Heap_Size)
 *fill*         0x20025ab8      0x200 
                0x200260b8                        . = (. + _Min_Stack_Size)
 *fill*         0x20025cb8      0x400 
                0x200260b8                        . = ALIGN (0x8)

/DISCARD/
 libc.a(*)
 libm.a(*)
 libgcc.a(*)

.ARM.attributes
                0x00000000       0x30
 *(.ARM.attributes)
 .ARM.attributes
                0x00000000       0x22 C:/ST/STM32CubeIDE_1.17.0/STM32CubeIDE/plugins/com.st.stm32cube.ide.mcu.externaltools.gnu-tools-for-stm32.12.3.rel1.win32_1.1.0.202410251130/tools/bin/../lib/gcc/arm-none-eabi/12.3.1/thumb/v7e-m+fp/hard/crti.o
 .ARM.attributes
                0x00000022       0x34 C:/ST/STM32CubeIDE_1.17.0/STM32CubeIDE/plugins/com.st.stm32cube.ide.mcu.externaltools.gnu-tools-for-stm32.12.3.rel1.win32_1.1.0.202410251130/tools/bin/../lib/gcc/arm-none-eabi/12.3.1/thumb/v7e-m+fp/hard/crtbegin.o
 .ARM.attributes
                0x00000056       0x34 ./Core/Src/ApplicationCode.o
 .ARM.attributes
                0x0000008a       0x34 ./Core/Src/Button_Driver.o
 .ARM.attributes
                0x000000be       0x34 ./Core/Src/InterruptControl.o
 .ARM.attributes
                0x000000f2       0x34 ./Core/Src/LCD_Driver.o
 .ARM.attributes
                0x00000126       0x34 ./Core/Src/Scheduler.o
 .ARM.attributes
                0x0000015a       0x34 ./Core/Src/fonts.o
 .ARM.attributes
                0x0000018e       0x34 ./Core/Src/ili9341.o
 .ARM.attributes
                0x000001c2       0x34 ./Core/Src/main.o
 .ARM.attributes
                0x000001f6       0x34 ./Core/Src/stm32f4xx_hal_msp.o
 .ARM.attributes
                0x0000022a       0x34 ./Core/Src/stm32f4xx_it.o
 .ARM.attributes
                0x0000025e       0x34 ./Core/Src/stmpe811.o
 .ARM.attributes
                0x00000292       0x34 ./Core/Src/syscalls.o
 .ARM.attributes
                0x000002c6       0x34 ./Core/Src/system_stm32f4xx.o
 .ARM.attributes
                0x000002fa       0x21 ./Core/Startup/startup_stm32f429zitx.o
 .ARM.attributes
                0x0000031b       0x34 ./Drivers/STM32F4xx_HAL_Driver/Src/stm32f4xx_hal.o
 .ARM.attributes
                0x0000034f       0x34 ./Drivers/STM32F4xx_HAL_Driver/Src/stm32f4xx_hal_cortex.o
 .ARM.attributes
                0x00000383       0x34 ./Drivers/STM32F4xx_HAL_Driver/Src/stm32f4xx_hal_gpio.o
 .ARM.attributes
                0x000003b7       0x34 ./Drivers/STM32F4xx_HAL_Driver/Src/stm32f4xx_hal_i2c.o
 .ARM.attributes
                0x000003eb       0x34 ./Drivers/STM32F4xx_HAL_Driver/Src/stm32f4xx_hal_ltdc.o
 .ARM.attributes
                0x0000041f       0x34 ./Drivers/STM32F4xx_HAL_Driver/Src/stm32f4xx_hal_rcc.o
 .ARM.attributes
                0x00000453       0x34 ./Drivers/STM32F4xx_HAL_Driver/Src/stm32f4xx_hal_rcc_ex.o
 .ARM.attributes
                0x00000487       0x34 ./Drivers/STM32F4xx_HAL_Driver/Src/stm32f4xx_hal_spi.o
 .ARM.attributes
                0x000004bb       0x34 C:/ST/STM32CubeIDE_1.17.0/STM32CubeIDE/plugins/com.st.stm32cube.ide.mcu.externaltools.gnu-tools-for-stm32.12.3.rel1.win32_1.1.0.202410251130/tools/bin/../lib/gcc/arm-none-eabi/12.3.1/../../../../arm-none-eabi/lib/thumb/v7e-m+fp/hard\libc_nano.a(libc_a-memset.o)
 .ARM.attributes
                0x000004ef       0x34 C:/ST/STM32CubeIDE_1.17.0/STM32CubeIDE/plugins/com.st.stm32cube.ide.mcu.externaltools.gnu-tools-for-stm32.12.3.rel1.win32_1.1.0.202410251130/tools/bin/../lib/gcc/arm-none-eabi/12.3.1/../../../../arm-none-eabi/lib/thumb/v7e-m+fp/hard\libc_nano.a(libc_a-init.o)
 .ARM.attributes
                0x00000523       0x22 C:/ST/STM32CubeIDE_1.17.0/STM32CubeIDE/plugins/com.st.stm32cube.ide.mcu.externaltools.gnu-tools-for-stm32.12.3.rel1.win32_1.1.0.202410251130/tools/bin/../lib/gcc/arm-none-eabi/12.3.1/thumb/v7e-m+fp/hard\libgcc.a(_aeabi_uldivmod.o)
 .ARM.attributes
                0x00000545       0x34 C:/ST/STM32CubeIDE_1.17.0/STM32CubeIDE/plugins/com.st.stm32cube.ide.mcu.externaltools.gnu-tools-for-stm32.12.3.rel1.win32_1.1.0.202410251130/tools/bin/../lib/gcc/arm-none-eabi/12.3.1/thumb/v7e-m+fp/hard\libgcc.a(_udivmoddi4.o)
 .ARM.attributes
                0x00000579       0x22 C:/ST/STM32CubeIDE_1.17.0/STM32CubeIDE/plugins/com.st.stm32cube.ide.mcu.externaltools.gnu-tools-for-stm32.12.3.rel1.win32_1.1.0.202410251130/tools/bin/../lib/gcc/arm-none-eabi/12.3.1/thumb/v7e-m+fp/hard\libgcc.a(_dvmd_tls.o)
 .ARM.attributes
                0x0000059b       0x22 C:/ST/STM32CubeIDE_1.17.0/STM32CubeIDE/plugins/com.st.stm32cube.ide.mcu.externaltools.gnu-tools-for-stm32.12.3.rel1.win32_1.1.0.202410251130/tools/bin/../lib/gcc/arm-none-eabi/12.3.1/thumb/v7e-m+fp/hard/crtn.o
OUTPUT(ECEN2370_StarterCode_SP25.elf elf32-littlearm)
LOAD linker stubs
LOAD C:/ST/STM32CubeIDE_1.17.0/STM32CubeIDE/plugins/com.st.stm32cube.ide.mcu.externaltools.gnu-tools-for-stm32.12.3.rel1.win32_1.1.0.202410251130/tools/bin/../lib/gcc/arm-none-eabi/12.3.1/../../../../arm-none-eabi/lib/thumb/v7e-m+fp/hard\libc.a
LOAD C:/ST/STM32CubeIDE_1.17.0/STM32CubeIDE/plugins/com.st.stm32cube.ide.mcu.externaltools.gnu-tools-for-stm32.12.3.rel1.win32_1.1.0.202410251130/tools/bin/../lib/gcc/arm-none-eabi/12.3.1/../../../../arm-none-eabi/lib/thumb/v7e-m+fp/hard\libm.a
LOAD C:/ST/STM32CubeIDE_1.17.0/STM32CubeIDE/plugins/com.st.stm32cube.ide.mcu.externaltools.gnu-tools-for-stm32.12.3.rel1.win32_1.1.0.202410251130/tools/bin/../lib/gcc/arm-none-eabi/12.3.1/thumb/v7e-m+fp/hard\libgcc.a

.debug_info     0x00000000     0xf325
 .debug_info    0x00000000      0x86e ./Core/Src/ApplicationCode.o
 .debug_info    0x0000086e      0x697 ./Core/Src/Button_Driver.o
 .debug_info    0x00000f05      0x196 ./Core/Src/InterruptControl.o
 .debug_info    0x0000109b     0x106e ./Core/Src/LCD_Driver.o
 .debug_info    0x00002109       0xf7 ./Core/Src/Scheduler.o
 .debug_info    0x00002200      0x145 ./Core/Src/fonts.o
 .debug_info    0x00002345      0xc85 ./Core/Src/ili9341.o
 .debug_info    0x00002fca     0x19ea ./Core/Src/main.o
 .debug_info    0x000049b4     0x17b6 ./Core/Src/stm32f4xx_hal_msp.o
 .debug_info    0x0000616a      0x112 ./Core/Src/stm32f4xx_it.o
 .debug_info    0x0000627c      0xdd6 ./Core/Src/stmpe811.o
 .debug_info    0x00007052      0x6a3 ./Core/Src/syscalls.o
 .debug_info    0x000076f5      0x52e ./Core/Src/system_stm32f4xx.o
 .debug_info    0x00007c23       0x30 ./Core/Startup/startup_stm32f429zitx.o
 .debug_info    0x00007c53      0x9ba ./Drivers/STM32F4xx_HAL_Driver/Src/stm32f4xx_hal.o
 .debug_info    0x0000860d      0xdc2 ./Drivers/STM32F4xx_HAL_Driver/Src/stm32f4xx_hal_cortex.o
 .debug_info    0x000093cf      0x6db ./Drivers/STM32F4xx_HAL_Driver/Src/stm32f4xx_hal_gpio.o
 .debug_info    0x00009aaa     0x2421 ./Drivers/STM32F4xx_HAL_Driver/Src/stm32f4xx_hal_i2c.o
 .debug_info    0x0000becb     0x1022 ./Drivers/STM32F4xx_HAL_Driver/Src/stm32f4xx_hal_ltdc.o
 .debug_info    0x0000ceed      0x8c7 ./Drivers/STM32F4xx_HAL_Driver/Src/stm32f4xx_hal_rcc.o
 .debug_info    0x0000d7b4      0x64c ./Drivers/STM32F4xx_HAL_Driver/Src/stm32f4xx_hal_rcc_ex.o
 .debug_info    0x0000de00     0x1525 ./Drivers/STM32F4xx_HAL_Driver/Src/stm32f4xx_hal_spi.o

.debug_abbrev   0x00000000     0x2a33
 .debug_abbrev  0x00000000      0x24b ./Core/Src/ApplicationCode.o
 .debug_abbrev  0x0000024b      0x198 ./Core/Src/Button_Driver.o
 .debug_abbrev  0x000003e3       0xce ./Core/Src/InterruptControl.o
 .debug_abbrev  0x000004b1      0x315 ./Core/Src/LCD_Driver.o
 .debug_abbrev  0x000007c6       0x96 ./Core/Src/Scheduler.o
 .debug_abbrev  0x0000085c       0xc6 ./Core/Src/fonts.o
 .debug_abbrev  0x00000922      0x2c9 ./Core/Src/ili9341.o
 .debug_abbrev  0x00000beb      0x2f6 ./Core/Src/main.o
 .debug_abbrev  0x00000ee1      0x25c ./Core/Src/stm32f4xx_hal_msp.o
 .debug_abbrev  0x0000113d       0x73 ./Core/Src/stm32f4xx_it.o
 .debug_abbrev  0x000011b0      0x2c9 ./Core/Src/stmpe811.o
 .debug_abbrev  0x00001479      0x1b6 ./Core/Src/syscalls.o
 .debug_abbrev  0x0000162f      0x11a ./Core/Src/system_stm32f4xx.o
 .debug_abbrev  0x00001749       0x24 ./Core/Startup/startup_stm32f429zitx.o
 .debug_abbrev  0x0000176d      0x214 ./Drivers/STM32F4xx_HAL_Driver/Src/stm32f4xx_hal.o
 .debug_abbrev  0x00001981      0x31d ./Drivers/STM32F4xx_HAL_Driver/Src/stm32f4xx_hal_cortex.o
 .debug_abbrev  0x00001c9e      0x1d4 ./Drivers/STM32F4xx_HAL_Driver/Src/stm32f4xx_hal_gpio.o
 .debug_abbrev  0x00001e72      0x2ad ./Drivers/STM32F4xx_HAL_Driver/Src/stm32f4xx_hal_i2c.o
 .debug_abbrev  0x0000211f      0x233 ./Drivers/STM32F4xx_HAL_Driver/Src/stm32f4xx_hal_ltdc.o
 .debug_abbrev  0x00002352      0x2b7 ./Drivers/STM32F4xx_HAL_Driver/Src/stm32f4xx_hal_rcc.o
 .debug_abbrev  0x00002609      0x1b0 ./Drivers/STM32F4xx_HAL_Driver/Src/stm32f4xx_hal_rcc_ex.o
 .debug_abbrev  0x000027b9      0x27a ./Drivers/STM32F4xx_HAL_Driver/Src/stm32f4xx_hal_spi.o

.debug_aranges  0x00000000      0xe48
 .debug_aranges
                0x00000000       0x60 ./Core/Src/ApplicationCode.o
 .debug_aranges
                0x00000060       0x28 ./Core/Src/Button_Driver.o
 .debug_aranges
                0x00000088       0x38 ./Core/Src/InterruptControl.o
 .debug_aranges
                0x000000c0       0xc0 ./Core/Src/LCD_Driver.o
 .debug_aranges
                0x00000180       0x30 ./Core/Src/Scheduler.o
 .debug_aranges
                0x000001b0       0x18 ./Core/Src/fonts.o
 .debug_aranges
                0x000001c8       0x98 ./Core/Src/ili9341.o
 .debug_aranges
                0x00000260       0x60 ./Core/Src/main.o
 .debug_aranges
                0x000002c0       0x70 ./Core/Src/stm32f4xx_hal_msp.o
 .debug_aranges
                0x00000330       0x60 ./Core/Src/stm32f4xx_it.o
 .debug_aranges
                0x00000390       0x88 ./Core/Src/stmpe811.o
 .debug_aranges
                0x00000418       0xa8 ./Core/Src/syscalls.o
 .debug_aranges
                0x000004c0       0x28 ./Core/Src/system_stm32f4xx.o
 .debug_aranges
                0x000004e8       0x28 ./Core/Startup/startup_stm32f429zitx.o
 .debug_aranges
                0x00000510      0x100 ./Drivers/STM32F4xx_HAL_Driver/Src/stm32f4xx_hal.o
 .debug_aranges
                0x00000610      0x130 ./Drivers/STM32F4xx_HAL_Driver/Src/stm32f4xx_hal_cortex.o
 .debug_aranges
                0x00000740       0x58 ./Drivers/STM32F4xx_HAL_Driver/Src/stm32f4xx_hal_gpio.o
 .debug_aranges
                0x00000798      0x2a8 ./Drivers/STM32F4xx_HAL_Driver/Src/stm32f4xx_hal_i2c.o
 .debug_aranges
                0x00000a40      0x158 ./Drivers/STM32F4xx_HAL_Driver/Src/stm32f4xx_hal_ltdc.o
 .debug_aranges
                0x00000b98       0x88 ./Drivers/STM32F4xx_HAL_Driver/Src/stm32f4xx_hal_rcc.o
 .debug_aranges
                0x00000c20       0x58 ./Drivers/STM32F4xx_HAL_Driver/Src/stm32f4xx_hal_rcc_ex.o
 .debug_aranges
                0x00000c78      0x1d0 ./Drivers/STM32F4xx_HAL_Driver/Src/stm32f4xx_hal_spi.o

.debug_rnglists
                0x00000000      0xace
 .debug_rnglists
                0x00000000       0x48 ./Core/Src/ApplicationCode.o
 .debug_rnglists
                0x00000048       0x19 ./Core/Src/Button_Driver.o
 .debug_rnglists
                0x00000061       0x25 ./Core/Src/InterruptControl.o
 .debug_rnglists
                0x00000086       0x90 ./Core/Src/LCD_Driver.o
 .debug_rnglists
                0x00000116       0x1f ./Core/Src/Scheduler.o
 .debug_rnglists
                0x00000135       0x6f ./Core/Src/ili9341.o
 .debug_rnglists
                0x000001a4       0x49 ./Core/Src/main.o
 .debug_rnglists
                0x000001ed       0x53 ./Core/Src/stm32f4xx_hal_msp.o
 .debug_rnglists
                0x00000240       0x43 ./Core/Src/stm32f4xx_it.o
 .debug_rnglists
                0x00000283       0x67 ./Core/Src/stmpe811.o
 .debug_rnglists
                0x000002ea       0x79 ./Core/Src/syscalls.o
 .debug_rnglists
                0x00000363       0x1a ./Core/Src/system_stm32f4xx.o
 .debug_rnglists
                0x0000037d       0x19 ./Core/Startup/startup_stm32f429zitx.o
 .debug_rnglists
                0x00000396       0xbb ./Drivers/STM32F4xx_HAL_Driver/Src/stm32f4xx_hal.o
 .debug_rnglists
                0x00000451       0xe0 ./Drivers/STM32F4xx_HAL_Driver/Src/stm32f4xx_hal_cortex.o
 .debug_rnglists
                0x00000531       0x3f ./Drivers/STM32F4xx_HAL_Driver/Src/stm32f4xx_hal_gpio.o
 .debug_rnglists
                0x00000570      0x23c ./Drivers/STM32F4xx_HAL_Driver/Src/stm32f4xx_hal_i2c.o
 .debug_rnglists
                0x000007ac      0x10a ./Drivers/STM32F4xx_HAL_Driver/Src/stm32f4xx_hal_ltdc.o
 .debug_rnglists
                0x000008b6       0x66 ./Drivers/STM32F4xx_HAL_Driver/Src/stm32f4xx_hal_rcc.o
 .debug_rnglists
                0x0000091c       0x43 ./Drivers/STM32F4xx_HAL_Driver/Src/stm32f4xx_hal_rcc_ex.o
 .debug_rnglists
                0x0000095f      0x16f ./Drivers/STM32F4xx_HAL_Driver/Src/stm32f4xx_hal_spi.o

.debug_macro    0x00000000    0x2676b
 .debug_macro   0x00000000      0x36f ./Core/Src/ApplicationCode.o
 .debug_macro   0x0000036f      0xab4 ./Core/Src/ApplicationCode.o
 .debug_macro   0x00000e23      0x2ad ./Core/Src/ApplicationCode.o
 .debug_macro   0x000010d0       0x2e ./Core/Src/ApplicationCode.o
 .debug_macro   0x000010fe       0x28 ./Core/Src/ApplicationCode.o
 .debug_macro   0x00001126       0x22 ./Core/Src/ApplicationCode.o
 .debug_macro   0x00001148       0x8e ./Core/Src/ApplicationCode.o
 .debug_macro   0x000011d6       0x51 ./Core/Src/ApplicationCode.o
 .debug_macro   0x00001227      0x103 ./Core/Src/ApplicationCode.o
 .debug_macro   0x0000132a       0x6a ./Core/Src/ApplicationCode.o
 .debug_macro   0x00001394      0x1df ./Core/Src/ApplicationCode.o
 .debug_macro   0x00001573       0x1c ./Core/Src/ApplicationCode.o
 .debug_macro   0x0000158f       0x22 ./Core/Src/ApplicationCode.o
 .debug_macro   0x000015b1       0xfb ./Core/Src/ApplicationCode.o
 .debug_macro   0x000016ac     0x1011 ./Core/Src/ApplicationCode.o
 .debug_macro   0x000026bd      0x11f ./Core/Src/ApplicationCode.o
 .debug_macro   0x000027dc    0x17fd8 ./Core/Src/ApplicationCode.o
 .debug_macro   0x0001a7b4       0x6d ./Core/Src/ApplicationCode.o
 .debug_macro   0x0001a821     0x3711 ./Core/Src/ApplicationCode.o
 .debug_macro   0x0001df32      0x189 ./Core/Src/ApplicationCode.o
 .debug_macro   0x0001e0bb       0x5c ./Core/Src/ApplicationCode.o
 .debug_macro   0x0001e117      0xcba ./Core/Src/ApplicationCode.o
 .debug_macro   0x0001edd1      0x9e9 ./Core/Src/ApplicationCode.o
 .debug_macro   0x0001f7ba      0x115 ./Core/Src/ApplicationCode.o
 .debug_macro   0x0001f8cf      0x156 ./Core/Src/ApplicationCode.o
 .debug_macro   0x0001fa25       0xa5 ./Core/Src/ApplicationCode.o
 .debug_macro   0x0001faca      0x182 ./Core/Src/ApplicationCode.o
 .debug_macro   0x0001fc4c      0x287 ./Core/Src/ApplicationCode.o
 .debug_macro   0x0001fed3       0x5f ./Core/Src/ApplicationCode.o
 .debug_macro   0x0001ff32      0x236 ./Core/Src/ApplicationCode.o
 .debug_macro   0x00020168      0x132 ./Core/Src/ApplicationCode.o
 .debug_macro   0x0002029a      0x41d ./Core/Src/ApplicationCode.o
 .debug_macro   0x000206b7       0x2e ./Core/Src/ApplicationCode.o
 .debug_macro   0x000206e5      0x1b5 ./Core/Src/ApplicationCode.o
 .debug_macro   0x0002089a       0x22 ./Core/Src/ApplicationCode.o
 .debug_macro   0x000208bc       0xd6 ./Core/Src/ApplicationCode.o
 .debug_macro   0x00020992      0x198 ./Core/Src/ApplicationCode.o
 .debug_macro   0x00020b2a       0xd6 ./Core/Src/ApplicationCode.o
 .debug_macro   0x00020c00      0x127 ./Core/Src/ApplicationCode.o
 .debug_macro   0x00020d27       0xe2 ./Core/Src/ApplicationCode.o
 .debug_macro   0x00020e09       0x89 ./Core/Src/ApplicationCode.o
 .debug_macro   0x00020e92       0xa4 ./Core/Src/ApplicationCode.o
 .debug_macro   0x00020f36      0x225 ./Core/Src/ApplicationCode.o
 .debug_macro   0x0002115b      0x8ed ./Core/Src/ApplicationCode.o
 .debug_macro   0x00021a48       0x4d ./Core/Src/ApplicationCode.o
 .debug_macro   0x00021a95      0x134 ./Core/Src/ApplicationCode.o
 .debug_macro   0x00021bc9      0x332 ./Core/Src/ApplicationCode.o
 .debug_macro   0x00021efb       0x22 ./Core/Src/ApplicationCode.o
 .debug_macro   0x00021f1d      0x173 ./Core/Src/ApplicationCode.o
 .debug_macro   0x00022090       0x88 ./Core/Src/ApplicationCode.o
 .debug_macro   0x00022118       0x34 ./Core/Src/ApplicationCode.o
 .debug_macro   0x0002214c       0x2a ./Core/Src/ApplicationCode.o
 .debug_macro   0x00022176       0x61 ./Core/Src/ApplicationCode.o
 .debug_macro   0x000221d7       0x43 ./Core/Src/ApplicationCode.o
 .debug_macro   0x0002221a       0x34 ./Core/Src/ApplicationCode.o
 .debug_macro   0x0002224e       0x16 ./Core/Src/ApplicationCode.o
 .debug_macro   0x00022264       0x35 ./Core/Src/ApplicationCode.o
 .debug_macro   0x00022299       0x16 ./Core/Src/ApplicationCode.o
 .debug_macro   0x000222af       0x43 ./Core/Src/ApplicationCode.o
 .debug_macro   0x000222f2       0x34 ./Core/Src/ApplicationCode.o
 .debug_macro   0x00022326       0x10 ./Core/Src/ApplicationCode.o
 .debug_macro   0x00022336       0x58 ./Core/Src/ApplicationCode.o
 .debug_macro   0x0002238e       0x8e ./Core/Src/ApplicationCode.o
 .debug_macro   0x0002241c       0x1c ./Core/Src/ApplicationCode.o
 .debug_macro   0x00022438      0x177 ./Core/Src/ApplicationCode.o
 .debug_macro   0x000225af      0x369 ./Core/Src/ApplicationCode.o
 .debug_macro   0x00022918       0x16 ./Core/Src/ApplicationCode.o
 .debug_macro   0x0002292e       0x29 ./Core/Src/ApplicationCode.o
 .debug_macro   0x00022957       0x1c ./Core/Src/ApplicationCode.o
 .debug_macro   0x00022973       0x16 ./Core/Src/ApplicationCode.o
 .debug_macro   0x00022989       0x1c ./Core/Src/ApplicationCode.o
 .debug_macro   0x000229a5       0x10 ./Core/Src/ApplicationCode.o
 .debug_macro   0x000229b5       0x1c ./Core/Src/ApplicationCode.o
 .debug_macro   0x000229d1       0x16 ./Core/Src/ApplicationCode.o
 .debug_macro   0x000229e7      0x146 ./Core/Src/ApplicationCode.o
 .debug_macro   0x00022b2d       0x34 ./Core/Src/ApplicationCode.o
 .debug_macro   0x00022b61      0x2f8 ./Core/Src/Button_Driver.o
 .debug_macro   0x00022e59      0x21a ./Core/Src/InterruptControl.o
 .debug_macro   0x00023073       0x2e ./Core/Src/InterruptControl.o
 .debug_macro   0x000230a1      0x245 ./Core/Src/LCD_Driver.o
 .debug_macro   0x000232e6       0x72 ./Core/Src/Scheduler.o
 .debug_macro   0x00023358       0x10 ./Core/Src/Scheduler.o
 .debug_macro   0x00023368       0x6d ./Core/Src/fonts.o
 .debug_macro   0x000233d5      0x21a ./Core/Src/ili9341.o
 .debug_macro   0x000235ef      0x32c ./Core/Src/ili9341.o
 .debug_macro   0x0002391b      0x37e ./Core/Src/main.o
 .debug_macro   0x00023c99      0x4c8 ./Core/Src/main.o
 .debug_macro   0x00024161      0x21a ./Core/Src/stm32f4xx_hal_msp.o
 .debug_macro   0x0002437b      0x224 ./Core/Src/stm32f4xx_it.o
 .debug_macro   0x0002459f      0x235 ./Core/Src/stmpe811.o
 .debug_macro   0x000247d4      0x274 ./Core/Src/syscalls.o
 .debug_macro   0x00024a48       0x5b ./Core/Src/syscalls.o
 .debug_macro   0x00024aa3       0x94 ./Core/Src/syscalls.o
 .debug_macro   0x00024b37       0x57 ./Core/Src/syscalls.o
 .debug_macro   0x00024b8e       0x10 ./Core/Src/syscalls.o
 .debug_macro   0x00024b9e       0x10 ./Core/Src/syscalls.o
 .debug_macro   0x00024bae       0x10 ./Core/Src/syscalls.o
 .debug_macro   0x00024bbe       0x10 ./Core/Src/syscalls.o
 .debug_macro   0x00024bce       0x1c ./Core/Src/syscalls.o
 .debug_macro   0x00024bea       0x52 ./Core/Src/syscalls.o
 .debug_macro   0x00024c3c       0x22 ./Core/Src/syscalls.o
 .debug_macro   0x00024c5e       0x10 ./Core/Src/syscalls.o
 .debug_macro   0x00024c6e       0x52 ./Core/Src/syscalls.o
 .debug_macro   0x00024cc0       0xcf ./Core/Src/syscalls.o
 .debug_macro   0x00024d8f       0x1c ./Core/Src/syscalls.o
 .debug_macro   0x00024dab       0x3d ./Core/Src/syscalls.o
 .debug_macro   0x00024de8       0x35 ./Core/Src/syscalls.o
 .debug_macro   0x00024e1d      0x12c ./Core/Src/syscalls.o
 .debug_macro   0x00024f49       0x10 ./Core/Src/syscalls.o
 .debug_macro   0x00024f59      0x242 ./Core/Src/syscalls.o
 .debug_macro   0x0002519b       0x10 ./Core/Src/syscalls.o
 .debug_macro   0x000251ab      0x18a ./Core/Src/syscalls.o
 .debug_macro   0x00025335       0x16 ./Core/Src/syscalls.o
 .debug_macro   0x0002534b       0xce ./Core/Src/syscalls.o
 .debug_macro   0x00025419      0x20b ./Core/Src/system_stm32f4xx.o
 .debug_macro   0x00025624      0x26b ./Drivers/STM32F4xx_HAL_Driver/Src/stm32f4xx_hal.o
 .debug_macro   0x0002588f      0x20b ./Drivers/STM32F4xx_HAL_Driver/Src/stm32f4xx_hal_cortex.o
 .debug_macro   0x00025a9a      0x211 ./Drivers/STM32F4xx_HAL_Driver/Src/stm32f4xx_hal_gpio.o
 .debug_macro   0x00025cab      0x259 ./Drivers/STM32F4xx_HAL_Driver/Src/stm32f4xx_hal_i2c.o
 .debug_macro   0x00025f04      0x213 ./Drivers/STM32F4xx_HAL_Driver/Src/stm32f4xx_hal_ltdc.o
 .debug_macro   0x00026117      0x22f ./Drivers/STM32F4xx_HAL_Driver/Src/stm32f4xx_hal_rcc.o
 .debug_macro   0x00026346      0x20b ./Drivers/STM32F4xx_HAL_Driver/Src/stm32f4xx_hal_rcc_ex.o
 .debug_macro   0x00026551      0x21a ./Drivers/STM32F4xx_HAL_Driver/Src/stm32f4xx_hal_spi.o

.debug_line     0x00000000    0x12c0c
 .debug_line    0x00000000      0xd98 ./Core/Src/ApplicationCode.o
 .debug_line    0x00000d98      0x964 ./Core/Src/Button_Driver.o
 .debug_line    0x000016fc      0x831 ./Core/Src/InterruptControl.o
 .debug_line    0x00001f2d      0xc1e ./Core/Src/LCD_Driver.o
 .debug_line    0x00002b4b      0x458 ./Core/Src/Scheduler.o
 .debug_line    0x00002fa3      0x40a ./Core/Src/fonts.o
 .debug_line    0x000033ad      0xa02 ./Core/Src/ili9341.o
 .debug_line    0x00003daf      0xd17 ./Core/Src/main.o
 .debug_line    0x00004ac6      0x9c0 ./Core/Src/stm32f4xx_hal_msp.o
 .debug_line    0x00005486      0x883 ./Core/Src/stm32f4xx_it.o
 .debug_line    0x00005d09      0xbd5 ./Core/Src/stmpe811.o
 .debug_line    0x000068de      0x8a8 ./Core/Src/syscalls.o
 .debug_line    0x00007186      0x845 ./Core/Src/system_stm32f4xx.o
 .debug_line    0x000079cb       0x7a ./Core/Startup/startup_stm32f429zitx.o
 .debug_line    0x00007a45      0xae4 ./Drivers/STM32F4xx_HAL_Driver/Src/stm32f4xx_hal.o
 .debug_line    0x00008529      0xda0 ./Drivers/STM32F4xx_HAL_Driver/Src/stm32f4xx_hal_cortex.o
 .debug_line    0x000092c9      0xc62 ./Drivers/STM32F4xx_HAL_Driver/Src/stm32f4xx_hal_gpio.o
 .debug_line    0x00009f2b     0x3bf4 ./Drivers/STM32F4xx_HAL_Driver/Src/stm32f4xx_hal_i2c.o
 .debug_line    0x0000db1f     0x1865 ./Drivers/STM32F4xx_HAL_Driver/Src/stm32f4xx_hal_ltdc.o
 .debug_line    0x0000f384      0xe39 ./Drivers/STM32F4xx_HAL_Driver/Src/stm32f4xx_hal_rcc.o
 .debug_line    0x000101bd      0xc83 ./Drivers/STM32F4xx_HAL_Driver/Src/stm32f4xx_hal_rcc_ex.o
 .debug_line    0x00010e40     0x1dcc ./Drivers/STM32F4xx_HAL_Driver/Src/stm32f4xx_hal_spi.o

.debug_str      0x00000000    0xe1955
 .debug_str     0x00000000    0xdad45 ./Core/Src/ApplicationCode.o
                              0xdb04f (size before relaxing)
 .debug_str     0x000dad45      0x1ff ./Core/Src/Button_Driver.o
                              0xd92f1 (size before relaxing)
 .debug_str     0x000daf44       0x52 ./Core/Src/InterruptControl.o
                              0xd5994 (size before relaxing)
 .debug_str     0x000daf96      0x5a6 ./Core/Src/LCD_Driver.o
                              0xd767a (size before relaxing)
 .debug_str     0x000db53c       0x56 ./Core/Src/Scheduler.o
                               0x3dca (size before relaxing)
 .debug_str     0x000db592       0x40 ./Core/Src/fonts.o
                               0x3d8f (size before relaxing)
 .debug_str     0x000db5d2      0x50d ./Core/Src/ili9341.o
                              0xd6bda (size before relaxing)
 .debug_str     0x000dbadf     0x1782 ./Core/Src/main.o
                              0xdc83b (size before relaxing)
 .debug_str     0x000dd261      0x11e ./Core/Src/stm32f4xx_hal_msp.o
                              0xd77ae (size before relaxing)
 .debug_str     0x000dd37f       0xc9 ./Core/Src/stm32f4xx_it.o
                              0xd67ca (size before relaxing)
 .debug_str     0x000dd448      0x171 ./Core/Src/stmpe811.o
                              0xd6874 (size before relaxing)
 .debug_str     0x000dd5b9     0x1fc0 ./Core/Src/syscalls.o
                               0x98c6 (size before relaxing)
 .debug_str     0x000df579       0xdb ./Core/Src/system_stm32f4xx.o
                              0xd59cc (size before relaxing)
 .debug_str     0x000df654       0x44 ./Core/Startup/startup_stm32f429zitx.o
                                 0x91 (size before relaxing)
 .debug_str     0x000df698      0x631 ./Drivers/STM32F4xx_HAL_Driver/Src/stm32f4xx_hal.o
                              0xd65ef (size before relaxing)
 .debug_str     0x000dfcc9      0x37f ./Drivers/STM32F4xx_HAL_Driver/Src/stm32f4xx_hal_cortex.o
                              0xd631d (size before relaxing)
 .debug_str     0x000e0048       0xf3 ./Drivers/STM32F4xx_HAL_Driver/Src/stm32f4xx_hal_gpio.o
                              0xd5b47 (size before relaxing)
 .debug_str     0x000e013b      0xb24 ./Drivers/STM32F4xx_HAL_Driver/Src/stm32f4xx_hal_i2c.o
                              0xd69dc (size before relaxing)
 .debug_str     0x000e0c5f      0x491 ./Drivers/STM32F4xx_HAL_Driver/Src/stm32f4xx_hal_ltdc.o
                              0xd6030 (size before relaxing)
 .debug_str     0x000e10f0      0x213 ./Drivers/STM32F4xx_HAL_Driver/Src/stm32f4xx_hal_rcc.o
                              0xd5e00 (size before relaxing)
 .debug_str     0x000e1303      0x133 ./Drivers/STM32F4xx_HAL_Driver/Src/stm32f4xx_hal_rcc_ex.o
                              0xd5bc7 (size before relaxing)
 .debug_str     0x000e1436      0x51f ./Drivers/STM32F4xx_HAL_Driver/Src/stm32f4xx_hal_spi.o
                              0xd6277 (size before relaxing)

.comment        0x00000000       0x43
 .comment       0x00000000       0x43 ./Core/Src/ApplicationCode.o
                                 0x44 (size before relaxing)
 .comment       0x00000043       0x44 ./Core/Src/Button_Driver.o
 .comment       0x00000043       0x44 ./Core/Src/InterruptControl.o
 .comment       0x00000043       0x44 ./Core/Src/LCD_Driver.o
 .comment       0x00000043       0x44 ./Core/Src/Scheduler.o
 .comment       0x00000043       0x44 ./Core/Src/fonts.o
 .comment       0x00000043       0x44 ./Core/Src/ili9341.o
 .comment       0x00000043       0x44 ./Core/Src/main.o
 .comment       0x00000043       0x44 ./Core/Src/stm32f4xx_hal_msp.o
 .comment       0x00000043       0x44 ./Core/Src/stm32f4xx_it.o
 .comment       0x00000043       0x44 ./Core/Src/stmpe811.o
 .comment       0x00000043       0x44 ./Core/Src/syscalls.o
 .comment       0x00000043       0x44 ./Core/Src/system_stm32f4xx.o
 .comment       0x00000043       0x44 ./Drivers/STM32F4xx_HAL_Driver/Src/stm32f4xx_hal.o
 .comment       0x00000043       0x44 ./Drivers/STM32F4xx_HAL_Driver/Src/stm32f4xx_hal_cortex.o
 .comment       0x00000043       0x44 ./Drivers/STM32F4xx_HAL_Driver/Src/stm32f4xx_hal_gpio.o
 .comment       0x00000043       0x44 ./Drivers/STM32F4xx_HAL_Driver/Src/stm32f4xx_hal_i2c.o
 .comment       0x00000043       0x44 ./Drivers/STM32F4xx_HAL_Driver/Src/stm32f4xx_hal_ltdc.o
 .comment       0x00000043       0x44 ./Drivers/STM32F4xx_HAL_Driver/Src/stm32f4xx_hal_rcc.o
 .comment       0x00000043       0x44 ./Drivers/STM32F4xx_HAL_Driver/Src/stm32f4xx_hal_rcc_ex.o
 .comment       0x00000043       0x44 ./Drivers/STM32F4xx_HAL_Driver/Src/stm32f4xx_hal_spi.o

.debug_frame    0x00000000     0x3980
 .debug_frame   0x00000000      0x138 ./Core/Src/ApplicationCode.o
 .debug_frame   0x00000138       0x58 ./Core/Src/Button_Driver.o
 .debug_frame   0x00000190       0xb0 ./Core/Src/InterruptControl.o
 .debug_frame   0x00000240      0x2fc ./Core/Src/LCD_Driver.o
 .debug_frame   0x0000053c       0x80 ./Core/Src/Scheduler.o
 .debug_frame   0x000005bc      0x228 ./Core/Src/ili9341.o
 .debug_frame   0x000007e4      0x134 ./Core/Src/main.o
 .debug_frame   0x00000918      0x1b0 ./Core/Src/stm32f4xx_hal_msp.o
 .debug_frame   0x00000ac8      0x104 ./Core/Src/stm32f4xx_it.o
 .debug_frame   0x00000bcc      0x204 ./Core/Src/stmpe811.o
 .debug_frame   0x00000dd0      0x2ac ./Core/Src/syscalls.o
 .debug_frame   0x0000107c       0x58 ./Core/Src/system_stm32f4xx.o
 .debug_frame   0x000010d4      0x3b4 ./Drivers/STM32F4xx_HAL_Driver/Src/stm32f4xx_hal.o
 .debug_frame   0x00001488      0x508 ./Drivers/STM32F4xx_HAL_Driver/Src/stm32f4xx_hal_cortex.o
 .debug_frame   0x00001990      0x14c ./Drivers/STM32F4xx_HAL_Driver/Src/stm32f4xx_hal_gpio.o
 .debug_frame   0x00001adc      0xc84 ./Drivers/STM32F4xx_HAL_Driver/Src/stm32f4xx_hal_i2c.o
 .debug_frame   0x00002760      0x61c ./Drivers/STM32F4xx_HAL_Driver/Src/stm32f4xx_hal_ltdc.o
 .debug_frame   0x00002d7c      0x1f4 ./Drivers/STM32F4xx_HAL_Driver/Src/stm32f4xx_hal_rcc.o
 .debug_frame   0x00002f70      0x13c ./Drivers/STM32F4xx_HAL_Driver/Src/stm32f4xx_hal_rcc_ex.o
 .debug_frame   0x000030ac      0x828 ./Drivers/STM32F4xx_HAL_Driver/Src/stm32f4xx_hal_spi.o
 .debug_frame   0x000038d4       0x20 C:/ST/STM32CubeIDE_1.17.0/STM32CubeIDE/plugins/com.st.stm32cube.ide.mcu.externaltools.gnu-tools-for-stm32.12.3.rel1.win32_1.1.0.202410251130/tools/bin/../lib/gcc/arm-none-eabi/12.3.1/../../../../arm-none-eabi/lib/thumb/v7e-m+fp/hard\libc_nano.a(libc_a-memset.o)
 .debug_frame   0x000038f4       0x2c C:/ST/STM32CubeIDE_1.17.0/STM32CubeIDE/plugins/com.st.stm32cube.ide.mcu.externaltools.gnu-tools-for-stm32.12.3.rel1.win32_1.1.0.202410251130/tools/bin/../lib/gcc/arm-none-eabi/12.3.1/../../../../arm-none-eabi/lib/thumb/v7e-m+fp/hard\libc_nano.a(libc_a-init.o)
 .debug_frame   0x00003920       0x2c C:/ST/STM32CubeIDE_1.17.0/STM32CubeIDE/plugins/com.st.stm32cube.ide.mcu.externaltools.gnu-tools-for-stm32.12.3.rel1.win32_1.1.0.202410251130/tools/bin/../lib/gcc/arm-none-eabi/12.3.1/thumb/v7e-m+fp/hard\libgcc.a(_aeabi_uldivmod.o)
 .debug_frame   0x0000394c       0x34 C:/ST/STM32CubeIDE_1.17.0/STM32CubeIDE/plugins/com.st.stm32cube.ide.mcu.externaltools.gnu-tools-for-stm32.12.3.rel1.win32_1.1.0.202410251130/tools/bin/../lib/gcc/arm-none-eabi/12.3.1/thumb/v7e-m+fp/hard\libgcc.a(_udivmoddi4.o)

.debug_line_str
                0x00000000       0x75
 .debug_line_str
                0x00000000       0x75 ./Core/Startup/startup_stm32f429zitx.o
