../Core/Src/ApplicationCode.c:35:6:ApplicationInit	8	static
../Core/Src/ApplicationCode.c:53:6:game_init	16	static
../Core/Src/ApplicationCode.c:65:6:update_game_board	16	static
../Core/Src/ApplicationCode.c:98:5:check_for_win	24	static
../Core/Src/ApplicationCode.c:231:6:LCD_Visual_Demo	8	static
../Core/Src/ApplicationCode.c:238:5:LCD_Touch_Move_Chip	8	static
../Core/Src/ApplicationCode.c:272:6:EXTI0_IRQHandler	8	static
../Core/Src/ApplicationCode.c:283:6:LCD_Touch_Player_Count	8	static
../Core/Src/ApplicationCode.c:313:6:LCD_PrintBoard	32	static
