../Core/Src/ApplicationCode.c:67:6:ApplicationInit	8	static
../Core/Src/ApplicationCode.c:87:6:RNG_Init	8	static
../Core/Src/ApplicationCode.c:93:6:displayTime	104	static
../Core/Src/ApplicationCode.c:198:6:game_init	16	static
../Core/Src/ApplicationCode.c:211:6:update_game_board	16	static
../Core/Src/ApplicationCode.c:245:5:check_for_win	24	static
../Core/Src/ApplicationCode.c:409:6:LCD_Visual_Demo	8	static
../Core/Src/ApplicationCode.c:416:6:onePlayerMode	16	static
../Core/Src/ApplicationCode.c:440:5:LCD_Touch_Move_Chip	16	static
../Core/Src/ApplicationCode.c:478:6:EXTI0_IRQHandler	8	static
../Core/Src/ApplicationCode.c:490:6:LCD_Touch_Player_Count	8	static
../Core/Src/ApplicationCode.c:522:6:LCD_PrintBoard	32	static
../Core/Src/ApplicationCode.c:566:6:getGameState	4	static
../Core/Src/ApplicationCode.c:571:6:resetGame	24	static
